
Allocating common symbols
Common symbol       size              file

table_head          0x8               /tmp/ccxg36ci.o

Discarded input sections

 .note.GNU-stack
                0x0000000000000000        0x0 /usr/lib/gcc/x86_64-redhat-linux/4.4.7/../../../../lib64/crti.o
 .note.GNU-stack
                0x0000000000000000        0x0 /usr/lib/gcc/x86_64-redhat-linux/4.4.7/crtbeginS.o
 .note.GNU-stack
                0x0000000000000000        0x0 /tmp/ccxg36ci.o
 .note.GNU-stack
                0x0000000000000000        0x0 /tmp/ccaMbJqt.o
 .note.GNU-stack
                0x0000000000000000        0x0 /tmp/ccNbEOQE.o
 .note.GNU-stack
                0x0000000000000000        0x0 /tmp/ccoaAUmQ.o
 .note.GNU-stack
                0x0000000000000000        0x0 /usr/lib/gcc/x86_64-redhat-linux/4.4.7/crtendS.o
 .note.GNU-stack
                0x0000000000000000        0x0 /usr/lib/gcc/x86_64-redhat-linux/4.4.7/../../../../lib64/crtn.o

Memory Configuration

Name             Origin             Length             Attributes
*default*        0x0000000000000000 0xffffffffffffffff

Linker script and memory map

LOAD /usr/lib/gcc/x86_64-redhat-linux/4.4.7/../../../../lib64/crti.o
LOAD /usr/lib/gcc/x86_64-redhat-linux/4.4.7/crtbeginS.o
LOAD /tmp/ccxg36ci.o
LOAD /tmp/ccaMbJqt.o
LOAD /tmp/ccNbEOQE.o
LOAD /tmp/ccoaAUmQ.o
LOAD /usr/lib/gcc/x86_64-redhat-linux/4.4.7/../../../../lib64/libelf.so
LOAD /usr/lib/gcc/x86_64-redhat-linux/4.4.7/libgcc.a
LOAD /usr/lib/gcc/x86_64-redhat-linux/4.4.7/libgcc_s.so
LOAD /usr/lib/gcc/x86_64-redhat-linux/4.4.7/../../../../lib64/libc.so
START GROUP
LOAD /lib64/libc.so.6
LOAD /usr/lib64/libc_nonshared.a
LOAD /lib64/ld-linux-x86-64.so.2
END GROUP
LOAD /usr/lib/gcc/x86_64-redhat-linux/4.4.7/libgcc.a
LOAD /usr/lib/gcc/x86_64-redhat-linux/4.4.7/libgcc_s.so
LOAD /usr/lib/gcc/x86_64-redhat-linux/4.4.7/crtendS.o
LOAD /usr/lib/gcc/x86_64-redhat-linux/4.4.7/../../../../lib64/crtn.o
                0x0000000000000190                . = (0x0 + SIZEOF_HEADERS)

.note.gnu.build-id
                0x0000000000000190       0x24
 *(.note.gnu.build-id)
 .note.gnu.build-id
                0x0000000000000190       0x24 /usr/lib/gcc/x86_64-redhat-linux/4.4.7/../../../../lib64/crti.o

.hash
 *(.hash)

.gnu.hash       0x00000000000001b8      0x2b4
 *(.gnu.hash)
 .gnu.hash      0x00000000000001b8      0x2b4 /usr/lib/gcc/x86_64-redhat-linux/4.4.7/../../../../lib64/crti.o

.dynsym         0x0000000000000470      0xa38
 *(.dynsym)
 .dynsym        0x0000000000000470      0xa38 /usr/lib/gcc/x86_64-redhat-linux/4.4.7/../../../../lib64/crti.o

.dynstr         0x0000000000000ea8      0x330
 *(.dynstr)
 .dynstr        0x0000000000000ea8      0x330 /usr/lib/gcc/x86_64-redhat-linux/4.4.7/../../../../lib64/crti.o

.gnu.version    0x00000000000011d8       0xda
 *(.gnu.version)
 .gnu.version   0x00000000000011d8       0xda /usr/lib/gcc/x86_64-redhat-linux/4.4.7/../../../../lib64/crti.o

.gnu.version_d  0x00000000000012b8        0x0 load address 0x00000000000012b2
 *(.gnu.version_d)
 .gnu.version_d
                0x0000000000000000        0x0 /usr/lib/gcc/x86_64-redhat-linux/4.4.7/../../../../lib64/crti.o

.gnu.version_r  0x00000000000012b8       0x50
 *(.gnu.version_r)
 .gnu.version_r
                0x00000000000012b8       0x50 /usr/lib/gcc/x86_64-redhat-linux/4.4.7/../../../../lib64/crti.o

.rela.dyn       0x0000000000001308       0x90
 *(.rela.init)
 *(.rela.text .rela.text.* .rela.gnu.linkonce.t.*)
 .rela.text     0x0000000000000000        0x0 /usr/lib/gcc/x86_64-redhat-linux/4.4.7/../../../../lib64/crti.o
 *(.rela.fini)
 *(.rela.rodata .rela.rodata.* .rela.gnu.linkonce.r.*)
 *(.rela.data .rela.data.* .rela.gnu.linkonce.d.*)
 .rela.data.rel.ro
                0x0000000000001308       0x18 /usr/lib/gcc/x86_64-redhat-linux/4.4.7/../../../../lib64/crti.o
 *(.rela.tdata .rela.tdata.* .rela.gnu.linkonce.td.*)
 *(.rela.tbss .rela.tbss.* .rela.gnu.linkonce.tb.*)
 *(.rela.ctors)
 *(.rela.dtors)
 *(.rela.got)
 .rela.got      0x0000000000001320       0x78 /usr/lib/gcc/x86_64-redhat-linux/4.4.7/../../../../lib64/crti.o
 *(.rela.sharable_data .rela.sharable_data.* .rela.gnu.linkonce.shrd.*)
 *(.rela.sharable_bss .rela.sharable_bss.* .rela.gnu.linkonce.shrb.*)
 *(.rela.bss .rela.bss.* .rela.gnu.linkonce.b.*)
 *(.rela.ldata .rela.ldata.* .rela.gnu.linkonce.l.*)
 *(.rela.lbss .rela.lbss.* .rela.gnu.linkonce.lb.*)
 *(.rela.lrodata .rela.lrodata.* .rela.gnu.linkonce.lr.*)
 *(.rela.ifunc)
 .rela.ifunc    0x0000000000000000        0x0 /usr/lib/gcc/x86_64-redhat-linux/4.4.7/../../../../lib64/crti.o

.rela.plt       0x0000000000001398      0x810
 *(.rela.plt)
 .rela.plt      0x0000000000001398      0x810 /usr/lib/gcc/x86_64-redhat-linux/4.4.7/../../../../lib64/crti.o
 *(.rela.iplt)

.init           0x0000000000001ba8       0x18
 *(.init)
 .init          0x0000000000001ba8        0x9 /usr/lib/gcc/x86_64-redhat-linux/4.4.7/../../../../lib64/crti.o
                0x0000000000001ba8                _init
 .init          0x0000000000001bb1        0x5 /usr/lib/gcc/x86_64-redhat-linux/4.4.7/crtbeginS.o
 .init          0x0000000000001bb6        0x5 /usr/lib/gcc/x86_64-redhat-linux/4.4.7/crtendS.o
 .init          0x0000000000001bbb        0x5 /usr/lib/gcc/x86_64-redhat-linux/4.4.7/../../../../lib64/crtn.o

.plt            0x0000000000001bc0      0x570
 *(.plt)
 .plt           0x0000000000001bc0      0x570 /usr/lib/gcc/x86_64-redhat-linux/4.4.7/../../../../lib64/crti.o
 *(.iplt)

.text           0x0000000000002130     0x3288
 *(.text.unlikely .text.*_unlikely)
 *(.text .stub .text.* .gnu.linkonce.t.*)
 .text          0x0000000000002130       0x17 /usr/lib/gcc/x86_64-redhat-linux/4.4.7/../../../../lib64/crti.o
 *fill*         0x0000000000002147        0x9 90909090
 .text          0x0000000000002150       0xaa /usr/lib/gcc/x86_64-redhat-linux/4.4.7/crtbeginS.o
 *fill*         0x00000000000021fa        0x2 90909090
 .text          0x00000000000021fc      0x1a9 /tmp/ccxg36ci.o
                0x0000000000002239                main
 *fill*         0x00000000000023a5        0x3 90909090
 .text          0x00000000000023a8      0x9ec /tmp/ccaMbJqt.o
                0x00000000000023a8                inst_fetch
                0x000000000000243f                inst_exe
 .text          0x0000000000002d94     0x202a /tmp/ccNbEOQE.o
                0x0000000000002d94                sext64
                0x0000000000002dd9                sext32
                0x0000000000002e0c                imm_sext12
                0x0000000000002e44                mulhu_f
                0x0000000000002f13                mulh_f
                0x0000000000002fa7                mulhsu_f
                0x0000000000003018                _lui
                0x0000000000003054                _auipc
                0x000000000000308e                _jal
                0x000000000000311e                _jalr
                0x000000000000318b                _beq
                0x000000000000322f                _bne
                0x00000000000032d3                _blt
                0x000000000000337a                _bge
                0x0000000000003421                _bltu
                0x00000000000034c5                _bgeu
                0x0000000000003569                _lb
                0x000000000000361c                _lh
                0x0000000000003719                _lw
                0x000000000000383a                _lbu
                0x0000000000003896                _lhu
                0x0000000000003937                _sb
                0x00000000000039bb                _sh
                0x0000000000003ac1                _sw
                0x0000000000003ccb                _addi
                0x0000000000003d26                _slti
                0x0000000000003d89                _sltiu
                0x0000000000003de9                _xori
                0x0000000000003e46                _ori
                0x0000000000003ea3                _andi
                0x0000000000003f00                _slli
                0x0000000000003f54                _srli
                0x0000000000003fa8                _srai
                0x0000000000003ffd                _add
                0x0000000000004051                _sub
                0x00000000000040a5                _sll
                0x0000000000004109                _slt
                0x0000000000004166                _sltu
                0x00000000000041c0                _xor
                0x0000000000004214                _srl
                0x0000000000004278                _sra
                0x00000000000042dd                _or
                0x0000000000004331                _and
                0x0000000000004385                _fence
                0x00000000000043aa                _fence_i
                0x00000000000043cf                _ecall
                0x00000000000043f4                _ebreak
                0x0000000000004419                _csrrw
                0x000000000000443e                _csrrs
                0x0000000000004463                _csrrc
                0x0000000000004488                _csrrwi
                0x00000000000044ad                _csrrsi
                0x00000000000044d2                _csrrci
                0x00000000000044f7                _mul
                0x000000000000454c                _mulh
                0x00000000000045b6                _mulhsu
                0x000000000000461d                _mulhu
                0x0000000000004681                _div
                0x00000000000046e4                _divu
                0x0000000000004745                _rem
                0x00000000000047a9                _remu
                0x0000000000004805                _addw
                0x000000000000486a                _subw
                0x00000000000048d4                _sllw
                0x000000000000494a                _srlw
                0x00000000000049be                _sraw
                0x0000000000004a32                _mulw
                0x0000000000004a97                _divw
                0x0000000000004b02                _divuw
                0x0000000000004b6d                _remw
                0x0000000000004bd8                _remuw
                0x0000000000004c43                _addiw
                0x0000000000004ca6                _slliw
                0x0000000000004d04                _srliw
                0x0000000000004d61                _sraiw
 *fill*         0x0000000000004dbe        0x2 90909090
 .text          0x0000000000004dc0      0x5b6 /tmp/ccoaAUmQ.o
                0x0000000000004dc0                init_proc
 *fill*         0x0000000000005376        0xa 90909090
 .text          0x0000000000005380       0x36 /usr/lib/gcc/x86_64-redhat-linux/4.4.7/crtendS.o
 *fill*         0x00000000000053b6        0x2 90909090
 .text          0x00000000000053b8        0x0 /usr/lib/gcc/x86_64-redhat-linux/4.4.7/../../../../lib64/crtn.o
 *(.gnu.warning)

.fini           0x00000000000053b8        0xe
 *(.fini)
 .fini          0x00000000000053b8        0x4 /usr/lib/gcc/x86_64-redhat-linux/4.4.7/../../../../lib64/crti.o
                0x00000000000053b8                _fini
 .fini          0x00000000000053bc        0x5 /usr/lib/gcc/x86_64-redhat-linux/4.4.7/crtbeginS.o
 .fini          0x00000000000053c1        0x5 /usr/lib/gcc/x86_64-redhat-linux/4.4.7/../../../../lib64/crtn.o
                0x00000000000053c6                PROVIDE (__etext, .)
                0x00000000000053c6                PROVIDE (_etext, .)
                0x00000000000053c6                PROVIDE (etext, .)

.rodata         0x00000000000053c8      0x574
 *(.rodata .rodata.* .gnu.linkonce.r.*)
 .rodata        0x00000000000053c8       0x35 /tmp/ccxg36ci.o
 *fill*         0x00000000000053fd        0x3 00
 .rodata        0x0000000000005400      0x47c /tmp/ccaMbJqt.o
 .rodata        0x000000000000587c       0x19 /tmp/ccNbEOQE.o
 .rodata        0x0000000000005895       0xa7 /tmp/ccoaAUmQ.o

.rodata1
 *(.rodata1)

.eh_frame_hdr   0x000000000000593c      0x28c
 *(.eh_frame_hdr)
 .eh_frame_hdr  0x000000000000593c      0x28c /tmp/ccxg36ci.o

.eh_frame       0x0000000000005bc8      0xb5c
 *(.eh_frame)
 .eh_frame      0x0000000000005bc8       0x60 /tmp/ccxg36ci.o
 .eh_frame      0x0000000000005c28       0x40 /tmp/ccaMbJqt.o
                                         0x58 (size before relaxing)
 .eh_frame      0x0000000000005c68      0xa98 /tmp/ccNbEOQE.o
                                        0x9f0 (size before relaxing)
 .eh_frame      0x0000000000006700       0x20 /tmp/ccoaAUmQ.o
                                         0x38 (size before relaxing)
 .eh_frame      0x0000000000006720        0x4 /usr/lib/gcc/x86_64-redhat-linux/4.4.7/crtendS.o

.gcc_except_table
 *(.gcc_except_table .gcc_except_table.*)
                0x0000000000006724                . = (ALIGN (0x200000) - ((0x200000 - .) & 0x1fffff))
                0x0000000000206724                . = (0x200000 DATA_SEGMENT_ALIGN 0x1000)

.eh_frame
 *(.eh_frame)

.gcc_except_table
 *(.gcc_except_table .gcc_except_table.*)

.tdata
 *(.tdata .tdata.* .gnu.linkonce.td.*)

.tbss
 *(.tbss .tbss.* .gnu.linkonce.tb.*)
 *(.tcommon)

.preinit_array
 *(.preinit_array)

.init_array
 *(SORT(.init_array.*))
 *(.init_array)

.fini_array
 *(.fini_array)
 *(SORT(.fini_array.*))

.ctors          0x0000000000206728       0x10
 *crtbegin.o(.ctors)
 *crtbegin?.o(.ctors)
 .ctors         0x0000000000206728        0x8 /usr/lib/gcc/x86_64-redhat-linux/4.4.7/crtbeginS.o
 *(EXCLUDE_FILE(*crtend?.o *crtend.o) .ctors)
 *(SORT(.ctors.*))
 *(.ctors)
 .ctors         0x0000000000206730        0x8 /usr/lib/gcc/x86_64-redhat-linux/4.4.7/crtendS.o

.dtors          0x0000000000206738       0x10
 *crtbegin.o(.dtors)
 *crtbegin?.o(.dtors)
 .dtors         0x0000000000206738        0x8 /usr/lib/gcc/x86_64-redhat-linux/4.4.7/crtbeginS.o
 *(EXCLUDE_FILE(*crtend?.o *crtend.o) .dtors)
 *(SORT(.dtors.*))
 *(.dtors)
 .dtors         0x0000000000206740        0x8 /usr/lib/gcc/x86_64-redhat-linux/4.4.7/crtendS.o
                0x0000000000206740                __DTOR_END__

.jcr            0x0000000000206748        0x8
 *(.jcr)
 .jcr           0x0000000000206748        0x0 /usr/lib/gcc/x86_64-redhat-linux/4.4.7/crtbeginS.o
 .jcr           0x0000000000206748        0x8 /usr/lib/gcc/x86_64-redhat-linux/4.4.7/crtendS.o

.data.rel.ro    0x0000000000206750        0x8
 *(.data.rel.ro.local* .gnu.linkonce.d.rel.ro.local.*)
 *(.data.rel.ro* .gnu.linkonce.d.rel.ro.*)
 .data.rel.ro   0x0000000000206750        0x8 /usr/lib/gcc/x86_64-redhat-linux/4.4.7/crtbeginS.o
                0x0000000000206750                __dso_handle

.dynamic        0x0000000000206758      0x190
 *(.dynamic)
 .dynamic       0x0000000000206758      0x190 /usr/lib/gcc/x86_64-redhat-linux/4.4.7/../../../../lib64/crti.o
                0x0000000000206758                _DYNAMIC

.got            0x00000000002068e8       0x28
 *(.got)
 .got           0x00000000002068e8       0x28 /usr/lib/gcc/x86_64-redhat-linux/4.4.7/../../../../lib64/crti.o
 *(.igot)
                0x0000000000206910                . = (. DATA_SEGMENT_RELRO_END 0x18)

.got.plt        0x0000000000206910      0x2c8
 *(.got.plt)
 .got.plt       0x0000000000206910      0x2c8 /usr/lib/gcc/x86_64-redhat-linux/4.4.7/../../../../lib64/crti.o
                0x0000000000206910                _GLOBAL_OFFSET_TABLE_
 *(.igot.plt)

.data           0x0000000000206bd8        0x0
 *(.data .data.* .gnu.linkonce.d.*)
 .data          0x0000000000206bd8        0x0 /usr/lib/gcc/x86_64-redhat-linux/4.4.7/../../../../lib64/crti.o
 .data          0x0000000000206bd8        0x0 /usr/lib/gcc/x86_64-redhat-linux/4.4.7/crtbeginS.o
 .data          0x0000000000206bd8        0x0 /tmp/ccxg36ci.o
 .data          0x0000000000206bd8        0x0 /tmp/ccaMbJqt.o
 .data          0x0000000000206bd8        0x0 /tmp/ccNbEOQE.o
 .data          0x0000000000206bd8        0x0 /tmp/ccoaAUmQ.o
 .data          0x0000000000206bd8        0x0 /usr/lib/gcc/x86_64-redhat-linux/4.4.7/crtendS.o
 .data          0x0000000000206bd8        0x0 /usr/lib/gcc/x86_64-redhat-linux/4.4.7/../../../../lib64/crtn.o

.data1
 *(.data1)

.sharable_data  0x0000000000400000        0x0
                0x0000000000400000                PROVIDE (__sharable_data_start, .)
 *(.sharable_data .sharable_data.* .gnu.linkonce.shrd.*)
                0x0000000000400000                . = ALIGN ((. != 0x0)?0x200000:0x1)
                0x0000000000400000                PROVIDE (__sharable_data_end, .)
                0x0000000000400000                _edata = .
                0x0000000000400000                PROVIDE (edata, .)
                0x0000000000400000                __bss_start = .

.bss            0x0000000000206bd8       0x20
 *(.dynbss)
 .dynbss        0x0000000000000000        0x0 /usr/lib/gcc/x86_64-redhat-linux/4.4.7/../../../../lib64/crti.o
 *(.bss .bss.* .gnu.linkonce.b.*)
 .bss           0x0000000000206bd8        0x0 /usr/lib/gcc/x86_64-redhat-linux/4.4.7/../../../../lib64/crti.o
 .bss           0x0000000000206bd8       0x10 /usr/lib/gcc/x86_64-redhat-linux/4.4.7/crtbeginS.o
 .bss           0x0000000000206be8        0x4 /tmp/ccxg36ci.o
                0x0000000000206be8                PA
 .bss           0x0000000000206bec        0x0 /tmp/ccaMbJqt.o
 .bss           0x0000000000206bec        0x0 /tmp/ccNbEOQE.o
 .bss           0x0000000000206bec        0x0 /tmp/ccoaAUmQ.o
 .bss           0x0000000000206bec        0x0 /usr/lib/gcc/x86_64-redhat-linux/4.4.7/crtendS.o
 .bss           0x0000000000206bec        0x0 /usr/lib/gcc/x86_64-redhat-linux/4.4.7/../../../../lib64/crtn.o
 *(COMMON)
 *fill*         0x0000000000206bec        0x4 00
 COMMON         0x0000000000206bf0        0x8 /tmp/ccxg36ci.o
                0x0000000000206bf0                table_head
                0x0000000000206bf8                . = ALIGN ((. != 0x0)?0x8:0x1)

.lbss
 *(.dynlbss)
 *(.lbss .lbss.* .gnu.linkonce.lb.*)
 *(LARGE_COMMON)

.sharable_bss   0x0000000000400000        0x0
                0x0000000000400000                PROVIDE (__sharable_bss_start, .)
 *(.dynsharablebss)
 *(.sharable_bss .sharable_bss.* .gnu.linkonce.shrb.*)
 *(SHARABLE_COMMON)
                0x0000000000400000                . = ALIGN ((. != 0x0)?0x200000:0x1)
                0x0000000000400000                PROVIDE (__sharable_bss_end, .)
                0x0000000000400000                . = ALIGN (0x8)

.lrodata
 *(.lrodata .lrodata.* .gnu.linkonce.lr.*)

.ldata          0x0000000000606bf8        0x0
 *(.ldata .ldata.* .gnu.linkonce.l.*)
                0x0000000000606bf8                . = ALIGN ((. != 0x0)?0x8:0x1)
                0x0000000000606bf8                . = ALIGN (0x8)
                0x0000000000606bf8                _end = .
                0x0000000000606bf8                PROVIDE (end, .)
                0x0000000000606bf8                . = DATA_SEGMENT_END (.)

.stab
 *(.stab)

.stabstr
 *(.stabstr)

.stab.excl
 *(.stab.excl)

.stab.exclstr
 *(.stab.exclstr)

.stab.index
 *(.stab.index)

.stab.indexstr
 *(.stab.indexstr)

.comment        0x0000000000000000       0x2d
 *(.comment)
 .comment       0x0000000000000000       0x2d /usr/lib/gcc/x86_64-redhat-linux/4.4.7/../../../../lib64/crti.o
                                         0x2e (size before relaxing)
 .comment       0x0000000000000000       0x2e /usr/lib/gcc/x86_64-redhat-linux/4.4.7/crtbeginS.o
 .comment       0x0000000000000000       0x2e /tmp/ccxg36ci.o
 .comment       0x0000000000000000       0x2e /tmp/ccaMbJqt.o
 .comment       0x0000000000000000       0x2e /tmp/ccNbEOQE.o
 .comment       0x0000000000000000       0x2e /tmp/ccoaAUmQ.o
 .comment       0x0000000000000000       0x2e /usr/lib/gcc/x86_64-redhat-linux/4.4.7/crtendS.o
 .comment       0x0000000000000000       0x2e /usr/lib/gcc/x86_64-redhat-linux/4.4.7/../../../../lib64/crtn.o

.debug
 *(.debug)

.line
 *(.line)

.debug_srcinfo
 *(.debug_srcinfo)

.debug_sfnames
 *(.debug_sfnames)

.debug_aranges  0x0000000000000000       0xc0
 *(.debug_aranges)
 .debug_aranges
                0x0000000000000000       0x30 /tmp/ccxg36ci.o
 .debug_aranges
                0x0000000000000030       0x30 /tmp/ccaMbJqt.o
 .debug_aranges
                0x0000000000000060       0x30 /tmp/ccNbEOQE.o
 .debug_aranges
                0x0000000000000090       0x30 /tmp/ccoaAUmQ.o

.debug_pubnames
                0x0000000000000000      0x385
 *(.debug_pubnames)
 .debug_pubnames
                0x0000000000000000       0x31 /tmp/ccxg36ci.o
 .debug_pubnames
                0x0000000000000031       0x2e /tmp/ccaMbJqt.o
 .debug_pubnames
                0x000000000000005f      0x306 /tmp/ccNbEOQE.o
 .debug_pubnames
                0x0000000000000365       0x20 /tmp/ccoaAUmQ.o

.debug_info     0x0000000000000000     0x212e
 *(.debug_info .gnu.linkonce.wi.*)
 .debug_info    0x0000000000000000      0x304 /tmp/ccxg36ci.o
 .debug_info    0x0000000000000304      0x1dc /tmp/ccaMbJqt.o
 .debug_info    0x00000000000004e0     0x144a /tmp/ccNbEOQE.o
 .debug_info    0x000000000000192a      0x804 /tmp/ccoaAUmQ.o

.debug_abbrev   0x0000000000000000      0x4b3
 *(.debug_abbrev)
 .debug_abbrev  0x0000000000000000      0x129 /tmp/ccxg36ci.o
 .debug_abbrev  0x0000000000000129       0xc9 /tmp/ccaMbJqt.o
 .debug_abbrev  0x00000000000001f2      0x152 /tmp/ccNbEOQE.o
 .debug_abbrev  0x0000000000000344      0x16f /tmp/ccoaAUmQ.o

.debug_line     0x0000000000000000      0x5f2
 *(.debug_line)
 .debug_line    0x0000000000000000       0xae /tmp/ccxg36ci.o
 .debug_line    0x00000000000000ae      0x154 /tmp/ccaMbJqt.o
 .debug_line    0x0000000000000202      0x252 /tmp/ccNbEOQE.o
 .debug_line    0x0000000000000454      0x19e /tmp/ccoaAUmQ.o

.debug_frame
 *(.debug_frame)

.debug_str      0x0000000000000000      0x93c
 *(.debug_str)
 .debug_str     0x0000000000000000      0x1a5 /tmp/ccxg36ci.o
                                        0x200 (size before relaxing)
 .debug_str     0x00000000000001a5       0x55 /tmp/ccaMbJqt.o
                                        0x19f (size before relaxing)
 .debug_str     0x00000000000001fa      0x1f4 /tmp/ccNbEOQE.o
                                        0x347 (size before relaxing)
 .debug_str     0x00000000000003ee      0x54e /tmp/ccoaAUmQ.o
                                        0x6b5 (size before relaxing)

.debug_loc
 *(.debug_loc)

.debug_macinfo
 *(.debug_macinfo)

.debug_weaknames
 *(.debug_weaknames)

.debug_funcnames
 *(.debug_funcnames)

.debug_typenames
 *(.debug_typenames)

.debug_varnames
 *(.debug_varnames)

.debug_pubtypes
                0x0000000000000000      0x2e5
 *(.debug_pubtypes)
 .debug_pubtypes
                0x0000000000000000       0x79 /tmp/ccxg36ci.o
 .debug_pubtypes
                0x0000000000000079       0x5f /tmp/ccaMbJqt.o
 .debug_pubtypes
                0x00000000000000d8       0x8e /tmp/ccNbEOQE.o
 .debug_pubtypes
                0x0000000000000166      0x17f /tmp/ccoaAUmQ.o

.debug_ranges
 *(.debug_ranges)

.gnu.attributes
 *(.gnu.attributes)

/DISCARD/
 *(.note.GNU-stack)
 *(.gnu_debuglink)
 *(.gnu.lto_*)
OUTPUT(librun.so elf64-x86-64)
