Archive member included to satisfy reference by file (symbol)

/opt/riscv/riscv_multilib/lib/gcc/riscv32-unknown-elf/8.3.0/../../../../riscv32-unknown-elf/lib/rv32im/ilp32/libc.a(lib_a-exit.o)
                              /opt/riscv/riscv_multilib/lib/gcc/riscv32-unknown-elf/8.3.0/../../../../riscv32-unknown-elf/lib/rv32im/ilp32/crt0.o (exit)
/opt/riscv/riscv_multilib/lib/gcc/riscv32-unknown-elf/8.3.0/../../../../riscv32-unknown-elf/lib/rv32im/ilp32/libc.a(lib_a-fclose.o)
                              ./obj/My_JPEG.o (fclose)
/opt/riscv/riscv_multilib/lib/gcc/riscv32-unknown-elf/8.3.0/../../../../riscv32-unknown-elf/lib/rv32im/ilp32/libc.a(lib_a-fflush.o)
                              /opt/riscv/riscv_multilib/lib/gcc/riscv32-unknown-elf/8.3.0/../../../../riscv32-unknown-elf/lib/rv32im/ilp32/libc.a(lib_a-fclose.o) (__sflush_r)
/opt/riscv/riscv_multilib/lib/gcc/riscv32-unknown-elf/8.3.0/../../../../riscv32-unknown-elf/lib/rv32im/ilp32/libc.a(lib_a-findfp.o)
                              /opt/riscv/riscv_multilib/lib/gcc/riscv32-unknown-elf/8.3.0/../../../../riscv32-unknown-elf/lib/rv32im/ilp32/libc.a(lib_a-fclose.o) (__sinit)
/opt/riscv/riscv_multilib/lib/gcc/riscv32-unknown-elf/8.3.0/../../../../riscv32-unknown-elf/lib/rv32im/ilp32/libc.a(lib_a-fopen.o)
                              ./obj/My_JPEG.o (fopen)
/opt/riscv/riscv_multilib/lib/gcc/riscv32-unknown-elf/8.3.0/../../../../riscv32-unknown-elf/lib/rv32im/ilp32/libc.a(lib_a-freer.o)
                              /opt/riscv/riscv_multilib/lib/gcc/riscv32-unknown-elf/8.3.0/../../../../riscv32-unknown-elf/lib/rv32im/ilp32/libc.a(lib_a-fclose.o) (_free_r)
/opt/riscv/riscv_multilib/lib/gcc/riscv32-unknown-elf/8.3.0/../../../../riscv32-unknown-elf/lib/rv32im/ilp32/libc.a(lib_a-fseek.o)
                              /opt/riscv/riscv_multilib/lib/gcc/riscv32-unknown-elf/8.3.0/../../../../riscv32-unknown-elf/lib/rv32im/ilp32/libc.a(lib_a-fopen.o) (_fseek_r)
/opt/riscv/riscv_multilib/lib/gcc/riscv32-unknown-elf/8.3.0/../../../../riscv32-unknown-elf/lib/rv32im/ilp32/libc.a(lib_a-fseeko.o)
                              /opt/riscv/riscv_multilib/lib/gcc/riscv32-unknown-elf/8.3.0/../../../../riscv32-unknown-elf/lib/rv32im/ilp32/libc.a(lib_a-fseek.o) (_fseeko_r)
/opt/riscv/riscv_multilib/lib/gcc/riscv32-unknown-elf/8.3.0/../../../../riscv32-unknown-elf/lib/rv32im/ilp32/libc.a(lib_a-fstatr.o)
                              /opt/riscv/riscv_multilib/lib/gcc/riscv32-unknown-elf/8.3.0/../../../../riscv32-unknown-elf/lib/rv32im/ilp32/libc.a(lib_a-fseeko.o) (_fstat_r)
/opt/riscv/riscv_multilib/lib/gcc/riscv32-unknown-elf/8.3.0/../../../../riscv32-unknown-elf/lib/rv32im/ilp32/libc.a(lib_a-fwalk.o)
                              /opt/riscv/riscv_multilib/lib/gcc/riscv32-unknown-elf/8.3.0/../../../../riscv32-unknown-elf/lib/rv32im/ilp32/libc.a(lib_a-findfp.o) (_fwalk)
/opt/riscv/riscv_multilib/lib/gcc/riscv32-unknown-elf/8.3.0/../../../../riscv32-unknown-elf/lib/rv32im/ilp32/libc.a(lib_a-fwrite.o)
                              ./obj/My_JPEG.o (fwrite)
/opt/riscv/riscv_multilib/lib/gcc/riscv32-unknown-elf/8.3.0/../../../../riscv32-unknown-elf/lib/rv32im/ilp32/libc.a(lib_a-impure.o)
                              /opt/riscv/riscv_multilib/lib/gcc/riscv32-unknown-elf/8.3.0/../../../../riscv32-unknown-elf/lib/rv32im/ilp32/libc.a(lib_a-exit.o) (_global_impure_ptr)
/opt/riscv/riscv_multilib/lib/gcc/riscv32-unknown-elf/8.3.0/../../../../riscv32-unknown-elf/lib/rv32im/ilp32/libc.a(lib_a-init.o)
                              /opt/riscv/riscv_multilib/lib/gcc/riscv32-unknown-elf/8.3.0/../../../../riscv32-unknown-elf/lib/rv32im/ilp32/crt0.o (__libc_init_array)
/opt/riscv/riscv_multilib/lib/gcc/riscv32-unknown-elf/8.3.0/../../../../riscv32-unknown-elf/lib/rv32im/ilp32/libc.a(lib_a-makebuf.o)
                              /opt/riscv/riscv_multilib/lib/gcc/riscv32-unknown-elf/8.3.0/../../../../riscv32-unknown-elf/lib/rv32im/ilp32/libc.a(lib_a-fseeko.o) (__smakebuf_r)
/opt/riscv/riscv_multilib/lib/gcc/riscv32-unknown-elf/8.3.0/../../../../riscv32-unknown-elf/lib/rv32im/ilp32/libc.a(lib_a-malloc.o)
                              ./obj/common.o (malloc)
/opt/riscv/riscv_multilib/lib/gcc/riscv32-unknown-elf/8.3.0/../../../../riscv32-unknown-elf/lib/rv32im/ilp32/libc.a(lib_a-mallocr.o)
                              /opt/riscv/riscv_multilib/lib/gcc/riscv32-unknown-elf/8.3.0/../../../../riscv32-unknown-elf/lib/rv32im/ilp32/libc.a(lib_a-findfp.o) (_malloc_r)
/opt/riscv/riscv_multilib/lib/gcc/riscv32-unknown-elf/8.3.0/../../../../riscv32-unknown-elf/lib/rv32im/ilp32/libc.a(lib_a-memset.o)
                              /opt/riscv/riscv_multilib/lib/gcc/riscv32-unknown-elf/8.3.0/../../../../riscv32-unknown-elf/lib/rv32im/ilp32/crt0.o (memset)
/opt/riscv/riscv_multilib/lib/gcc/riscv32-unknown-elf/8.3.0/../../../../riscv32-unknown-elf/lib/rv32im/ilp32/libc.a(lib_a-mlock.o)
[...]
Memory Configuration

Name             Origin             Length             Attributes
*default*        0x0000000000000000 0xffffffffffffffff

Linker script and memory map

LOAD /opt/riscv/riscv_multilib/lib/gcc/riscv32-unknown-elf/8.3.0/../../../../riscv32-unknown-elf/lib/rv32im/ilp32/crt0.o
LOAD /opt/riscv/riscv_multilib/lib/gcc/riscv32-unknown-elf/8.3.0/rv32im/ilp32/crtbegin.o
LOAD ./obj/My_JPEG.o
LOAD ./obj/retarget.o
LOAD ./obj/common.o
LOAD /opt/riscv/riscv_multilib/lib/gcc/riscv32-unknown-elf/8.3.0/rv32im/ilp32/libgcc.a
START GROUP
LOAD /opt/riscv/riscv_multilib/lib/gcc/riscv32-unknown-elf/8.3.0/../../../../riscv32-unknown-elf/lib/rv32im/ilp32/libc.a
LOAD /opt/riscv/riscv_multilib/lib/gcc/riscv32-unknown-elf/8.3.0/../../../../riscv32-unknown-elf/lib/rv32im/ilp32/libgloss.a
END GROUP
LOAD /opt/riscv/riscv_multilib/lib/gcc/riscv32-unknown-elf/8.3.0/rv32im/ilp32/libgcc.a
LOAD /opt/riscv/riscv_multilib/lib/gcc/riscv32-unknown-elf/8.3.0/rv32im/ilp32/crtend.o
                [!provide]                        PROVIDE (__executable_start = SEGMENT_START ("text-segment", 0x10000))
                0x0000000000010074                . = (SEGMENT_START ("text-segment", 0x10000) + SIZEOF_HEADERS)

.interp
 *(.interp)

.note.gnu.build-id
 *(.note.gnu.build-id)

.hash
 *(.hash)

.gnu.hash
 *(.gnu.hash)

.dynsym
 *(.dynsym)

.dynstr
 *(.dynstr)

.gnu.version
 *(.gnu.version)

.gnu.version_d
 *(.gnu.version_d)

.gnu.version_r
 *(.gnu.version_r)

.rela.dyn       0x0000000000010074        0x0
 *(.rela.init)
 *(.rela.text .rela.text.* .rela.gnu.linkonce.t.*)
 .rela.text     0x0000000000010074        0x0 /opt/riscv/riscv_multilib/lib/gcc/riscv32-unknown-elf/8.3.0/../../../../riscv32-unknown-elf/lib/rv32im/ilp32/crt0.o
 .rela.text.startup
                0x0000000000010074        0x0 /opt/riscv/riscv_multilib/lib/gcc/riscv32-unknown-elf/8.3.0/../../../../riscv32-unknown-elf/lib/rv32im/ilp32/crt0.o
 *(.rela.fini)
 *(.rela.rodata .rela.rodata.* .rela.gnu.linkonce.r.*)
 *(.rela.data .rela.data.* .rela.gnu.linkonce.d.*)
 *(.rela.tdata .rela.tdata.* .rela.gnu.linkonce.td.*)
 *(.rela.tbss .rela.tbss.* .rela.gnu.linkonce.tb.*)
 *(.rela.ctors)
 *(.rela.dtors)
 *(.rela.got)
 *(.rela.sdata .rela.sdata.* .rela.gnu.linkonce.s.*)
 *(.rela.sbss .rela.sbss.* .rela.gnu.linkonce.sb.*)
 *(.rela.sdata2 .rela.sdata2.* .rela.gnu.linkonce.s2.*)
 *(.rela.sbss2 .rela.sbss2.* .rela.gnu.linkonce.sb2.*)
 *(.rela.bss .rela.bss.* .rela.gnu.linkonce.b.*)
                [!provide]                        PROVIDE (__rela_iplt_start = .)
 *(.rela.iplt)
                [!provide]                        PROVIDE (__rela_iplt_end = .)

.rela.plt
 *(.rela.plt)

.init
 *(SORT_NONE(.init))

.plt
 *(.plt)

.iplt
 *(.iplt)

.text           0x0000000000010074    0x1bd5c
 *(.text.unlikely .text.*_unlikely .text.unlikely.*)
 *(.text.exit .text.exit.*)
 *(.text.startup .text.startup.*)
 .text.startup  0x0000000000010074       0x1c /opt/riscv/riscv_multilib/lib/gcc/riscv32-unknown-elf/8.3.0/../../../../riscv32-unknown-elf/lib/rv32im/ilp32/libc.a(lib_a-__call_atexit.o)
 *(.text.hot .text.hot.*)
 *(.text .stub .text.* .gnu.linkonce.t.*)
 .text          0x0000000000010090       0x50 /opt/riscv/riscv_multilib/lib/gcc/riscv32-unknown-elf/8.3.0/../../../../riscv32-unknown-elf/lib/rv32im/ilp32/crt0.o
                0x0000000000010090                _start
 .text          0x00000000000100e0       0xf0 /opt/riscv/riscv_multilib/lib/gcc/riscv32-unknown-elf/8.3.0/rv32im/ilp32/crtbegin.o
 .text          0x00000000000101d0     0x7044 ./obj/My_JPEG.o
                0x00000000000101d0                fix_mul
                0x00000000000102a0                fix_mul12
                0x0000000000010374                fix_mul10
                0x0000000000010440                fix_mul8
                0x000000000001050c                int_max
                0x0000000000010540                int_abs
                0x0000000000010574                int_floorlog2
                0x00000000000105c4                int_ceildivpow2
                0x0000000000010608                int_min
                0x000000000001063c                tile_in_buffer
                0x0000000000010808                tile_out_buffer
                0x0000000000010b34                ctrl_cblk_flags
                0x0000000000010c0c                cblk_in_buffer
                0x0000000000010ef4                ctrl_cblk_info
                0x0000000000011164                tier1_bac
                0x0000000000012330                t1_zeroCoding
                0x0000000000012880                t1_signCoding
                0x0000000000012cd4                t1_magRefCoding
                0x0000000000012f2c                t1_runLenCoding
                0x0000000000013090                t1_enc_spp
                0x0000000000013340                t1_enc_mrp
                0x0000000000013490                t1_enc_cup
                0x0000000000013888                tier1_bpc
                0x0000000000013ce8                tier1
                0x0000000000014060                dc_level_shifting_color_compononent_transform
                0x0000000000014948                dwt97
                0x000000000001564c                tgt_inclusionInfo
                0x00000000000156f4                tgt_zeroBitPlane
                0x00000000000157a0                tgt_encode
                0x0000000000015880                t2_putcommacode
                0x00000000000158e0                t2_putnumpasses
                0x00000000000159d0                t2_encode_packet
                0x00000000000160fc                tier2
                0x0000000000016168                jp2_write_mainheader_SIZ
                0x0000000000016318                jp2_write_mainheader_COD
                0x00000000000164b4                jp2_write_tileheader_COC
                0x0000000000016608                jp2_write_mainheader_QCD
                0x000000000001684c                jp2_write_tileheader_QCC
                0x0000000000016aa4                jp2_write_mainheader
                0x0000000000016b20                jp2_write_tileheader_SOT
                0x0000000000016c14                jp2_write_tileheader_SOD
                0x0000000000016c4c                tile_header
                0x0000000000016d18                write_file
                0x0000000000016d98                main
 .text          0x0000000000017214       0xac ./obj/retarget.o
                0x0000000000017214                my_fputc
                0x0000000000017254                _write
 .text          0x00000000000172c0      0x174 ./obj/common.o
                0x00000000000172c0                get_argv
                0x000000000001740c                end_main
 .text          0x0000000000017434       0x30 /opt/riscv/riscv_multilib/lib/gcc/riscv32-unknown-elf/8.3.0/../../../../riscv32-unknown-elf/lib/rv32im/ilp32/libc.a(lib_a-exit.o)
                0x0000000000017434                exit
 .text          0x0000000000017464      0x11c /opt/riscv/riscv_multilib/lib/gcc/riscv32-unknown-elf/8.3.0/../../../../riscv32-unknown-elf/lib/rv32im/ilp32/libc.a(lib_a-fclose.o)
                0x0000000000017464                _fclose_r
                0x0000000000017574                fclose
 .text          0x0000000000017580      0x2dc /opt/riscv/riscv_multilib/lib/gcc/riscv32-unknown-elf/8.3.0/../../../../riscv32-unknown-elf/lib/rv32im/ilp32/libc.a(lib_a-fflush.o)
                0x0000000000017580                __sflush_r
                0x00000000000177dc                _fflush_r
                0x000000000001783c                fflush
 .text          0x000000000001785c      0x35c /opt/riscv/riscv_multilib/lib/gcc/riscv32-unknown-elf/8.3.0/../../../../riscv32-unknown-elf/lib/rv32im/ilp32/libc.a(lib_a-findfp.o)
                0x0000000000017864                _cleanup_r
                0x00000000000179fc                __sfmoreglue
                0x0000000000017a68                __sfp
                0x0000000000017b68                _cleanup
                0x0000000000017b78                __sinit
                0x0000000000017b88                __sfp_lock_acquire
                0x0000000000017b8c                __sfp_lock_release
                0x0000000000017b90                __sinit_lock_acquire
                0x0000000000017b94                __sinit_lock_release
                0x0000000000017b98                __fp_lock_all
                0x0000000000017ba8                __fp_unlock_all
 .text          0x0000000000017bb8      0x138 /opt/riscv/riscv_multilib/lib/gcc/riscv32-unknown-elf/8.3.0/../../../../riscv32-unknown-elf/lib/rv32im/ilp32/libc.a(lib_a-fopen.o)
                0x0000000000017bb8                _fopen_r
                0x0000000000017ce0                fopen
 .text          0x0000000000017cf0      0x428 /opt/riscv/riscv_multilib/lib/gcc/riscv32-unknown-elf/8.3.0/../../../../riscv32-unknown-elf/lib/rv32im/ilp32/libc.a(lib_a-freer.o)
                0x0000000000017cf0                _malloc_trim_r
                0x0000000000017e1c                _free_r
 .text          0x0000000000018118       0x18 /opt/riscv/riscv_multilib/lib/gcc/riscv32-unknown-elf/8.3.0/../../../../riscv32-unknown-elf/lib/rv32im/ilp32/libc.a(lib_a-fseek.o)
                0x0000000000018118                _fseek_r
                0x000000000001811c                fseek
 .text          0x0000000000018130      0x484 /opt/riscv/riscv_multilib/lib/gcc/riscv32-unknown-elf/8.3.0/../../../../riscv32-unknown-elf/lib/rv32im/ilp32/libc.a(lib_a-fseeko.o)
                0x0000000000018130                _fseeko_r
                0x00000000000185a0                fseeko
 .text          0x00000000000185b4       0x68 /opt/riscv/riscv_multilib/lib/gcc/riscv32-unknown-elf/8.3.0/../../../../riscv32-unknown-elf/lib/rv32im/ilp32/libc.a(lib_a-fstatr.o)
                0x00000000000185b4                _fstat_r
 .text          0x000000000001861c      0x170 /opt/riscv/riscv_multilib/lib/gcc/riscv32-unknown-elf/8.3.0/../../../../riscv32-unknown-elf/lib/rv32im/ilp32/libc.a(lib_a-fwalk.o)
                0x000000000001861c                _fwalk
                0x00000000000186cc                _fwalk_reent
 .text          0x000000000001878c       0xe4 /opt/riscv/riscv_multilib/lib/gcc/riscv32-unknown-elf/8.3.0/../../../../riscv32-unknown-elf/lib/rv32im/ilp32/libc.a(lib_a-fwrite.o)
                0x000000000001878c                _fwrite_r
                0x0000000000018858                fwrite
 .text          0x0000000000018870        0x0 /opt/riscv/riscv_multilib/lib/gcc/riscv32-unknown-elf/8.3.0/../../../../riscv32-unknown-elf/lib/rv32im/ilp32/libc.a(lib_a-impure.o)
 .text          0x0000000000018870       0x9c /opt/riscv/riscv_multilib/lib/gcc/riscv32-unknown-elf/8.3.0/../../../../riscv32-unknown-elf/lib/rv32im/ilp32/libc.a(lib_a-init.o)
                0x0000000000018870                __libc_init_array
 .text          0x000000000001890c      0x1f0 /opt/riscv/riscv_multilib/lib/gcc/riscv32-unknown-elf/8.3.0/../../../../riscv32-unknown-elf/lib/rv32im/ilp32/libc.a(lib_a-makebuf.o)
                0x000000000001890c                __swhatbuf_r
                0x00000000000189dc                __smakebuf_r
 .text          0x0000000000018afc       0x18 /opt/riscv/riscv_multilib/lib/gcc/riscv32-unknown-elf/8.3.0/../../../../riscv32-unknown-elf/lib/rv32im/ilp32/libc.a(lib_a-malloc.o)
                0x0000000000018afc                malloc
                0x0000000000018b08                free
 .text          0x0000000000018b14      0x7cc /opt/riscv/riscv_multilib/lib/gcc/riscv32-unknown-elf/8.3.0/../../../../riscv32-unknown-elf/lib/rv32im/ilp32/libc.a(lib_a-mallocr.o)
                0x0000000000018b14                _malloc_r
 .text          0x00000000000192e0       0xdc /opt/riscv/riscv_multilib/lib/gcc/riscv32-unknown-elf/8.3.0/../../../../riscv32-unknown-elf/lib/rv32im/ilp32/libc.a(lib_a-memset.o)
                0x00000000000192e0                memset
 .text          0x00000000000193bc        0x8 /opt/riscv/riscv_multilib/lib/gcc/riscv32-unknown-elf/8.3.0/../../../../riscv32-unknown-elf/lib/rv32im/ilp32/libc.a(lib_a-mlock.o)
                0x00000000000193bc                __malloc_lock
                0x00000000000193c0                __malloc_unlock
 .text          0x00000000000193c4       0x6c /opt/riscv/riscv_multilib/lib/gcc/riscv32-unknown-elf/8.3.0/../../../../riscv32-unknown-elf/lib/rv32im/ilp32/libc.a(lib_a-openr.o)
                0x00000000000193c4                _open_r
 .text          0x0000000000019430       0x94 /opt/riscv/riscv_multilib/lib/gcc/riscv32-unknown-elf/8.3.0/../../../../riscv32-unknown-elf/lib/rv32im/ilp32/libc.a(lib_a-printf.o)
                0x0000000000019430                _printf_r
                0x0000000000019474                printf
 .text          0x00000000000194c4       0xdc /opt/riscv/riscv_multilib/lib/gcc/riscv32-unknown-elf/8.3.0/../../../../riscv32-unknown-elf/lib/rv32im/ilp32/libc.a(lib_a-puts.o)
                0x00000000000194c4                _puts_r
                0x0000000000019594                puts
 .text          0x00000000000195a0      0x14c /opt/riscv/riscv_multilib/lib/gcc/riscv32-unknown-elf/8.3.0/../../../../riscv32-unknown-elf/lib/rv32im/ilp32/libc.a(lib_a-reent.o)
                0x00000000000195a0                cleanup_glue
                0x00000000000195e0                _reclaim_reent
 .text          0x00000000000196ec      0x21c /opt/riscv/riscv_multilib/lib/gcc/riscv32-unknown-elf/8.3.0/../../../../riscv32-unknown-elf/lib/rv32im/ilp32/libc.a(lib_a-refill.o)
                0x0000000000019708                __srefill_r
 .text          0x0000000000019908       0x60 /opt/riscv/riscv_multilib/lib/gcc/riscv32-unknown-elf/8.3.0/../../../../riscv32-unknown-elf/lib/rv32im/ilp32/libc.a(lib_a-sbrkr.o)
                0x0000000000019908                _sbrk_r
 .text          0x0000000000019968      0x15c /opt/riscv/riscv_multilib/lib/gcc/riscv32-unknown-elf/8.3.0/../../../../riscv32-unknown-elf/lib/rv32im/ilp32/libc.a(lib_a-stdio.o)
                0x0000000000019968                __sread
                0x00000000000199c4                __seofread
                0x00000000000199cc                __swrite
                0x0000000000019a54                __sseek
                0x0000000000019abc                __sclose
 .text          0x0000000000019ac4       0xb0 /opt/riscv/riscv_multilib/lib/gcc/riscv32-unknown-elf/8.3.0/../../../../riscv32-unknown-elf/lib/rv32im/ilp32/libc.a(lib_a-strcpy.o)
                0x0000000000019ac4                strcpy
 .text          0x0000000000019b74       0x8c /opt/riscv/riscv_multilib/lib/gcc/riscv32-unknown-elf/8.3.0/../../../../riscv32-unknown-elf/lib/rv32im/ilp32/libc.a(lib_a-strlen.o)
                0x0000000000019b74                strlen
 .text          0x0000000000019c00     0x2c2c /opt/riscv/riscv_multilib/lib/gcc/riscv32-unknown-elf/8.3.0/../../../../riscv32-unknown-elf/lib/rv32im/ilp32/libc.a(lib_a-vfprintf.o)
                0x0000000000019c00                _vfprintf_r
                0x000000000001c758                vfprintf
 .text          0x000000000001c82c       0x6c /opt/riscv/riscv_multilib/lib/gcc/riscv32-unknown-elf/8.3.0/../../../../riscv32-unknown-elf/lib/rv32im/ilp32/libc.a(lib_a-writer.o)
                0x000000000001c82c                _write_r
 .text          0x000000000001c898      0x164 /opt/riscv/riscv_multilib/lib/gcc/riscv32-unknown-elf/8.3.0/../../../../riscv32-unknown-elf/lib/rv32im/ilp32/libc.a(lib_a-wsetup.o)
                0x000000000001c898                __swsetup_r
 .text          0x000000000001c9fc      0x118 /opt/riscv/riscv_multilib/lib/gcc/riscv32-unknown-elf/8.3.0/../../../../riscv32-unknown-elf/lib/rv32im/ilp32/libc.a(lib_a-__call_atexit.o)
                0x000000000001c9fc                __call_exitprocs
 .text          0x000000000001cb14       0x14 /opt/riscv/riscv_multilib/lib/gcc/riscv32-unknown-elf/8.3.0/../../../../riscv32-unknown-elf/lib/rv32im/ilp32/libc.a(lib_a-atexit.o)
                0x000000000001cb14                atexit
 .text          0x000000000001cb28       0x60 /opt/riscv/riscv_multilib/lib/gcc/riscv32-unknown-elf/8.3.0/../../../../riscv32-unknown-elf/lib/rv32im/ilp32/libc.a(lib_a-closer.o)
                0x000000000001cb28                _close_r
 .text          0x000000000001cb88       0x60 /opt/riscv/riscv_multilib/lib/gcc/riscv32-unknown-elf/8.3.0/../../../../riscv32-unknown-elf/lib/rv32im/ilp32/libc.a(lib_a-fini.o)
                0x000000000001cb88                __libc_fini_array
 .text          0x000000000001cbe8       0xac /opt/riscv/riscv_multilib/lib/gcc/riscv32-unknown-elf/8.3.0/../../../../riscv32-unknown-elf/lib/rv32im/ilp32/libc.a(lib_a-flags.o)
                0x000000000001cbe8                __sflags
 .text          0x000000000001cc94      0x4b0 /opt/riscv/riscv_multilib/lib/gcc/riscv32-unknown-elf/8.3.0/../../../../riscv32-unknown-elf/lib/rv32im/ilp32/libc.a(lib_a-fvwrite.o)
                0x000000000001cc94                __sfvwrite_r
 .text          0x000000000001d144       0x60 /opt/riscv/riscv_multilib/lib/gcc/riscv32-unknown-elf/8.3.0/../../../../riscv32-unknown-elf/lib/rv32im/ilp32/libc.a(lib_a-isattyr.o)
                0x000000000001d144                _isatty_r
 .text          0x000000000001d1a4     0x2b98 /opt/riscv/riscv_multilib/lib/gcc/riscv32-unknown-elf/8.3.0/../../../../riscv32-unknown-elf/lib/rv32im/ilp32/libc.a(lib_a-ldtoa.o)
                0x000000000001e9c4                _ldtoa_r
                0x000000000001fcd8                _ldcheck
 .text          0x000000000001fd3c       0x20 /opt/riscv/riscv_multilib/lib/gcc/riscv32-unknown-elf/8.3.0/../../../../riscv32-unknown-elf/lib/rv32im/ilp32/libc.a(lib_a-localeconv.o)
                0x000000000001fd3c                __localeconv_l
                0x000000000001fd44                _localeconv_r
                0x000000000001fd50                localeconv
 .text          0x000000000001fd5c       0x6c /opt/riscv/riscv_multilib/lib/gcc/riscv32-unknown-elf/8.3.0/../../../../riscv32-unknown-elf/lib/rv32im/ilp32/libc.a(lib_a-lseekr.o)
                0x000000000001fd5c                _lseek_r
 .text          0x000000000001fdc8       0xdc /opt/riscv/riscv_multilib/lib/gcc/riscv32-unknown-elf/8.3.0/../../../../riscv32-unknown-elf/lib/rv32im/ilp32/libc.a(lib_a-memchr.o)
                0x000000000001fdc8                memchr
 .text          0x000000000001fea4      0x11c /opt/riscv/riscv_multilib/lib/gcc/riscv32-unknown-elf/8.3.0/../../../../riscv32-unknown-elf/lib/rv32im/ilp32/libc.a(lib_a-memcpy.o)
                0x000000000001fea4                memcpy
 .text          0x000000000001ffc0      0x120 /opt/riscv/riscv_multilib/lib/gcc/riscv32-unknown-elf/8.3.0/../../../../riscv32-unknown-elf/lib/rv32im/ilp32/libc.a(lib_a-memmove-stub.o)
                0x000000000001ffc0                memmove
 .text          0x00000000000200e0      0xffc /opt/riscv/riscv_multilib/lib/gcc/riscv32-unknown-elf/8.3.0/../../../../riscv32-unknown-elf/lib/rv32im/ilp32/libc.a(lib_a-mprec.o)
                0x00000000000200e0                _Balloc
                0x0000000000020188                _Bfree
                0x00000000000201ac                __multadd
                0x00000000000202d4                __s2b
                0x00000000000203e0                __hi0bits
                0x0000000000020454                __lo0bits
                0x000000000002050c                __i2b
                0x0000000000020540                __multiply
                0x0000000000020738                __pow5mult
                0x0000000000020880                __lshift
                0x00000000000209cc                __mcmp
                0x0000000000020a24                __mdiff
                0x0000000000020c08                __ulp
                0x0000000000020c68                __b2d
                0x0000000000020d80                __d2b
                0x0000000000020ec4                __ratio
                0x0000000000020f68                _mprec_log10
                0x0000000000020ffc                __copybits
                0x0000000000021064                __any_on
 .text          0x00000000000210dc       0x6c /opt/riscv/riscv_multilib/lib/gcc/riscv32-unknown-elf/8.3.0/../../../../riscv32-unknown-elf/lib/rv32im/ilp32/libc.a(lib_a-readr.o)
                0x00000000000210dc                _read_r
 .text          0x0000000000021148      0x5d4 /opt/riscv/riscv_multilib/lib/gcc/riscv32-unknown-elf/8.3.0/../../../../riscv32-unknown-elf/lib/rv32im/ilp32/libc.a(lib_a-reallocr.o)
                0x0000000000021148                _realloc_r
 .text          0x000000000002171c       0xac /opt/riscv/riscv_multilib/lib/gcc/riscv32-unknown-elf/8.3.0/../../../../riscv32-unknown-elf/lib/rv32im/ilp32/libc.a(lib_a-s_frexp.o)
                0x000000000002171c                frexp
 .text          0x00000000000217c8       0xe4 /opt/riscv/riscv_multilib/lib/gcc/riscv32-unknown-elf/8.3.0/../../../../riscv32-unknown-elf/lib/rv32im/ilp32/libc.a(lib_a-sprintf.o)
                0x00000000000217c8                _sprintf_r
                0x0000000000021834                sprintf
 .text          0x00000000000218ac       0xcc /opt/riscv/riscv_multilib/lib/gcc/riscv32-unknown-elf/8.3.0/../../../../riscv32-unknown-elf/lib/rv32im/ilp32/libc.a(lib_a-strncpy.o)
                0x00000000000218ac                strncpy
 .text          0x0000000000021978     0x2b04 /opt/riscv/riscv_multilib/lib/gcc/riscv32-unknown-elf/8.3.0/../../../../riscv32-unknown-elf/lib/rv32im/ilp32/libc.a(lib_a-svfprintf.o)
                0x0000000000021978                _svfprintf_r
 .text          0x000000000002447c     0x1494 /opt/riscv/riscv_multilib/lib/gcc/riscv32-unknown-elf/8.3.0/../../../../riscv32-unknown-elf/lib/rv32im/ilp32/libc.a(lib_a-vfiprintf.o)
                0x000000000002456c                __sprint_r
                0x0000000000024584                _vfiprintf_r
                0x000000000002583c                vfiprintf
 .text          0x0000000000025910       0x98 /opt/riscv/riscv_multilib/lib/gcc/riscv32-unknown-elf/8.3.0/../../../../riscv32-unknown-elf/lib/rv32im/ilp32/libc.a(lib_a-__atexit.o)
                0x0000000000025910                __register_exitproc
 .text          0x00000000000259a8       0xb0 /opt/riscv/riscv_multilib/lib/gcc/riscv32-unknown-elf/8.3.0/../../../../riscv32-unknown-elf/lib/rv32im/ilp32/libc.a(lib_a-callocr.o)
                0x00000000000259a8                _calloc_r
 .text          0x0000000000025a58      0x1d8 /opt/riscv/riscv_multilib/lib/gcc/riscv32-unknown-elf/8.3.0/../../../../riscv32-unknown-elf/lib/rv32im/ilp32/libc.a(lib_a-fputwc.o)
                0x0000000000025a58                __fputwc
                0x0000000000025b84                _fputwc_r
                0x0000000000025bb0                fputwc
 .text          0x0000000000025c30       0x98 /opt/riscv/riscv_multilib/lib/gcc/riscv32-unknown-elf/8.3.0/../../../../riscv32-unknown-elf/lib/rv32im/ilp32/libc.a(lib_a-locale.o)
                0x0000000000025c30                _setlocale_r
                0x0000000000025cac                __locale_mb_cur_max
                0x0000000000025cb8                setlocale
 .text          0x0000000000025cc8       0x74 /opt/riscv/riscv_multilib/lib/gcc/riscv32-unknown-elf/8.3.0/../../../../riscv32-unknown-elf/lib/rv32im/ilp32/libc.a(lib_a-mbtowc_r.o)
                0x0000000000025cc8                _mbtowc_r
                0x0000000000025cd4                __ascii_mbtowc
 .text          0x0000000000025d3c      0x17c /opt/riscv/riscv_multilib/lib/gcc/riscv32-unknown-elf/8.3.0/../../../../riscv32-unknown-elf/lib/rv32im/ilp32/libc.a(lib_a-strcmp.o)
                0x0000000000025d3c                strcmp
 .text          0x0000000000025eb8     0x131c /opt/riscv/riscv_multilib/lib/gcc/riscv32-unknown-elf/8.3.0/../../../../riscv32-unknown-elf/lib/rv32im/ilp32/libc.a(lib_a-svfiprintf.o)
                0x0000000000025eb8                __ssprint_r
                0x0000000000026074                _svfiprintf_r
 .text          0x00000000000271d4      0x194 /opt/riscv/riscv_multilib/lib/gcc/riscv32-unknown-elf/8.3.0/../../../../riscv32-unknown-elf/lib/rv32im/ilp32/libc.a(lib_a-wbuf.o)
                0x00000000000271d4                __swbuf_r
                0x0000000000027358                __swbuf
 .text          0x0000000000027368      0x104 /opt/riscv/riscv_multilib/lib/gcc/riscv32-unknown-elf/8.3.0/../../../../riscv32-unknown-elf/lib/rv32im/ilp32/libc.a(lib_a-wcrtomb.o)
                0x0000000000027368                _wcrtomb_r
                0x00000000000273e0                wcrtomb
 .text          0x000000000002746c       0x3c /opt/riscv/riscv_multilib/lib/gcc/riscv32-unknown-elf/8.3.0/../../../../riscv32-unknown-elf/lib/rv32im/ilp32/libc.a(lib_a-wctomb_r.o)
                0x000000000002746c                _wctomb_r
                0x0000000000027478                __ascii_wctomb
 .text          0x00000000000274a8        0x0 /opt/riscv/riscv_multilib/lib/gcc/riscv32-unknown-elf/8.3.0/../../../../riscv32-unknown-elf/lib/rv32im/ilp32/libc.a(lib_a-ctype_.o)
 .text          0x00000000000274a8       0x58 /opt/riscv/riscv_multilib/lib/gcc/riscv32-unknown-elf/8.3.0/../../../../riscv32-unknown-elf/lib/rv32im/ilp32/libgloss.a(sys_close.o)
                0x00000000000274a8                _close
 .text          0x0000000000027500       0x44 /opt/riscv/riscv_multilib/lib/gcc/riscv32-unknown-elf/8.3.0/../../../../riscv32-unknown-elf/lib/rv32im/ilp32/libgloss.a(sys_exit.o)
                0x0000000000027500                _exit
 .text          0x0000000000027544       0x70 /opt/riscv/riscv_multilib/lib/gcc/riscv32-unknown-elf/8.3.0/../../../../riscv32-unknown-elf/lib/rv32im/ilp32/libgloss.a(sys_fstat.o)
                0x0000000000027544                _fstat
 .text          0x00000000000275b4       0x40 /opt/riscv/riscv_multilib/lib/gcc/riscv32-unknown-elf/8.3.0/../../../../riscv32-unknown-elf/lib/rv32im/ilp32/libgloss.a(sys_isatty.o)
                0x00000000000275b4                _isatty
 .text          0x00000000000275f4       0x50 /opt/riscv/riscv_multilib/lib/gcc/riscv32-unknown-elf/8.3.0/../../../../riscv32-unknown-elf/lib/rv32im/ilp32/libgloss.a(sys_lseek.o)
                0x00000000000275f4                _lseek
 .text          0x0000000000027644       0x50 /opt/riscv/riscv_multilib/lib/gcc/riscv32-unknown-elf/8.3.0/../../../../riscv32-unknown-elf/lib/rv32im/ilp32/libgloss.a(sys_open.o)
                0x0000000000027644                _open
 .text          0x0000000000027694       0x50 /opt/riscv/riscv_multilib/lib/gcc/riscv32-unknown-elf/8.3.0/../../../../riscv32-unknown-elf/lib/rv32im/ilp32/libgloss.a(sys_read.o)
                0x0000000000027694                _read
 .text          0x00000000000276e4       0x9c /opt/riscv/riscv_multilib/lib/gcc/riscv32-unknown-elf/8.3.0/../../../../riscv32-unknown-elf/lib/rv32im/ilp32/libgloss.a(sys_sbrk.o)
                0x00000000000276e4                _sbrk
 .text          0x0000000000027780       0xa4 /opt/riscv/riscv_multilib/lib/gcc/riscv32-unknown-elf/8.3.0/../../../../riscv32-unknown-elf/lib/rv32im/ilp32/libgloss.a(sys_conv_stat.o)
                0x0000000000027780                _conv_stat
 .text          0x0000000000027824        0x8 /opt/riscv/riscv_multilib/lib/gcc/riscv32-unknown-elf/8.3.0/../../../../riscv32-unknown-elf/lib/rv32im/ilp32/libc.a(lib_a-errno.o)
                0x0000000000027824                __errno
 .text          0x000000000002782c      0x434 /opt/riscv/riscv_multilib/lib/gcc/riscv32-unknown-elf/8.3.0/rv32im/ilp32/libgcc.a(_udivdi3.o)
                0x000000000002782c                __udivdi3
 .text          0x0000000000027c60      0x410 /opt/riscv/riscv_multilib/lib/gcc/riscv32-unknown-elf/8.3.0/rv32im/ilp32/libgcc.a(_umoddi3.o)
                0x0000000000027c60                __umoddi3
 .text          0x0000000000028070      0x6c8 /opt/riscv/riscv_multilib/lib/gcc/riscv32-unknown-elf/8.3.0/rv32im/ilp32/libgcc.a(divdf3.o)
                0x0000000000028070                __divdf3
 .text          0x0000000000028738      0x5b8 /opt/riscv/riscv_multilib/lib/gcc/riscv32-unknown-elf/8.3.0/rv32im/ilp32/libgcc.a(muldf3.o)
                0x0000000000028738                __muldf3
 .text          0x0000000000028cf0       0xcc /opt/riscv/riscv_multilib/lib/gcc/riscv32-unknown-elf/8.3.0/rv32im/ilp32/libgcc.a(eqtf2.o)
                0x0000000000028cf0                __eqtf2
                0x0000000000028cf0                __netf2
 .text          0x0000000000028dbc      0x144 /opt/riscv/riscv_multilib/lib/gcc/riscv32-unknown-elf/8.3.0/rv32im/ilp32/libgcc.a(getf2.o)
                0x0000000000028dbc                __getf2
                0x0000000000028dbc                __gttf2
 .text          0x0000000000028f00      0x144 /opt/riscv/riscv_multilib/lib/gcc/riscv32-unknown-elf/8.3.0/rv32im/ilp32/libgcc.a(letf2.o)
                0x0000000000028f00                __letf2
                0x0000000000028f00                __lttf2
 .text          0x0000000000029044     0x1008 /opt/riscv/riscv_multilib/lib/gcc/riscv32-unknown-elf/8.3.0/rv32im/ilp32/libgcc.a(multf3.o)
                0x0000000000029044                __multf3
 .text          0x000000000002a04c     0x1520 /opt/riscv/riscv_multilib/lib/gcc/riscv32-unknown-elf/8.3.0/rv32im/ilp32/libgcc.a(subtf3.o)
                0x000000000002a04c                __subtf3
 .text          0x000000000002b56c      0x150 /opt/riscv/riscv_multilib/lib/gcc/riscv32-unknown-elf/8.3.0/rv32im/ilp32/libgcc.a(fixtfsi.o)
                0x000000000002b56c                __fixtfsi
 .text          0x000000000002b6bc      0x188 /opt/riscv/riscv_multilib/lib/gcc/riscv32-unknown-elf/8.3.0/rv32im/ilp32/libgcc.a(floatsitf.o)
                0x000000000002b6bc                __floatsitf
 .text          0x000000000002b844      0x20c /opt/riscv/riscv_multilib/lib/gcc/riscv32-unknown-elf/8.3.0/rv32im/ilp32/libgcc.a(extenddftf2.o)
                0x000000000002b844                __extenddftf2
 .text          0x000000000002ba50      0x334 /opt/riscv/riscv_multilib/lib/gcc/riscv32-unknown-elf/8.3.0/rv32im/ilp32/libgcc.a(trunctfdf2.o)
                0x000000000002ba50                __trunctfdf2
 .text          0x000000000002bd84        0x0 /opt/riscv/riscv_multilib/lib/gcc/riscv32-unknown-elf/8.3.0/rv32im/ilp32/libgcc.a(_clz.o)
 .text          0x000000000002bd84       0x4c /opt/riscv/riscv_multilib/lib/gcc/riscv32-unknown-elf/8.3.0/rv32im/ilp32/libgcc.a(_clzsi2.o)
                0x000000000002bd84                __clzsi2
 .text          0x000000000002bdd0        0x0 /opt/riscv/riscv_multilib/lib/gcc/riscv32-unknown-elf/8.3.0/rv32im/ilp32/crtend.o
 *(.gnu.warning)

.fini
 *(SORT_NONE(.fini))
                [!provide]                        PROVIDE (__etext = .)
                [!provide]                        PROVIDE (_etext = .)
                [!provide]                        PROVIDE (etext = .)

.rodata         0x000000000002bdd0      0xe9c
 *(.rodata .rodata.* .gnu.linkonce.r.*)
 .rodata        0x000000000002bdd0      0x1b3 ./obj/My_JPEG.o
 *fill*         0x000000000002bf83        0x1 
 .rodata.str1.4
                0x000000000002bf84        0x2 /opt/riscv/riscv_multilib/lib/gcc/riscv32-unknown-elf/8.3.0/../../../../riscv32-unknown-elf/lib/rv32im/ilp32/libc.a(lib_a-puts.o)
 *fill*         0x000000000002bf86        0x2 
 .rodata        0x000000000002bf88      0x18c /opt/riscv/riscv_multilib/lib/gcc/riscv32-unknown-elf/8.3.0/../../../../riscv32-unknown-elf/lib/rv32im/ilp32/libc.a(lib_a-vfprintf.o)
 .rodata.str1.4
                0x000000000002c114       0x42 /opt/riscv/riscv_multilib/lib/gcc/riscv32-unknown-elf/8.3.0/../../../../riscv32-unknown-elf/lib/rv32im/ilp32/libc.a(lib_a-vfprintf.o)
 *fill*         0x000000000002c156        0x2 
 .rodata        0x000000000002c158      0x252 /opt/riscv/riscv_multilib/lib/gcc/riscv32-unknown-elf/8.3.0/../../../../riscv32-unknown-elf/lib/rv32im/ilp32/libc.a(lib_a-ldtoa.o)
 *fill*         0x000000000002c3aa        0x2 
 .rodata.str1.4
                0x000000000002c3ac       0x28 /opt/riscv/riscv_multilib/lib/gcc/riscv32-unknown-elf/8.3.0/../../../../riscv32-unknown-elf/lib/rv32im/ilp32/libc.a(lib_a-ldtoa.o)
 *fill*         0x000000000002c3d4        0x4 
 .rodata        0x000000000002c3d8      0x128 /opt/riscv/riscv_multilib/lib/gcc/riscv32-unknown-elf/8.3.0/../../../../riscv32-unknown-elf/lib/rv32im/ilp32/libc.a(lib_a-mprec.o)
                0x000000000002c3e8                __mprec_tens
                0x000000000002c4b0                __mprec_tinytens
                0x000000000002c4d8                __mprec_bigtens
 .rodata        0x000000000002c500      0x18c /opt/riscv/riscv_multilib/lib/gcc/riscv32-unknown-elf/8.3.0/../../../../riscv32-unknown-elf/lib/rv32im/ilp32/libc.a(lib_a-svfprintf.o)
 .rodata.str1.4
                0x000000000002c68c       0x42 /opt/riscv/riscv_multilib/lib/gcc/riscv32-unknown-elf/8.3.0/../../../../riscv32-unknown-elf/lib/rv32im/ilp32/libc.a(lib_a-svfprintf.o)
 .rodata        0x000000000002c68c      0x18c /opt/riscv/riscv_multilib/lib/gcc/riscv32-unknown-elf/8.3.0/../../../../riscv32-unknown-elf/lib/rv32im/ilp32/libc.a(lib_a-vfiprintf.o)
 .rodata.str1.4
                0x000000000002c818       0x2f /opt/riscv/riscv_multilib/lib/gcc/riscv32-unknown-elf/8.3.0/../../../../riscv32-unknown-elf/lib/rv32im/ilp32/libc.a(lib_a-vfiprintf.o)
 .rodata.str1.4
                0x000000000002c818       0x10 /opt/riscv/riscv_multilib/lib/gcc/riscv32-unknown-elf/8.3.0/../../../../riscv32-unknown-elf/lib/rv32im/ilp32/libc.a(lib_a-locale.o)
                                         0x12 (size before relaxing)
 .rodata        0x000000000002c828      0x18c /opt/riscv/riscv_multilib/lib/gcc/riscv32-unknown-elf/8.3.0/../../../../riscv32-unknown-elf/lib/rv32im/ilp32/libc.a(lib_a-svfiprintf.o)
 .rodata.str1.4
                0x000000000002c9b4       0x2f /opt/riscv/riscv_multilib/lib/gcc/riscv32-unknown-elf/8.3.0/../../../../riscv32-unknown-elf/lib/rv32im/ilp32/libc.a(lib_a-svfiprintf.o)
 .rodata        0x000000000002c9b4      0x101 /opt/riscv/riscv_multilib/lib/gcc/riscv32-unknown-elf/8.3.0/../../../../riscv32-unknown-elf/lib/rv32im/ilp32/libc.a(lib_a-ctype_.o)
                0x000000000002c9b4                _ctype_
 *fill*         0x000000000002cab5        0x3 
 .rodata        0x000000000002cab8       0x3c /opt/riscv/riscv_multilib/lib/gcc/riscv32-unknown-elf/8.3.0/rv32im/ilp32/libgcc.a(divdf3.o)
 .rodata        0x000000000002caf4       0x3c /opt/riscv/riscv_multilib/lib/gcc/riscv32-unknown-elf/8.3.0/rv32im/ilp32/libgcc.a(muldf3.o)
 .rodata        0x000000000002cb30       0x3c /opt/riscv/riscv_multilib/lib/gcc/riscv32-unknown-elf/8.3.0/rv32im/ilp32/libgcc.a(multf3.o)
 .rodata        0x000000000002cb6c      0x100 /opt/riscv/riscv_multilib/lib/gcc/riscv32-unknown-elf/8.3.0/rv32im/ilp32/libgcc.a(_clz.o)
                0x000000000002cb6c                __clz_tab

.rodata1
 *(.rodata1)

.sdata2
 *(.sdata2 .sdata2.* .gnu.linkonce.s2.*)

.sbss2
 *(.sbss2 .sbss2.* .gnu.linkonce.sb2.*)

.eh_frame_hdr
 *(.eh_frame_hdr)
 *(.eh_frame_entry .eh_frame_entry.*)

.eh_frame
 *(.eh_frame)
 *(.eh_frame.*)

.gcc_except_table
 *(.gcc_except_table .gcc_except_table.*)

.gnu_extab
 *(.gnu_extab*)

.exception_ranges
 *(.exception_ranges*)
                0x000000000002d000                . = DATA_SEGMENT_ALIGN (CONSTANT (MAXPAGESIZE), CONSTANT (COMMONPAGESIZE))

.eh_frame       0x000000000002d000       0x40
 *(.eh_frame)
 .eh_frame      0x000000000002d000        0x0 /opt/riscv/riscv_multilib/lib/gcc/riscv32-unknown-elf/8.3.0/rv32im/ilp32/crtbegin.o
 .eh_frame      0x000000000002d000       0x28 /opt/riscv/riscv_multilib/lib/gcc/riscv32-unknown-elf/8.3.0/rv32im/ilp32/libgcc.a(_udivdi3.o)
 .eh_frame      0x000000000002d028       0x14 /opt/riscv/riscv_multilib/lib/gcc/riscv32-unknown-elf/8.3.0/rv32im/ilp32/libgcc.a(_umoddi3.o)
                                         0x28 (size before relaxing)
 .eh_frame      0x000000000002d03c        0x4 /opt/riscv/riscv_multilib/lib/gcc/riscv32-unknown-elf/8.3.0/rv32im/ilp32/crtend.o
 *(.eh_frame.*)

.gnu_extab
 *(.gnu_extab)

.gcc_except_table
 *(.gcc_except_table .gcc_except_table.*)

.exception_ranges
 *(.exception_ranges*)

.tdata          0x000000000002d040        0x0
                [!provide]                        PROVIDE (__tdata_start = .)
 *(.tdata .tdata.* .gnu.linkonce.td.*)

.tbss
 *(.tbss .tbss.* .gnu.linkonce.tb.*)
 *(.tcommon)

.preinit_array  0x000000000002d040        0x0
                0x000000000002d040                PROVIDE (__preinit_array_start = .)
 *(.preinit_array)
                0x000000000002d040                PROVIDE (__preinit_array_end = .)

.init_array     0x000000000002d040        0x8
                0x000000000002d040                PROVIDE (__init_array_start = .)
 *(SORT_BY_INIT_PRIORITY(.init_array.*) SORT_BY_INIT_PRIORITY(.ctors.*))
 .init_array.00000
                0x000000000002d040        0x4 /opt/riscv/riscv_multilib/lib/gcc/riscv32-unknown-elf/8.3.0/../../../../riscv32-unknown-elf/lib/rv32im/ilp32/libc.a(lib_a-__call_atexit.o)
 *(.init_array EXCLUDE_FILE(*crtend?.o *crtend.o *crtbegin?.o *crtbegin.o) .ctors)
 .init_array    0x000000000002d044        0x4 /opt/riscv/riscv_multilib/lib/gcc/riscv32-unknown-elf/8.3.0/rv32im/ilp32/crtbegin.o
                0x000000000002d048                PROVIDE (__init_array_end = .)

.fini_array     0x000000000002d048        0x4
                0x000000000002d048                PROVIDE (__fini_array_start = .)
 *(SORT_BY_INIT_PRIORITY(.fini_array.*) SORT_BY_INIT_PRIORITY(.dtors.*))
 *(.fini_array EXCLUDE_FILE(*crtend?.o *crtend.o *crtbegin?.o *crtbegin.o) .dtors)
 .fini_array    0x000000000002d048        0x4 /opt/riscv/riscv_multilib/lib/gcc/riscv32-unknown-elf/8.3.0/rv32im/ilp32/crtbegin.o
                0x000000000002d04c                PROVIDE (__fini_array_end = .)

.ctors
 *crtbegin.o(.ctors)
 *crtbegin?.o(.ctors)
 *(EXCLUDE_FILE(*crtend?.o *crtend.o) .ctors)
 *(SORT_BY_NAME(.ctors.*))
 *(.ctors)

.dtors
 *crtbegin.o(.dtors)
 *crtbegin?.o(.dtors)
 *(EXCLUDE_FILE(*crtend?.o *crtend.o) .dtors)
 *(SORT_BY_NAME(.dtors.*))
 *(.dtors)

.jcr
 *(.jcr)

.data.rel.ro
 *(.data.rel.ro.local* .gnu.linkonce.d.rel.ro.local.*)
 *(.data.rel.ro .data.rel.ro.* .gnu.linkonce.d.rel.ro.*)

.dynamic
 *(.dynamic)
                0x000000000002d04c                . = DATA_SEGMENT_RELRO_END (., 0x0)

.data           0x000000000002d050    0x10c8c
                0x000000000002d050                __DATA_BEGIN__ = .
 *(.data .data.* .gnu.linkonce.d.*)
 .data          0x000000000002d050        0x0 /opt/riscv/riscv_multilib/lib/gcc/riscv32-unknown-elf/8.3.0/../../../../riscv32-unknown-elf/lib/rv32im/ilp32/crt0.o
 .data          0x000000000002d050        0x0 /opt/riscv/riscv_multilib/lib/gcc/riscv32-unknown-elf/8.3.0/rv32im/ilp32/crtbegin.o
 .data          0x000000000002d050    0x102f0 ./obj/My_JPEG.o
                0x000000000002d050                image_src_buf
 .data          0x000000000003d340        0x0 ./obj/retarget.o
 .data          0x000000000003d340        0x0 ./obj/common.o
 .data          0x000000000003d340        0x0 /opt/riscv/riscv_multilib/lib/gcc/riscv32-unknown-elf/8.3.0/../../../../riscv32-unknown-elf/lib/rv32im/ilp32/libc.a(lib_a-exit.o)
 .data          0x000000000003d340        0x0 /opt/riscv/riscv_multilib/lib/gcc/riscv32-unknown-elf/8.3.0/../../../../riscv32-unknown-elf/lib/rv32im/ilp32/libc.a(lib_a-fclose.o)
 .data          0x000000000003d340        0x0 /opt/riscv/riscv_multilib/lib/gcc/riscv32-unknown-elf/8.3.0/../../../../riscv32-unknown-elf/lib/rv32im/ilp32/libc.a(lib_a-fflush.o)
 .data          0x000000000003d340        0x0 /opt/riscv/riscv_multilib/lib/gcc/riscv32-unknown-elf/8.3.0/../../../../riscv32-unknown-elf/lib/rv32im/ilp32/libc.a(lib_a-findfp.o)
 .data          0x000000000003d340        0x0 /opt/riscv/riscv_multilib/lib/gcc/riscv32-unknown-elf/8.3.0/../../../../riscv32-unknown-elf/lib/rv32im/ilp32/libc.a(lib_a-fopen.o)
 .data          0x000000000003d340        0x0 /opt/riscv/riscv_multilib/lib/gcc/riscv32-unknown-elf/8.3.0/../../../../riscv32-unknown-elf/lib/rv32im/ilp32/libc.a(lib_a-freer.o)
 .data          0x000000000003d340        0x0 /opt/riscv/riscv_multilib/lib/gcc/riscv32-unknown-elf/8.3.0/../../../../riscv32-unknown-elf/lib/rv32im/ilp32/libc.a(lib_a-fseek.o)
 .data          0x000000000003d340        0x0 /opt/riscv/riscv_multilib/lib/gcc/riscv32-unknown-elf/8.3.0/../../../../riscv32-unknown-elf/lib/rv32im/ilp32/libc.a(lib_a-fseeko.o)
 .data          0x000000000003d340        0x0 /opt/riscv/riscv_multilib/lib/gcc/riscv32-unknown-elf/8.3.0/../../../../riscv32-unknown-elf/lib/rv32im/ilp32/libc.a(lib_a-fstatr.o)
 .data          0x000000000003d340        0x0 /opt/riscv/riscv_multilib/lib/gcc/riscv32-unknown-elf/8.3.0/../../../../riscv32-unknown-elf/lib/rv32im/ilp32/libc.a(lib_a-fwalk.o)
 .data          0x000000000003d340        0x0 /opt/riscv/riscv_multilib/lib/gcc/riscv32-unknown-elf/8.3.0/../../../../riscv32-unknown-elf/lib/rv32im/ilp32/libc.a(lib_a-fwrite.o)
 .data          0x000000000003d340      0x428 /opt/riscv/riscv_multilib/lib/gcc/riscv32-unknown-elf/8.3.0/../../../../riscv32-unknown-elf/lib/rv32im/ilp32/libc.a(lib_a-impure.o)
 .data          0x000000000003d768        0x0 /opt/riscv/riscv_multilib/lib/gcc/riscv32-unknown-elf/8.3.0/../../../../riscv32-unknown-elf/lib/rv32im/ilp32/libc.a(lib_a-init.o)
 .data          0x000000000003d768        0x0 /opt/riscv/riscv_multilib/lib/gcc/riscv32-unknown-elf/8.3.0/../../../../riscv32-unknown-elf/lib/rv32im/ilp32/libc.a(lib_a-makebuf.o)
 .data          0x000000000003d768        0x0 /opt/riscv/riscv_multilib/lib/gcc/riscv32-unknown-elf/8.3.0/../../../../riscv32-unknown-elf/lib/rv32im/ilp32/libc.a(lib_a-malloc.o)
 .data          0x000000000003d768      0x408 /opt/riscv/riscv_multilib/lib/gcc/riscv32-unknown-elf/8.3.0/../../../../riscv32-unknown-elf/lib/rv32im/ilp32/libc.a(lib_a-mallocr.o)
                0x000000000003d768                __malloc_av_
 .data          0x000000000003db70        0x0 /opt/riscv/riscv_multilib/lib/gcc/riscv32-unknown-elf/8.3.0/../../../../riscv32-unknown-elf/lib/rv32im/ilp32/libc.a(lib_a-memset.o)
 .data          0x000000000003db70        0x0 /opt/riscv/riscv_multilib/lib/gcc/riscv32-unknown-elf/8.3.0/../../../../riscv32-unknown-elf/lib/rv32im/ilp32/libc.a(lib_a-mlock.o)
 .data          0x000000000003db70        0x0 /opt/riscv/riscv_multilib/lib/gcc/riscv32-unknown-elf/8.3.0/../../../../riscv32-unknown-elf/lib/rv32im/ilp32/libc.a(lib_a-openr.o)
 .data          0x000000000003db70        0x0 /opt/riscv/riscv_multilib/lib/gcc/riscv32-unknown-elf/8.3.0/../../../../riscv32-unknown-elf/lib/rv32im/ilp32/libc.a(lib_a-printf.o)
 .data          0x000000000003db70        0x0 /opt/riscv/riscv_multilib/lib/gcc/riscv32-unknown-elf/8.3.0/../../../../riscv32-unknown-elf/lib/rv32im/ilp32/libc.a(lib_a-puts.o)
 .data          0x000000000003db70        0x0 /opt/riscv/riscv_multilib/lib/gcc/riscv32-unknown-elf/8.3.0/../../../../riscv32-unknown-elf/lib/rv32im/ilp32/libc.a(lib_a-reent.o)
 .data          0x000000000003db70        0x0 /opt/riscv/riscv_multilib/lib/gcc/riscv32-unknown-elf/8.3.0/../../../../riscv32-unknown-elf/lib/rv32im/ilp32/libc.a(lib_a-refill.o)
 .data          0x000000000003db70        0x0 /opt/riscv/riscv_multilib/lib/gcc/riscv32-unknown-elf/8.3.0/../../../../riscv32-unknown-elf/lib/rv32im/ilp32/libc.a(lib_a-sbrkr.o)
 .data          0x000000000003db70        0x0 /opt/riscv/riscv_multilib/lib/gcc/riscv32-unknown-elf/8.3.0/../../../../riscv32-unknown-elf/lib/rv32im/ilp32/libc.a(lib_a-stdio.o)
 .data          0x000000000003db70        0x0 /opt/riscv/riscv_multilib/lib/gcc/riscv32-unknown-elf/8.3.0/../../../../riscv32-unknown-elf/lib/rv32im/ilp32/libc.a(lib_a-strcpy.o)
 .data          0x000000000003db70        0x0 /opt/riscv/riscv_multilib/lib/gcc/riscv32-unknown-elf/8.3.0/../../../../riscv32-unknown-elf/lib/rv32im/ilp32/libc.a(lib_a-strlen.o)
 .data          0x000000000003db70        0x0 /opt/riscv/riscv_multilib/lib/gcc/riscv32-unknown-elf/8.3.0/../../../../riscv32-unknown-elf/lib/rv32im/ilp32/libc.a(lib_a-vfprintf.o)
 .data          0x000000000003db70        0x0 /opt/riscv/riscv_multilib/lib/gcc/riscv32-unknown-elf/8.3.0/../../../../riscv32-unknown-elf/lib/rv32im/ilp32/libc.a(lib_a-writer.o)
 .data          0x000000000003db70        0x0 /opt/riscv/riscv_multilib/lib/gcc/riscv32-unknown-elf/8.3.0/../../../../riscv32-unknown-elf/lib/rv32im/ilp32/libc.a(lib_a-wsetup.o)
 .data          0x000000000003db70        0x0 /opt/riscv/riscv_multilib/lib/gcc/riscv32-unknown-elf/8.3.0/../../../../riscv32-unknown-elf/lib/rv32im/ilp32/libc.a(lib_a-__call_atexit.o)
 .data          0x000000000003db70        0x0 /opt/riscv/riscv_multilib/lib/gcc/riscv32-unknown-elf/8.3.0/../../../../riscv32-unknown-elf/lib/rv32im/ilp32/libc.a(lib_a-atexit.o)
 .data          0x000000000003db70        0x0 /opt/riscv/riscv_multilib/lib/gcc/riscv32-unknown-elf/8.3.0/../../../../riscv32-unknown-elf/lib/rv32im/ilp32/libc.a(lib_a-closer.o)
 .data          0x000000000003db70        0x0 /opt/riscv/riscv_multilib/lib/gcc/riscv32-unknown-elf/8.3.0/../../../../riscv32-unknown-elf/lib/rv32im/ilp32/libc.a(lib_a-fini.o)
 .data          0x000000000003db70        0x0 /opt/riscv/riscv_multilib/lib/gcc/riscv32-unknown-elf/8.3.0/../../../../riscv32-unknown-elf/lib/rv32im/ilp32/libc.a(lib_a-flags.o)
 .data          0x000000000003db70        0x0 /opt/riscv/riscv_multilib/lib/gcc/riscv32-unknown-elf/8.3.0/../../../../riscv32-unknown-elf/lib/rv32im/ilp32/libc.a(lib_a-fvwrite.o)
 .data          0x000000000003db70        0x0 /opt/riscv/riscv_multilib/lib/gcc/riscv32-unknown-elf/8.3.0/../../../../riscv32-unknown-elf/lib/rv32im/ilp32/libc.a(lib_a-isattyr.o)
 .data          0x000000000003db70        0x0 /opt/riscv/riscv_multilib/lib/gcc/riscv32-unknown-elf/8.3.0/../../../../riscv32-unknown-elf/lib/rv32im/ilp32/libc.a(lib_a-ldtoa.o)
 .data          0x000000000003db70        0x0 /opt/riscv/riscv_multilib/lib/gcc/riscv32-unknown-elf/8.3.0/../../../../riscv32-unknown-elf/lib/rv32im/ilp32/libc.a(lib_a-localeconv.o)
 .data          0x000000000003db70        0x0 /opt/riscv/riscv_multilib/lib/gcc/riscv32-unknown-elf/8.3.0/../../../../riscv32-unknown-elf/lib/rv32im/ilp32/libc.a(lib_a-lseekr.o)
 .data          0x000000000003db70        0x0 /opt/riscv/riscv_multilib/lib/gcc/riscv32-unknown-elf/8.3.0/../../../../riscv32-unknown-elf/lib/rv32im/ilp32/libc.a(lib_a-memchr.o)
 .data          0x000000000003db70        0x0 /opt/riscv/riscv_multilib/lib/gcc/riscv32-unknown-elf/8.3.0/../../../../riscv32-unknown-elf/lib/rv32im/ilp32/libc.a(lib_a-memcpy.o)
 .data          0x000000000003db70        0x0 /opt/riscv/riscv_multilib/lib/gcc/riscv32-unknown-elf/8.3.0/../../../../riscv32-unknown-elf/lib/rv32im/ilp32/libc.a(lib_a-memmove-stub.o)
 .data          0x000000000003db70        0x0 /opt/riscv/riscv_multilib/lib/gcc/riscv32-unknown-elf/8.3.0/../../../../riscv32-unknown-elf/lib/rv32im/ilp32/libc.a(lib_a-mprec.o)
 .data          0x000000000003db70        0x0 /opt/riscv/riscv_multilib/lib/gcc/riscv32-unknown-elf/8.3.0/../../../../riscv32-unknown-elf/lib/rv32im/ilp32/libc.a(lib_a-readr.o)
 .data          0x000000000003db70        0x0 /opt/riscv/riscv_multilib/lib/gcc/riscv32-unknown-elf/8.3.0/../../../../riscv32-unknown-elf/lib/rv32im/ilp32/libc.a(lib_a-reallocr.o)
 .data          0x000000000003db70        0x0 /opt/riscv/riscv_multilib/lib/gcc/riscv32-unknown-elf/8.3.0/../../../../riscv32-unknown-elf/lib/rv32im/ilp32/libc.a(lib_a-s_frexp.o)
 .data          0x000000000003db70        0x0 /opt/riscv/riscv_multilib/lib/gcc/riscv32-unknown-elf/8.3.0/../../../../riscv32-unknown-elf/lib/rv32im/ilp32/libc.a(lib_a-sprintf.o)
 .data          0x000000000003db70        0x0 /opt/riscv/riscv_multilib/lib/gcc/riscv32-unknown-elf/8.3.0/../../../../riscv32-unknown-elf/lib/rv32im/ilp32/libc.a(lib_a-strncpy.o)
 .data          0x000000000003db70        0x0 /opt/riscv/riscv_multilib/lib/gcc/riscv32-unknown-elf/8.3.0/../../../../riscv32-unknown-elf/lib/rv32im/ilp32/libc.a(lib_a-svfprintf.o)
 .data          0x000000000003db70        0x0 /opt/riscv/riscv_multilib/lib/gcc/riscv32-unknown-elf/8.3.0/../../../../riscv32-unknown-elf/lib/rv32im/ilp32/libc.a(lib_a-vfiprintf.o)
 .data          0x000000000003db70        0x0 /opt/riscv/riscv_multilib/lib/gcc/riscv32-unknown-elf/8.3.0/../../../../riscv32-unknown-elf/lib/rv32im/ilp32/libc.a(lib_a-__atexit.o)
 .data          0x000000000003db70        0x0 /opt/riscv/riscv_multilib/lib/gcc/riscv32-unknown-elf/8.3.0/../../../../riscv32-unknown-elf/lib/rv32im/ilp32/libc.a(lib_a-callocr.o)
 .data          0x000000000003db70        0x0 /opt/riscv/riscv_multilib/lib/gcc/riscv32-unknown-elf/8.3.0/../../../../riscv32-unknown-elf/lib/rv32im/ilp32/libc.a(lib_a-fputwc.o)
 .data          0x000000000003db70      0x16c /opt/riscv/riscv_multilib/lib/gcc/riscv32-unknown-elf/8.3.0/../../../../riscv32-unknown-elf/lib/rv32im/ilp32/libc.a(lib_a-locale.o)
                0x000000000003db70                __global_locale
 .data          0x000000000003dcdc        0x0 /opt/riscv/riscv_multilib/lib/gcc/riscv32-unknown-elf/8.3.0/../../../../riscv32-unknown-elf/lib/rv32im/ilp32/libc.a(lib_a-mbtowc_r.o)
 .data          0x000000000003dcdc        0x0 /opt/riscv/riscv_multilib/lib/gcc/riscv32-unknown-elf/8.3.0/../../../../riscv32-unknown-elf/lib/rv32im/ilp32/libc.a(lib_a-strcmp.o)
 .data          0x000000000003dcdc        0x0 /opt/riscv/riscv_multilib/lib/gcc/riscv32-unknown-elf/8.3.0/../../../../riscv32-unknown-elf/lib/rv32im/ilp32/libc.a(lib_a-svfiprintf.o)
 .data          0x000000000003dcdc        0x0 /opt/riscv/riscv_multilib/lib/gcc/riscv32-unknown-elf/8.3.0/../../../../riscv32-unknown-elf/lib/rv32im/ilp32/libc.a(lib_a-wbuf.o)
 .data          0x000000000003dcdc        0x0 /opt/riscv/riscv_multilib/lib/gcc/riscv32-unknown-elf/8.3.0/../../../../riscv32-unknown-elf/lib/rv32im/ilp32/libc.a(lib_a-wcrtomb.o)
 .data          0x000000000003dcdc        0x0 /opt/riscv/riscv_multilib/lib/gcc/riscv32-unknown-elf/8.3.0/../../../../riscv32-unknown-elf/lib/rv32im/ilp32/libc.a(lib_a-wctomb_r.o)
 .data          0x000000000003dcdc        0x0 /opt/riscv/riscv_multilib/lib/gcc/riscv32-unknown-elf/8.3.0/../../../../riscv32-unknown-elf/lib/rv32im/ilp32/libc.a(lib_a-ctype_.o)
 .data          0x000000000003dcdc        0x0 /opt/riscv/riscv_multilib/lib/gcc/riscv32-unknown-elf/8.3.0/../../../../riscv32-unknown-elf/lib/rv32im/ilp32/libgloss.a(sys_close.o)
 .data          0x000000000003dcdc        0x0 /opt/riscv/riscv_multilib/lib/gcc/riscv32-unknown-elf/8.3.0/../../../../riscv32-unknown-elf/lib/rv32im/ilp32/libgloss.a(sys_exit.o)
 .data          0x000000000003dcdc        0x0 /opt/riscv/riscv_multilib/lib/gcc/riscv32-unknown-elf/8.3.0/../../../../riscv32-unknown-elf/lib/rv32im/ilp32/libgloss.a(sys_fstat.o)
 .data          0x000000000003dcdc        0x0 /opt/riscv/riscv_multilib/lib/gcc/riscv32-unknown-elf/8.3.0/../../../../riscv32-unknown-elf/lib/rv32im/ilp32/libgloss.a(sys_isatty.o)
 .data          0x000000000003dcdc        0x0 /opt/riscv/riscv_multilib/lib/gcc/riscv32-unknown-elf/8.3.0/../../../../riscv32-unknown-elf/lib/rv32im/ilp32/libgloss.a(sys_lseek.o)
 .data          0x000000000003dcdc        0x0 /opt/riscv/riscv_multilib/lib/gcc/riscv32-unknown-elf/8.3.0/../../../../riscv32-unknown-elf/lib/rv32im/ilp32/libgloss.a(sys_open.o)
 .data          0x000000000003dcdc        0x0 /opt/riscv/riscv_multilib/lib/gcc/riscv32-unknown-elf/8.3.0/../../../../riscv32-unknown-elf/lib/rv32im/ilp32/libgloss.a(sys_read.o)
 .data          0x000000000003dcdc        0x0 /opt/riscv/riscv_multilib/lib/gcc/riscv32-unknown-elf/8.3.0/../../../../riscv32-unknown-elf/lib/rv32im/ilp32/libgloss.a(sys_sbrk.o)
 .data          0x000000000003dcdc        0x0 /opt/riscv/riscv_multilib/lib/gcc/riscv32-unknown-elf/8.3.0/../../../../riscv32-unknown-elf/lib/rv32im/ilp32/libgloss.a(sys_conv_stat.o)
 .data          0x000000000003dcdc        0x0 /opt/riscv/riscv_multilib/lib/gcc/riscv32-unknown-elf/8.3.0/../../../../riscv32-unknown-elf/lib/rv32im/ilp32/libc.a(lib_a-errno.o)
 .data          0x000000000003dcdc        0x0 /opt/riscv/riscv_multilib/lib/gcc/riscv32-unknown-elf/8.3.0/rv32im/ilp32/libgcc.a(_udivdi3.o)
 .data          0x000000000003dcdc        0x0 /opt/riscv/riscv_multilib/lib/gcc/riscv32-unknown-elf/8.3.0/rv32im/ilp32/libgcc.a(_umoddi3.o)
 .data          0x000000000003dcdc        0x0 /opt/riscv/riscv_multilib/lib/gcc/riscv32-unknown-elf/8.3.0/rv32im/ilp32/libgcc.a(divdf3.o)
 .data          0x000000000003dcdc        0x0 /opt/riscv/riscv_multilib/lib/gcc/riscv32-unknown-elf/8.3.0/rv32im/ilp32/libgcc.a(muldf3.o)
 .data          0x000000000003dcdc        0x0 /opt/riscv/riscv_multilib/lib/gcc/riscv32-unknown-elf/8.3.0/rv32im/ilp32/libgcc.a(eqtf2.o)
 .data          0x000000000003dcdc        0x0 /opt/riscv/riscv_multilib/lib/gcc/riscv32-unknown-elf/8.3.0/rv32im/ilp32/libgcc.a(getf2.o)
 .data          0x000000000003dcdc        0x0 /opt/riscv/riscv_multilib/lib/gcc/riscv32-unknown-elf/8.3.0/rv32im/ilp32/libgcc.a(letf2.o)
 .data          0x000000000003dcdc        0x0 /opt/riscv/riscv_multilib/lib/gcc/riscv32-unknown-elf/8.3.0/rv32im/ilp32/libgcc.a(multf3.o)
 .data          0x000000000003dcdc        0x0 /opt/riscv/riscv_multilib/lib/gcc/riscv32-unknown-elf/8.3.0/rv32im/ilp32/libgcc.a(subtf3.o)
 .data          0x000000000003dcdc        0x0 /opt/riscv/riscv_multilib/lib/gcc/riscv32-unknown-elf/8.3.0/rv32im/ilp32/libgcc.a(fixtfsi.o)
 .data          0x000000000003dcdc        0x0 /opt/riscv/riscv_multilib/lib/gcc/riscv32-unknown-elf/8.3.0/rv32im/ilp32/libgcc.a(floatsitf.o)
 .data          0x000000000003dcdc        0x0 /opt/riscv/riscv_multilib/lib/gcc/riscv32-unknown-elf/8.3.0/rv32im/ilp32/libgcc.a(extenddftf2.o)
 .data          0x000000000003dcdc        0x0 /opt/riscv/riscv_multilib/lib/gcc/riscv32-unknown-elf/8.3.0/rv32im/ilp32/libgcc.a(trunctfdf2.o)
 .data          0x000000000003dcdc        0x0 /opt/riscv/riscv_multilib/lib/gcc/riscv32-unknown-elf/8.3.0/rv32im/ilp32/libgcc.a(_clz.o)
 .data          0x000000000003dcdc        0x0 /opt/riscv/riscv_multilib/lib/gcc/riscv32-unknown-elf/8.3.0/rv32im/ilp32/libgcc.a(_clzsi2.o)
 .data          0x000000000003dcdc        0x0 /opt/riscv/riscv_multilib/lib/gcc/riscv32-unknown-elf/8.3.0/rv32im/ilp32/crtend.o

.tm_clone_table
                0x000000000003dcdc        0x0
 .tm_clone_table
                0x000000000003dcdc        0x0 /opt/riscv/riscv_multilib/lib/gcc/riscv32-unknown-elf/8.3.0/rv32im/ilp32/crtbegin.o
 .tm_clone_table
                0x000000000003dcdc        0x0 /opt/riscv/riscv_multilib/lib/gcc/riscv32-unknown-elf/8.3.0/rv32im/ilp32/crtend.o

.data1
 *(.data1)

.got
 *(.got.plt)
 *(.igot.plt)
 *(.got)
 *(.igot)

.sdata          0x000000000003dce0       0x34
                0x000000000003dce0                __SDATA_BEGIN__ = .
 *(.srodata.cst16)
 *(.srodata.cst8)
 .srodata.cst8  0x000000000003dce0       0x10 /opt/riscv/riscv_multilib/lib/gcc/riscv32-unknown-elf/8.3.0/../../../../riscv32-unknown-elf/lib/rv32im/ilp32/libc.a(lib_a-mprec.o)
 .srodata.cst8  0x000000000003dcf0        0x8 /opt/riscv/riscv_multilib/lib/gcc/riscv32-unknown-elf/8.3.0/../../../../riscv32-unknown-elf/lib/rv32im/ilp32/libc.a(lib_a-s_frexp.o)
 *(.srodata.cst4)
 *(.srodata.cst2)
 *(.srodata .srodata.*)
 .srodata       0x000000000003dcf8        0x4 /opt/riscv/riscv_multilib/lib/gcc/riscv32-unknown-elf/8.3.0/../../../../riscv32-unknown-elf/lib/rv32im/ilp32/libc.a(lib_a-impure.o)
                0x000000000003dcf8                _global_impure_ptr
 *(.sdata .sdata.* .gnu.linkonce.s.*)
 .sdata         0x000000000003dcfc        0x4 /opt/riscv/riscv_multilib/lib/gcc/riscv32-unknown-elf/8.3.0/rv32im/ilp32/crtbegin.o
                0x000000000003dcfc                __dso_handle
 .sdata         0x000000000003dd00        0x8 ./obj/My_JPEG.o
 .sdata         0x000000000003dd08        0x4 /opt/riscv/riscv_multilib/lib/gcc/riscv32-unknown-elf/8.3.0/../../../../riscv32-unknown-elf/lib/rv32im/ilp32/libc.a(lib_a-impure.o)
                0x000000000003dd08                _impure_ptr
 .sdata         0x000000000003dd0c        0x8 /opt/riscv/riscv_multilib/lib/gcc/riscv32-unknown-elf/8.3.0/../../../../riscv32-unknown-elf/lib/rv32im/ilp32/libc.a(lib_a-mallocr.o)
                0x000000000003dd0c                __malloc_sbrk_base
                0x000000000003dd10                __malloc_trim_threshold
                0x000000000003dd14                _edata = .
                [!provide]                        PROVIDE (edata = .)
                0x000000000003dd14                . = .
                0x000000000003dd14                __bss_start = .

.sbss           0x000000000003dd14       0x14
 *(.dynsbss)
 *(.sbss .sbss.* .gnu.linkonce.sb.*)
 .sbss          0x000000000003dd14        0xc /opt/riscv/riscv_multilib/lib/gcc/riscv32-unknown-elf/8.3.0/../../../../riscv32-unknown-elf/lib/rv32im/ilp32/libc.a(lib_a-mallocr.o)
                0x000000000003dd14                __malloc_max_total_mem
                0x000000000003dd18                __malloc_max_sbrked_mem
                0x000000000003dd1c                __malloc_top_pad
 .sbss          0x000000000003dd20        0x4 /opt/riscv/riscv_multilib/lib/gcc/riscv32-unknown-elf/8.3.0/../../../../riscv32-unknown-elf/lib/rv32im/ilp32/libc.a(lib_a-locale.o)
                0x000000000003dd20                _PathLocale
 .sbss          0x000000000003dd24        0x4 /opt/riscv/riscv_multilib/lib/gcc/riscv32-unknown-elf/8.3.0/../../../../riscv32-unknown-elf/lib/rv32im/ilp32/libgloss.a(sys_sbrk.o)
 *(.scommon)

.bss            0x000000000003dd28   0x30bcc4
 *(.dynbss)
 *(.bss .bss.* .gnu.linkonce.b.*)
 .bss           0x000000000003dd28        0x0 /opt/riscv/riscv_multilib/lib/gcc/riscv32-unknown-elf/8.3.0/../../../../riscv32-unknown-elf/lib/rv32im/ilp32/crt0.o
 .bss           0x000000000003dd28       0x1c /opt/riscv/riscv_multilib/lib/gcc/riscv32-unknown-elf/8.3.0/rv32im/ilp32/crtbegin.o
 .bss           0x000000000003dd44     0x7b9c ./obj/My_JPEG.o
 .bss           0x00000000000458e0        0x0 ./obj/retarget.o
 .bss           0x00000000000458e0        0x0 ./obj/common.o
 .bss           0x00000000000458e0        0x0 /opt/riscv/riscv_multilib/lib/gcc/riscv32-unknown-elf/8.3.0/../../../../riscv32-unknown-elf/lib/rv32im/ilp32/libc.a(lib_a-exit.o)
 .bss           0x00000000000458e0        0x0 /opt/riscv/riscv_multilib/lib/gcc/riscv32-unknown-elf/8.3.0/../../../../riscv32-unknown-elf/lib/rv32im/ilp32/libc.a(lib_a-fclose.o)
 .bss           0x00000000000458e0        0x0 /opt/riscv/riscv_multilib/lib/gcc/riscv32-unknown-elf/8.3.0/../../../../riscv32-unknown-elf/lib/rv32im/ilp32/libc.a(lib_a-fflush.o)
 .bss           0x00000000000458e0        0x0 /opt/riscv/riscv_multilib/lib/gcc/riscv32-unknown-elf/8.3.0/../../../../riscv32-unknown-elf/lib/rv32im/ilp32/libc.a(lib_a-findfp.o)
 .bss           0x00000000000458e0        0x0 /opt/riscv/riscv_multilib/lib/gcc/riscv32-unknown-elf/8.3.0/../../../../riscv32-unknown-elf/lib/rv32im/ilp32/libc.a(lib_a-fopen.o)
 .bss           0x00000000000458e0        0x0 /opt/riscv/riscv_multilib/lib/gcc/riscv32-unknown-elf/8.3.0/../../../../riscv32-unknown-elf/lib/rv32im/ilp32/libc.a(lib_a-freer.o)
 .bss           0x00000000000458e0        0x0 /opt/riscv/riscv_multilib/lib/gcc/riscv32-unknown-elf/8.3.0/../../../../riscv32-unknown-elf/lib/rv32im/ilp32/libc.a(lib_a-fseek.o)
 .bss           0x00000000000458e0        0x0 /opt/riscv/riscv_multilib/lib/gcc/riscv32-unknown-elf/8.3.0/../../../../riscv32-unknown-elf/lib/rv32im/ilp32/libc.a(lib_a-fseeko.o)
 .bss           0x00000000000458e0        0x0 /opt/riscv/riscv_multilib/lib/gcc/riscv32-unknown-elf/8.3.0/../../../../riscv32-unknown-elf/lib/rv32im/ilp32/libc.a(lib_a-fstatr.o)
 .bss           0x00000000000458e0        0x0 /opt/riscv/riscv_multilib/lib/gcc/riscv32-unknown-elf/8.3.0/../../../../riscv32-unknown-elf/lib/rv32im/ilp32/libc.a(lib_a-fwalk.o)
 .bss           0x00000000000458e0        0x0 /opt/riscv/riscv_multilib/lib/gcc/riscv32-unknown-elf/8.3.0/../../../../riscv32-unknown-elf/lib/rv32im/ilp32/libc.a(lib_a-fwrite.o)
 .bss           0x00000000000458e0        0x0 /opt/riscv/riscv_multilib/lib/gcc/riscv32-unknown-elf/8.3.0/../../../../riscv32-unknown-elf/lib/rv32im/ilp32/libc.a(lib_a-impure.o)
 .bss           0x00000000000458e0        0x0 /opt/riscv/riscv_multilib/lib/gcc/riscv32-unknown-elf/8.3.0/../../../../riscv32-unknown-elf/lib/rv32im/ilp32/libc.a(lib_a-init.o)
 .bss           0x00000000000458e0        0x0 /opt/riscv/riscv_multilib/lib/gcc/riscv32-unknown-elf/8.3.0/../../../../riscv32-unknown-elf/lib/rv32im/ilp32/libc.a(lib_a-makebuf.o)
 .bss           0x00000000000458e0        0x0 /opt/riscv/riscv_multilib/lib/gcc/riscv32-unknown-elf/8.3.0/../../../../riscv32-unknown-elf/lib/rv32im/ilp32/libc.a(lib_a-malloc.o)
 .bss           0x00000000000458e0       0x28 /opt/riscv/riscv_multilib/lib/gcc/riscv32-unknown-elf/8.3.0/../../../../riscv32-unknown-elf/lib/rv32im/ilp32/libc.a(lib_a-mallocr.o)
                0x00000000000458e0                __malloc_current_mallinfo
 .bss           0x0000000000045908        0x0 /opt/riscv/riscv_multilib/lib/gcc/riscv32-unknown-elf/8.3.0/../../../../riscv32-unknown-elf/lib/rv32im/ilp32/libc.a(lib_a-memset.o)
 .bss           0x0000000000045908        0x0 /opt/riscv/riscv_multilib/lib/gcc/riscv32-unknown-elf/8.3.0/../../../../riscv32-unknown-elf/lib/rv32im/ilp32/libc.a(lib_a-mlock.o)
 .bss           0x0000000000045908        0x0 /opt/riscv/riscv_multilib/lib/gcc/riscv32-unknown-elf/8.3.0/../../../../riscv32-unknown-elf/lib/rv32im/ilp32/libc.a(lib_a-openr.o)
 .bss           0x0000000000045908        0x0 /opt/riscv/riscv_multilib/lib/gcc/riscv32-unknown-elf/8.3.0/../../../../riscv32-unknown-elf/lib/rv32im/ilp32/libc.a(lib_a-printf.o)
 .bss           0x0000000000045908        0x0 /opt/riscv/riscv_multilib/lib/gcc/riscv32-unknown-elf/8.3.0/../../../../riscv32-unknown-elf/lib/rv32im/ilp32/libc.a(lib_a-puts.o)
 .bss           0x0000000000045908        0x0 /opt/riscv/riscv_multilib/lib/gcc/riscv32-unknown-elf/8.3.0/../../../../riscv32-unknown-elf/lib/rv32im/ilp32/libc.a(lib_a-reent.o)
 .bss           0x0000000000045908        0x0 /opt/riscv/riscv_multilib/lib/gcc/riscv32-unknown-elf/8.3.0/../../../../riscv32-unknown-elf/lib/rv32im/ilp32/libc.a(lib_a-refill.o)
 .bss           0x0000000000045908        0x0 /opt/riscv/riscv_multilib/lib/gcc/riscv32-unknown-elf/8.3.0/../../../../riscv32-unknown-elf/lib/rv32im/ilp32/libc.a(lib_a-sbrkr.o)
 .bss           0x0000000000045908        0x0 /opt/riscv/riscv_multilib/lib/gcc/riscv32-unknown-elf/8.3.0/../../../../riscv32-unknown-elf/lib/rv32im/ilp32/libc.a(lib_a-stdio.o)
 .bss           0x0000000000045908        0x0 /opt/riscv/riscv_multilib/lib/gcc/riscv32-unknown-elf/8.3.0/../../../../riscv32-unknown-elf/lib/rv32im/ilp32/libc.a(lib_a-strcpy.o)
 .bss           0x0000000000045908        0x0 /opt/riscv/riscv_multilib/lib/gcc/riscv32-unknown-elf/8.3.0/../../../../riscv32-unknown-elf/lib/rv32im/ilp32/libc.a(lib_a-strlen.o)
 .bss           0x0000000000045908        0x0 /opt/riscv/riscv_multilib/lib/gcc/riscv32-unknown-elf/8.3.0/../../../../riscv32-unknown-elf/lib/rv32im/ilp32/libc.a(lib_a-vfprintf.o)
 .bss           0x0000000000045908        0x0 /opt/riscv/riscv_multilib/lib/gcc/riscv32-unknown-elf/8.3.0/../../../../riscv32-unknown-elf/lib/rv32im/ilp32/libc.a(lib_a-writer.o)
 .bss           0x0000000000045908        0x0 /opt/riscv/riscv_multilib/lib/gcc/riscv32-unknown-elf/8.3.0/../../../../riscv32-unknown-elf/lib/rv32im/ilp32/libc.a(lib_a-wsetup.o)
 .bss           0x0000000000045908        0x0 /opt/riscv/riscv_multilib/lib/gcc/riscv32-unknown-elf/8.3.0/../../../../riscv32-unknown-elf/lib/rv32im/ilp32/libc.a(lib_a-__call_atexit.o)
 .bss           0x0000000000045908        0x0 /opt/riscv/riscv_multilib/lib/gcc/riscv32-unknown-elf/8.3.0/../../../../riscv32-unknown-elf/lib/rv32im/ilp32/libc.a(lib_a-atexit.o)
 .bss           0x0000000000045908        0x0 /opt/riscv/riscv_multilib/lib/gcc/riscv32-unknown-elf/8.3.0/../../../../riscv32-unknown-elf/lib/rv32im/ilp32/libc.a(lib_a-closer.o)
 .bss           0x0000000000045908        0x0 /opt/riscv/riscv_multilib/lib/gcc/riscv32-unknown-elf/8.3.0/../../../../riscv32-unknown-elf/lib/rv32im/ilp32/libc.a(lib_a-fini.o)
 .bss           0x0000000000045908        0x0 /opt/riscv/riscv_multilib/lib/gcc/riscv32-unknown-elf/8.3.0/../../../../riscv32-unknown-elf/lib/rv32im/ilp32/libc.a(lib_a-flags.o)
 .bss           0x0000000000045908        0x0 /opt/riscv/riscv_multilib/lib/gcc/riscv32-unknown-elf/8.3.0/../../../../riscv32-unknown-elf/lib/rv32im/ilp32/libc.a(lib_a-fvwrite.o)
 .bss           0x0000000000045908        0x0 /opt/riscv/riscv_multilib/lib/gcc/riscv32-unknown-elf/8.3.0/../../../../riscv32-unknown-elf/lib/rv32im/ilp32/libc.a(lib_a-isattyr.o)
 .bss           0x0000000000045908        0x0 /opt/riscv/riscv_multilib/lib/gcc/riscv32-unknown-elf/8.3.0/../../../../riscv32-unknown-elf/lib/rv32im/ilp32/libc.a(lib_a-ldtoa.o)
 .bss           0x0000000000045908        0x0 /opt/riscv/riscv_multilib/lib/gcc/riscv32-unknown-elf/8.3.0/../../../../riscv32-unknown-elf/lib/rv32im/ilp32/libc.a(lib_a-localeconv.o)
 .bss           0x0000000000045908        0x0 /opt/riscv/riscv_multilib/lib/gcc/riscv32-unknown-elf/8.3.0/../../../../riscv32-unknown-elf/lib/rv32im/ilp32/libc.a(lib_a-lseekr.o)
 .bss           0x0000000000045908        0x0 /opt/riscv/riscv_multilib/lib/gcc/riscv32-unknown-elf/8.3.0/../../../../riscv32-unknown-elf/lib/rv32im/ilp32/libc.a(lib_a-memchr.o)
 .bss           0x0000000000045908        0x0 /opt/riscv/riscv_multilib/lib/gcc/riscv32-unknown-elf/8.3.0/../../../../riscv32-unknown-elf/lib/rv32im/ilp32/libc.a(lib_a-memcpy.o)
 .bss           0x0000000000045908        0x0 /opt/riscv/riscv_multilib/lib/gcc/riscv32-unknown-elf/8.3.0/../../../../riscv32-unknown-elf/lib/rv32im/ilp32/libc.a(lib_a-memmove-stub.o)
 .bss           0x0000000000045908        0x0 /opt/riscv/riscv_multilib/lib/gcc/riscv32-unknown-elf/8.3.0/../../../../riscv32-unknown-elf/lib/rv32im/ilp32/libc.a(lib_a-mprec.o)
 .bss           0x0000000000045908        0x0 /opt/riscv/riscv_multilib/lib/gcc/riscv32-unknown-elf/8.3.0/../../../../riscv32-unknown-elf/lib/rv32im/ilp32/libc.a(lib_a-readr.o)
 .bss           0x0000000000045908        0x0 /opt/riscv/riscv_multilib/lib/gcc/riscv32-unknown-elf/8.3.0/../../../../riscv32-unknown-elf/lib/rv32im/ilp32/libc.a(lib_a-reallocr.o)
 .bss           0x0000000000045908        0x0 /opt/riscv/riscv_multilib/lib/gcc/riscv32-unknown-elf/8.3.0/../../../../riscv32-unknown-elf/lib/rv32im/ilp32/libc.a(lib_a-s_frexp.o)
 .bss           0x0000000000045908        0x0 /opt/riscv/riscv_multilib/lib/gcc/riscv32-unknown-elf/8.3.0/../../../../riscv32-unknown-elf/lib/rv32im/ilp32/libc.a(lib_a-sprintf.o)
 .bss           0x0000000000045908        0x0 /opt/riscv/riscv_multilib/lib/gcc/riscv32-unknown-elf/8.3.0/../../../../riscv32-unknown-elf/lib/rv32im/ilp32/libc.a(lib_a-strncpy.o)
 .bss           0x0000000000045908        0x0 /opt/riscv/riscv_multilib/lib/gcc/riscv32-unknown-elf/8.3.0/../../../../riscv32-unknown-elf/lib/rv32im/ilp32/libc.a(lib_a-svfprintf.o)
 .bss           0x0000000000045908        0x0 /opt/riscv/riscv_multilib/lib/gcc/riscv32-unknown-elf/8.3.0/../../../../riscv32-unknown-elf/lib/rv32im/ilp32/libc.a(lib_a-vfiprintf.o)
 .bss           0x0000000000045908        0x0 /opt/riscv/riscv_multilib/lib/gcc/riscv32-unknown-elf/8.3.0/../../../../riscv32-unknown-elf/lib/rv32im/ilp32/libc.a(lib_a-__atexit.o)
 .bss           0x0000000000045908        0x0 /opt/riscv/riscv_multilib/lib/gcc/riscv32-unknown-elf/8.3.0/../../../../riscv32-unknown-elf/lib/rv32im/ilp32/libc.a(lib_a-callocr.o)
 .bss           0x0000000000045908        0x0 /opt/riscv/riscv_multilib/lib/gcc/riscv32-unknown-elf/8.3.0/../../../../riscv32-unknown-elf/lib/rv32im/ilp32/libc.a(lib_a-fputwc.o)
 .bss           0x0000000000045908        0x0 /opt/riscv/riscv_multilib/lib/gcc/riscv32-unknown-elf/8.3.0/../../../../riscv32-unknown-elf/lib/rv32im/ilp32/libc.a(lib_a-locale.o)
 .bss           0x0000000000045908        0x0 /opt/riscv/riscv_multilib/lib/gcc/riscv32-unknown-elf/8.3.0/../../../../riscv32-unknown-elf/lib/rv32im/ilp32/libc.a(lib_a-mbtowc_r.o)
 .bss           0x0000000000045908        0x0 /opt/riscv/riscv_multilib/lib/gcc/riscv32-unknown-elf/8.3.0/../../../../riscv32-unknown-elf/lib/rv32im/ilp32/libc.a(lib_a-strcmp.o)
 .bss           0x0000000000045908        0x0 /opt/riscv/riscv_multilib/lib/gcc/riscv32-unknown-elf/8.3.0/../../../../riscv32-unknown-elf/lib/rv32im/ilp32/libc.a(lib_a-svfiprintf.o)
 .bss           0x0000000000045908        0x0 /opt/riscv/riscv_multilib/lib/gcc/riscv32-unknown-elf/8.3.0/../../../../riscv32-unknown-elf/lib/rv32im/ilp32/libc.a(lib_a-wbuf.o)
 .bss           0x0000000000045908        0x0 /opt/riscv/riscv_multilib/lib/gcc/riscv32-unknown-elf/8.3.0/../../../../riscv32-unknown-elf/lib/rv32im/ilp32/libc.a(lib_a-wcrtomb.o)
 .bss           0x0000000000045908        0x0 /opt/riscv/riscv_multilib/lib/gcc/riscv32-unknown-elf/8.3.0/../../../../riscv32-unknown-elf/lib/rv32im/ilp32/libc.a(lib_a-wctomb_r.o)
 .bss           0x0000000000045908        0x0 /opt/riscv/riscv_multilib/lib/gcc/riscv32-unknown-elf/8.3.0/../../../../riscv32-unknown-elf/lib/rv32im/ilp32/libc.a(lib_a-ctype_.o)
 .bss           0x0000000000045908        0x0 /opt/riscv/riscv_multilib/lib/gcc/riscv32-unknown-elf/8.3.0/../../../../riscv32-unknown-elf/lib/rv32im/ilp32/libgloss.a(sys_close.o)
 .bss           0x0000000000045908        0x0 /opt/riscv/riscv_multilib/lib/gcc/riscv32-unknown-elf/8.3.0/../../../../riscv32-unknown-elf/lib/rv32im/ilp32/libgloss.a(sys_exit.o)
 .bss           0x0000000000045908        0x0 /opt/riscv/riscv_multilib/lib/gcc/riscv32-unknown-elf/8.3.0/../../../../riscv32-unknown-elf/lib/rv32im/ilp32/libgloss.a(sys_fstat.o)
 .bss           0x0000000000045908        0x0 /opt/riscv/riscv_multilib/lib/gcc/riscv32-unknown-elf/8.3.0/../../../../riscv32-unknown-elf/lib/rv32im/ilp32/libgloss.a(sys_isatty.o)
 .bss           0x0000000000045908        0x0 /opt/riscv/riscv_multilib/lib/gcc/riscv32-unknown-elf/8.3.0/../../../../riscv32-unknown-elf/lib/rv32im/ilp32/libgloss.a(sys_lseek.o)
 .bss           0x0000000000045908        0x0 /opt/riscv/riscv_multilib/lib/gcc/riscv32-unknown-elf/8.3.0/../../../../riscv32-unknown-elf/lib/rv32im/ilp32/libgloss.a(sys_open.o)
 .bss           0x0000000000045908        0x0 /opt/riscv/riscv_multilib/lib/gcc/riscv32-unknown-elf/8.3.0/../../../../riscv32-unknown-elf/lib/rv32im/ilp32/libgloss.a(sys_read.o)
 .bss           0x0000000000045908        0x0 /opt/riscv/riscv_multilib/lib/gcc/riscv32-unknown-elf/8.3.0/../../../../riscv32-unknown-elf/lib/rv32im/ilp32/libgloss.a(sys_sbrk.o)
 .bss           0x0000000000045908        0x0 /opt/riscv/riscv_multilib/lib/gcc/riscv32-unknown-elf/8.3.0/../../../../riscv32-unknown-elf/lib/rv32im/ilp32/libgloss.a(sys_conv_stat.o)
 .bss           0x0000000000045908        0x0 /opt/riscv/riscv_multilib/lib/gcc/riscv32-unknown-elf/8.3.0/../../../../riscv32-unknown-elf/lib/rv32im/ilp32/libc.a(lib_a-errno.o)
 .bss           0x0000000000045908        0x0 /opt/riscv/riscv_multilib/lib/gcc/riscv32-unknown-elf/8.3.0/rv32im/ilp32/libgcc.a(_udivdi3.o)
 .bss           0x0000000000045908        0x0 /opt/riscv/riscv_multilib/lib/gcc/riscv32-unknown-elf/8.3.0/rv32im/ilp32/libgcc.a(_umoddi3.o)
 .bss           0x0000000000045908        0x0 /opt/riscv/riscv_multilib/lib/gcc/riscv32-unknown-elf/8.3.0/rv32im/ilp32/libgcc.a(divdf3.o)
 .bss           0x0000000000045908        0x0 /opt/riscv/riscv_multilib/lib/gcc/riscv32-unknown-elf/8.3.0/rv32im/ilp32/libgcc.a(muldf3.o)
 .bss           0x0000000000045908        0x0 /opt/riscv/riscv_multilib/lib/gcc/riscv32-unknown-elf/8.3.0/rv32im/ilp32/libgcc.a(eqtf2.o)
 .bss           0x0000000000045908        0x0 /opt/riscv/riscv_multilib/lib/gcc/riscv32-unknown-elf/8.3.0/rv32im/ilp32/libgcc.a(getf2.o)
 .bss           0x0000000000045908        0x0 /opt/riscv/riscv_multilib/lib/gcc/riscv32-unknown-elf/8.3.0/rv32im/ilp32/libgcc.a(letf2.o)
 .bss           0x0000000000045908        0x0 /opt/riscv/riscv_multilib/lib/gcc/riscv32-unknown-elf/8.3.0/rv32im/ilp32/libgcc.a(multf3.o)
 .bss           0x0000000000045908        0x0 /opt/riscv/riscv_multilib/lib/gcc/riscv32-unknown-elf/8.3.0/rv32im/ilp32/libgcc.a(subtf3.o)
 .bss           0x0000000000045908        0x0 /opt/riscv/riscv_multilib/lib/gcc/riscv32-unknown-elf/8.3.0/rv32im/ilp32/libgcc.a(fixtfsi.o)
 .bss           0x0000000000045908        0x0 /opt/riscv/riscv_multilib/lib/gcc/riscv32-unknown-elf/8.3.0/rv32im/ilp32/libgcc.a(floatsitf.o)
 .bss           0x0000000000045908        0x0 /opt/riscv/riscv_multilib/lib/gcc/riscv32-unknown-elf/8.3.0/rv32im/ilp32/libgcc.a(extenddftf2.o)
 .bss           0x0000000000045908        0x0 /opt/riscv/riscv_multilib/lib/gcc/riscv32-unknown-elf/8.3.0/rv32im/ilp32/libgcc.a(trunctfdf2.o)
 .bss           0x0000000000045908        0x0 /opt/riscv/riscv_multilib/lib/gcc/riscv32-unknown-elf/8.3.0/rv32im/ilp32/libgcc.a(_clz.o)
 .bss           0x0000000000045908        0x0 /opt/riscv/riscv_multilib/lib/gcc/riscv32-unknown-elf/8.3.0/rv32im/ilp32/libgcc.a(_clzsi2.o)
 .bss           0x0000000000045908        0x0 /opt/riscv/riscv_multilib/lib/gcc/riscv32-unknown-elf/8.3.0/rv32im/ilp32/crtend.o
 *(COMMON)
 COMMON         0x0000000000045908   0x304010 ./obj/My_JPEG.o
                0x0000000000045908                total_len
                0x000000000004590c                tile_in
                0x000000000004990c                ENDWT
                0x0000000000049910                DONEDWT
                0x0000000000049914                image_dst_buf
                0x0000000000349914                len
 COMMON         0x0000000000349918       0xd0 ./obj/retarget.o
                0x0000000000349918                __stdin
                0x0000000000349980                __stdout
 COMMON         0x00000000003499e8        0x4 /opt/riscv/riscv_multilib/lib/gcc/riscv32-unknown-elf/8.3.0/../../../../riscv32-unknown-elf/lib/rv32im/ilp32/libc.a(lib_a-reent.o)
                0x00000000003499e8                errno
                0x00000000003499ec                . = ALIGN ((. != 0x0)?0x4:0x1)
                0x00000000003499ec                . = ALIGN (0x4)
                0x00000000003499ec                . = SEGMENT_START ("ldata-segment", .)
                0x00000000003499ec                . = ALIGN (0x4)
                0x00000000003499ec                __BSS_END__ = .
                0x000000000003e4e0                __global_pointer$ = MIN ((__SDATA_BEGIN__ + 0x800), MAX ((__DATA_BEGIN__ + 0x800), (__BSS_END__ - 0x800)))
                0x00000000003499ec                _end = .
                [!provide]                        PROVIDE (end = .)
                0x00000000003499ec                . = DATA_SEGMENT_END (.)

.stab
 *(.stab)

.stabstr
 *(.stabstr)

.stab.excl
 *(.stab.excl)

.stab.exclstr
 *(.stab.exclstr)

.stab.index
 *(.stab.index)

.stab.indexstr
 *(.stab.indexstr)

.comment        0x0000000000000000       0x11
 *(.comment)
 .comment       0x0000000000000000       0x11 /opt/riscv/riscv_multilib/lib/gcc/riscv32-unknown-elf/8.3.0/rv32im/ilp32/crtbegin.o
                                         0x12 (size before relaxing)
 .comment       0x0000000000000011       0x12 ./obj/My_JPEG.o
 .comment       0x0000000000000011       0x12 ./obj/retarget.o
 .comment       0x0000000000000011       0x12 ./obj/common.o
 .comment       0x0000000000000011       0x12 /opt/riscv/riscv_multilib/lib/gcc/riscv32-unknown-elf/8.3.0/../../../../riscv32-unknown-elf/lib/rv32im/ilp32/libc.a(lib_a-exit.o)
 .comment       0x0000000000000011       0x12 /opt/riscv/riscv_multilib/lib/gcc/riscv32-unknown-elf/8.3.0/../../../../riscv32-unknown-elf/lib/rv32im/ilp32/libc.a(lib_a-fclose.o)
 .comment       0x0000000000000011       0x12 /opt/riscv/riscv_multilib/lib/gcc/riscv32-unknown-elf/8.3.0/../../../../riscv32-unknown-elf/lib/rv32im/ilp32/libc.a(lib_a-fflush.o)
 .comment       0x0000000000000011       0x12 /opt/riscv/riscv_multilib/lib/gcc/riscv32-unknown-elf/8.3.0/../../../../riscv32-unknown-elf/lib/rv32im/ilp32/libc.a(lib_a-findfp.o)
 .comment       0x0000000000000011       0x12 /opt/riscv/riscv_multilib/lib/gcc/riscv32-unknown-elf/8.3.0/../../../../riscv32-unknown-elf/lib/rv32im/ilp32/libc.a(lib_a-fopen.o)
 .comment       0x0000000000000011       0x12 /opt/riscv/riscv_multilib/lib/gcc/riscv32-unknown-elf/8.3.0/../../../../riscv32-unknown-elf/lib/rv32im/ilp32/libc.a(lib_a-freer.o)
 .comment       0x0000000000000011       0x12 /opt/riscv/riscv_multilib/lib/gcc/riscv32-unknown-elf/8.3.0/../../../../riscv32-unknown-elf/lib/rv32im/ilp32/libc.a(lib_a-fseek.o)
 .comment       0x0000000000000011       0x12 /opt/riscv/riscv_multilib/lib/gcc/riscv32-unknown-elf/8.3.0/../../../../riscv32-unknown-elf/lib/rv32im/ilp32/libc.a(lib_a-fseeko.o)
 .comment       0x0000000000000011       0x12 /opt/riscv/riscv_multilib/lib/gcc/riscv32-unknown-elf/8.3.0/../../../../riscv32-unknown-elf/lib/rv32im/ilp32/libc.a(lib_a-fstatr.o)
 .comment       0x0000000000000011       0x12 /opt/riscv/riscv_multilib/lib/gcc/riscv32-unknown-elf/8.3.0/../../../../riscv32-unknown-elf/lib/rv32im/ilp32/libc.a(lib_a-fwalk.o)
 .comment       0x0000000000000011       0x12 /opt/riscv/riscv_multilib/lib/gcc/riscv32-unknown-elf/8.3.0/../../../../riscv32-unknown-elf/lib/rv32im/ilp32/libc.a(lib_a-fwrite.o)
 .comment       0x0000000000000011       0x12 /opt/riscv/riscv_multilib/lib/gcc/riscv32-unknown-elf/8.3.0/../../../../riscv32-unknown-elf/lib/rv32im/ilp32/libc.a(lib_a-impure.o)
 .comment       0x0000000000000011       0x12 /opt/riscv/riscv_multilib/lib/gcc/riscv32-unknown-elf/8.3.0/../../../../riscv32-unknown-elf/lib/rv32im/ilp32/libc.a(lib_a-init.o)
 .comment       0x0000000000000011       0x12 /opt/riscv/riscv_multilib/lib/gcc/riscv32-unknown-elf/8.3.0/../../../../riscv32-unknown-elf/lib/rv32im/ilp32/libc.a(lib_a-makebuf.o)
 .comment       0x0000000000000011       0x12 /opt/riscv/riscv_multilib/lib/gcc/riscv32-unknown-elf/8.3.0/../../../../riscv32-unknown-elf/lib/rv32im/ilp32/libc.a(lib_a-malloc.o)
 .comment       0x0000000000000011       0x12 /opt/riscv/riscv_multilib/lib/gcc/riscv32-unknown-elf/8.3.0/../../../../riscv32-unknown-elf/lib/rv32im/ilp32/libc.a(lib_a-mallocr.o)
 .comment       0x0000000000000011       0x12 /opt/riscv/riscv_multilib/lib/gcc/riscv32-unknown-elf/8.3.0/../../../../riscv32-unknown-elf/lib/rv32im/ilp32/libc.a(lib_a-mlock.o)
 .comment       0x0000000000000011       0x12 /opt/riscv/riscv_multilib/lib/gcc/riscv32-unknown-elf/8.3.0/../../../../riscv32-unknown-elf/lib/rv32im/ilp32/libc.a(lib_a-openr.o)
 .comment       0x0000000000000011       0x12 /opt/riscv/riscv_multilib/lib/gcc/riscv32-unknown-elf/8.3.0/../../../../riscv32-unknown-elf/lib/rv32im/ilp32/libc.a(lib_a-printf.o)
 .comment       0x0000000000000011       0x12 /opt/riscv/riscv_multilib/lib/gcc/riscv32-unknown-elf/8.3.0/../../../../riscv32-unknown-elf/lib/rv32im/ilp32/libc.a(lib_a-puts.o)
 .comment       0x0000000000000011       0x12 /opt/riscv/riscv_multilib/lib/gcc/riscv32-unknown-elf/8.3.0/../../../../riscv32-unknown-elf/lib/rv32im/ilp32/libc.a(lib_a-reent.o)
 .comment       0x0000000000000011       0x12 /opt/riscv/riscv_multilib/lib/gcc/riscv32-unknown-elf/8.3.0/../../../../riscv32-unknown-elf/lib/rv32im/ilp32/libc.a(lib_a-refill.o)
 .comment       0x0000000000000011       0x12 /opt/riscv/riscv_multilib/lib/gcc/riscv32-unknown-elf/8.3.0/../../../../riscv32-unknown-elf/lib/rv32im/ilp32/libc.a(lib_a-sbrkr.o)
 .comment       0x0000000000000011       0x12 /opt/riscv/riscv_multilib/lib/gcc/riscv32-unknown-elf/8.3.0/../../../../riscv32-unknown-elf/lib/rv32im/ilp32/libc.a(lib_a-stdio.o)
 .comment       0x0000000000000011       0x12 /opt/riscv/riscv_multilib/lib/gcc/riscv32-unknown-elf/8.3.0/../../../../riscv32-unknown-elf/lib/rv32im/ilp32/libc.a(lib_a-strcpy.o)
 .comment       0x0000000000000011       0x12 /opt/riscv/riscv_multilib/lib/gcc/riscv32-unknown-elf/8.3.0/../../../../riscv32-unknown-elf/lib/rv32im/ilp32/libc.a(lib_a-strlen.o)
 .comment       0x0000000000000011       0x12 /opt/riscv/riscv_multilib/lib/gcc/riscv32-unknown-elf/8.3.0/../../../../riscv32-unknown-elf/lib/rv32im/ilp32/libc.a(lib_a-vfprintf.o)
 .comment       0x0000000000000011       0x12 /opt/riscv/riscv_multilib/lib/gcc/riscv32-unknown-elf/8.3.0/../../../../riscv32-unknown-elf/lib/rv32im/ilp32/libc.a(lib_a-writer.o)
 .comment       0x0000000000000011       0x12 /opt/riscv/riscv_multilib/lib/gcc/riscv32-unknown-elf/8.3.0/../../../../riscv32-unknown-elf/lib/rv32im/ilp32/libc.a(lib_a-wsetup.o)
 .comment       0x0000000000000011       0x12 /opt/riscv/riscv_multilib/lib/gcc/riscv32-unknown-elf/8.3.0/../../../../riscv32-unknown-elf/lib/rv32im/ilp32/libc.a(lib_a-__call_atexit.o)
 .comment       0x0000000000000011       0x12 /opt/riscv/riscv_multilib/lib/gcc/riscv32-unknown-elf/8.3.0/../../../../riscv32-unknown-elf/lib/rv32im/ilp32/libc.a(lib_a-atexit.o)
 .comment       0x0000000000000011       0x12 /opt/riscv/riscv_multilib/lib/gcc/riscv32-unknown-elf/8.3.0/../../../../riscv32-unknown-elf/lib/rv32im/ilp32/libc.a(lib_a-closer.o)
 .comment       0x0000000000000011       0x12 /opt/riscv/riscv_multilib/lib/gcc/riscv32-unknown-elf/8.3.0/../../../../riscv32-unknown-elf/lib/rv32im/ilp32/libc.a(lib_a-fini.o)
 .comment       0x0000000000000011       0x12 /opt/riscv/riscv_multilib/lib/gcc/riscv32-unknown-elf/8.3.0/../../../../riscv32-unknown-elf/lib/rv32im/ilp32/libc.a(lib_a-flags.o)
 .comment       0x0000000000000011       0x12 /opt/riscv/riscv_multilib/lib/gcc/riscv32-unknown-elf/8.3.0/../../../../riscv32-unknown-elf/lib/rv32im/ilp32/libc.a(lib_a-fvwrite.o)
 .comment       0x0000000000000011       0x12 /opt/riscv/riscv_multilib/lib/gcc/riscv32-unknown-elf/8.3.0/../../../../riscv32-unknown-elf/lib/rv32im/ilp32/libc.a(lib_a-isattyr.o)
 .comment       0x0000000000000011       0x12 /opt/riscv/riscv_multilib/lib/gcc/riscv32-unknown-elf/8.3.0/../../../../riscv32-unknown-elf/lib/rv32im/ilp32/libc.a(lib_a-ldtoa.o)
 .comment       0x0000000000000011       0x12 /opt/riscv/riscv_multilib/lib/gcc/riscv32-unknown-elf/8.3.0/../../../../riscv32-unknown-elf/lib/rv32im/ilp32/libc.a(lib_a-localeconv.o)
 .comment       0x0000000000000011       0x12 /opt/riscv/riscv_multilib/lib/gcc/riscv32-unknown-elf/8.3.0/../../../../riscv32-unknown-elf/lib/rv32im/ilp32/libc.a(lib_a-lseekr.o)
 .comment       0x0000000000000011       0x12 /opt/riscv/riscv_multilib/lib/gcc/riscv32-unknown-elf/8.3.0/../../../../riscv32-unknown-elf/lib/rv32im/ilp32/libc.a(lib_a-memchr.o)
 .comment       0x0000000000000011       0x12 /opt/riscv/riscv_multilib/lib/gcc/riscv32-unknown-elf/8.3.0/../../../../riscv32-unknown-elf/lib/rv32im/ilp32/libc.a(lib_a-memcpy.o)
 .comment       0x0000000000000011       0x12 /opt/riscv/riscv_multilib/lib/gcc/riscv32-unknown-elf/8.3.0/../../../../riscv32-unknown-elf/lib/rv32im/ilp32/libc.a(lib_a-memmove-stub.o)
 .comment       0x0000000000000011       0x12 /opt/riscv/riscv_multilib/lib/gcc/riscv32-unknown-elf/8.3.0/../../../../riscv32-unknown-elf/lib/rv32im/ilp32/libc.a(lib_a-mprec.o)
 .comment       0x0000000000000011       0x12 /opt/riscv/riscv_multilib/lib/gcc/riscv32-unknown-elf/8.3.0/../../../../riscv32-unknown-elf/lib/rv32im/ilp32/libc.a(lib_a-readr.o)
 .comment       0x0000000000000011       0x12 /opt/riscv/riscv_multilib/lib/gcc/riscv32-unknown-elf/8.3.0/../../../../riscv32-unknown-elf/lib/rv32im/ilp32/libc.a(lib_a-reallocr.o)
 .comment       0x0000000000000011       0x12 /opt/riscv/riscv_multilib/lib/gcc/riscv32-unknown-elf/8.3.0/../../../../riscv32-unknown-elf/lib/rv32im/ilp32/libc.a(lib_a-s_frexp.o)
 .comment       0x0000000000000011       0x12 /opt/riscv/riscv_multilib/lib/gcc/riscv32-unknown-elf/8.3.0/../../../../riscv32-unknown-elf/lib/rv32im/ilp32/libc.a(lib_a-sprintf.o)
 .comment       0x0000000000000011       0x12 /opt/riscv/riscv_multilib/lib/gcc/riscv32-unknown-elf/8.3.0/../../../../riscv32-unknown-elf/lib/rv32im/ilp32/libc.a(lib_a-strncpy.o)
 .comment       0x0000000000000011       0x12 /opt/riscv/riscv_multilib/lib/gcc/riscv32-unknown-elf/8.3.0/../../../../riscv32-unknown-elf/lib/rv32im/ilp32/libc.a(lib_a-svfprintf.o)
 .comment       0x0000000000000011       0x12 /opt/riscv/riscv_multilib/lib/gcc/riscv32-unknown-elf/8.3.0/../../../../riscv32-unknown-elf/lib/rv32im/ilp32/libc.a(lib_a-vfiprintf.o)
 .comment       0x0000000000000011       0x12 /opt/riscv/riscv_multilib/lib/gcc/riscv32-unknown-elf/8.3.0/../../../../riscv32-unknown-elf/lib/rv32im/ilp32/libc.a(lib_a-__atexit.o)
 .comment       0x0000000000000011       0x12 /opt/riscv/riscv_multilib/lib/gcc/riscv32-unknown-elf/8.3.0/../../../../riscv32-unknown-elf/lib/rv32im/ilp32/libc.a(lib_a-callocr.o)
 .comment       0x0000000000000011       0x12 /opt/riscv/riscv_multilib/lib/gcc/riscv32-unknown-elf/8.3.0/../../../../riscv32-unknown-elf/lib/rv32im/ilp32/libc.a(lib_a-fputwc.o)
 .comment       0x0000000000000011       0x12 /opt/riscv/riscv_multilib/lib/gcc/riscv32-unknown-elf/8.3.0/../../../../riscv32-unknown-elf/lib/rv32im/ilp32/libc.a(lib_a-locale.o)
 .comment       0x0000000000000011       0x12 /opt/riscv/riscv_multilib/lib/gcc/riscv32-unknown-elf/8.3.0/../../../../riscv32-unknown-elf/lib/rv32im/ilp32/libc.a(lib_a-mbtowc_r.o)
 .comment       0x0000000000000011       0x12 /opt/riscv/riscv_multilib/lib/gcc/riscv32-unknown-elf/8.3.0/../../../../riscv32-unknown-elf/lib/rv32im/ilp32/libc.a(lib_a-svfiprintf.o)
 .comment       0x0000000000000011       0x12 /opt/riscv/riscv_multilib/lib/gcc/riscv32-unknown-elf/8.3.0/../../../../riscv32-unknown-elf/lib/rv32im/ilp32/libc.a(lib_a-wbuf.o)
 .comment       0x0000000000000011       0x12 /opt/riscv/riscv_multilib/lib/gcc/riscv32-unknown-elf/8.3.0/../../../../riscv32-unknown-elf/lib/rv32im/ilp32/libc.a(lib_a-wcrtomb.o)
 .comment       0x0000000000000011       0x12 /opt/riscv/riscv_multilib/lib/gcc/riscv32-unknown-elf/8.3.0/../../../../riscv32-unknown-elf/lib/rv32im/ilp32/libc.a(lib_a-wctomb_r.o)
 .comment       0x0000000000000011       0x12 /opt/riscv/riscv_multilib/lib/gcc/riscv32-unknown-elf/8.3.0/../../../../riscv32-unknown-elf/lib/rv32im/ilp32/libc.a(lib_a-ctype_.o)
 .comment       0x0000000000000011       0x12 /opt/riscv/riscv_multilib/lib/gcc/riscv32-unknown-elf/8.3.0/../../../../riscv32-unknown-elf/lib/rv32im/ilp32/libgloss.a(sys_close.o)
 .comment       0x0000000000000011       0x12 /opt/riscv/riscv_multilib/lib/gcc/riscv32-unknown-elf/8.3.0/../../../../riscv32-unknown-elf/lib/rv32im/ilp32/libgloss.a(sys_exit.o)
 .comment       0x0000000000000011       0x12 /opt/riscv/riscv_multilib/lib/gcc/riscv32-unknown-elf/8.3.0/../../../../riscv32-unknown-elf/lib/rv32im/ilp32/libgloss.a(sys_fstat.o)
 .comment       0x0000000000000011       0x12 /opt/riscv/riscv_multilib/lib/gcc/riscv32-unknown-elf/8.3.0/../../../../riscv32-unknown-elf/lib/rv32im/ilp32/libgloss.a(sys_isatty.o)
 .comment       0x0000000000000011       0x12 /opt/riscv/riscv_multilib/lib/gcc/riscv32-unknown-elf/8.3.0/../../../../riscv32-unknown-elf/lib/rv32im/ilp32/libgloss.a(sys_lseek.o)
 .comment       0x0000000000000011       0x12 /opt/riscv/riscv_multilib/lib/gcc/riscv32-unknown-elf/8.3.0/../../../../riscv32-unknown-elf/lib/rv32im/ilp32/libgloss.a(sys_open.o)
 .comment       0x0000000000000011       0x12 /opt/riscv/riscv_multilib/lib/gcc/riscv32-unknown-elf/8.3.0/../../../../riscv32-unknown-elf/lib/rv32im/ilp32/libgloss.a(sys_read.o)
 .comment       0x0000000000000011       0x12 /opt/riscv/riscv_multilib/lib/gcc/riscv32-unknown-elf/8.3.0/../../../../riscv32-unknown-elf/lib/rv32im/ilp32/libgloss.a(sys_sbrk.o)
 .comment       0x0000000000000011       0x12 /opt/riscv/riscv_multilib/lib/gcc/riscv32-unknown-elf/8.3.0/../../../../riscv32-unknown-elf/lib/rv32im/ilp32/libgloss.a(sys_conv_stat.o)
 .comment       0x0000000000000011       0x12 /opt/riscv/riscv_multilib/lib/gcc/riscv32-unknown-elf/8.3.0/../../../../riscv32-unknown-elf/lib/rv32im/ilp32/libc.a(lib_a-errno.o)
 .comment       0x0000000000000011       0x12 /opt/riscv/riscv_multilib/lib/gcc/riscv32-unknown-elf/8.3.0/rv32im/ilp32/libgcc.a(_udivdi3.o)
 .comment       0x0000000000000011       0x12 /opt/riscv/riscv_multilib/lib/gcc/riscv32-unknown-elf/8.3.0/rv32im/ilp32/libgcc.a(_umoddi3.o)
 .comment       0x0000000000000011       0x12 /opt/riscv/riscv_multilib/lib/gcc/riscv32-unknown-elf/8.3.0/rv32im/ilp32/libgcc.a(divdf3.o)
 .comment       0x0000000000000011       0x12 /opt/riscv/riscv_multilib/lib/gcc/riscv32-unknown-elf/8.3.0/rv32im/ilp32/libgcc.a(muldf3.o)
 .comment       0x0000000000000011       0x12 /opt/riscv/riscv_multilib/lib/gcc/riscv32-unknown-elf/8.3.0/rv32im/ilp32/libgcc.a(eqtf2.o)
 .comment       0x0000000000000011       0x12 /opt/riscv/riscv_multilib/lib/gcc/riscv32-unknown-elf/8.3.0/rv32im/ilp32/libgcc.a(getf2.o)
 .comment       0x0000000000000011       0x12 /opt/riscv/riscv_multilib/lib/gcc/riscv32-unknown-elf/8.3.0/rv32im/ilp32/libgcc.a(letf2.o)
 .comment       0x0000000000000011       0x12 /opt/riscv/riscv_multilib/lib/gcc/riscv32-unknown-elf/8.3.0/rv32im/ilp32/libgcc.a(multf3.o)
 .comment       0x0000000000000011       0x12 /opt/riscv/riscv_multilib/lib/gcc/riscv32-unknown-elf/8.3.0/rv32im/ilp32/libgcc.a(subtf3.o)
 .comment       0x0000000000000011       0x12 /opt/riscv/riscv_multilib/lib/gcc/riscv32-unknown-elf/8.3.0/rv32im/ilp32/libgcc.a(fixtfsi.o)
 .comment       0x0000000000000011       0x12 /opt/riscv/riscv_multilib/lib/gcc/riscv32-unknown-elf/8.3.0/rv32im/ilp32/libgcc.a(floatsitf.o)
 .comment       0x0000000000000011       0x12 /opt/riscv/riscv_multilib/lib/gcc/riscv32-unknown-elf/8.3.0/rv32im/ilp32/libgcc.a(extenddftf2.o)
 .comment       0x0000000000000011       0x12 /opt/riscv/riscv_multilib/lib/gcc/riscv32-unknown-elf/8.3.0/rv32im/ilp32/libgcc.a(trunctfdf2.o)
 .comment       0x0000000000000011       0x12 /opt/riscv/riscv_multilib/lib/gcc/riscv32-unknown-elf/8.3.0/rv32im/ilp32/libgcc.a(_clz.o)
 .comment       0x0000000000000011       0x12 /opt/riscv/riscv_multilib/lib/gcc/riscv32-unknown-elf/8.3.0/rv32im/ilp32/libgcc.a(_clzsi2.o)
 .comment       0x0000000000000011       0x12 /opt/riscv/riscv_multilib/lib/gcc/riscv32-unknown-elf/8.3.0/rv32im/ilp32/crtend.o

.riscv.attributes
                0x0000000000000000       0x1f
 .riscv.attributes
                0x0000000000000000       0x1f /opt/riscv/riscv_multilib/lib/gcc/riscv32-unknown-elf/8.3.0/../../../../riscv32-unknown-elf/lib/rv32im/ilp32/crt0.o
 .riscv.attributes
                0x000000000000001f       0x1f /opt/riscv/riscv_multilib/lib/gcc/riscv32-unknown-elf/8.3.0/rv32im/ilp32/crtbegin.o
 .riscv.attributes
                0x000000000000003e       0x1f ./obj/My_JPEG.o
 .riscv.attributes
                0x000000000000005d       0x1f ./obj/retarget.o
 .riscv.attributes
                0x000000000000007c       0x1f ./obj/common.o
 .riscv.attributes
                0x000000000000009b       0x1f /opt/riscv/riscv_multilib/lib/gcc/riscv32-unknown-elf/8.3.0/../../../../riscv32-unknown-elf/lib/rv32im/ilp32/libc.a(lib_a-exit.o)
 .riscv.attributes
                0x00000000000000ba       0x1f /opt/riscv/riscv_multilib/lib/gcc/riscv32-unknown-elf/8.3.0/../../../../riscv32-unknown-elf/lib/rv32im/ilp32/libc.a(lib_a-fclose.o)
 .riscv.attributes
                0x00000000000000d9       0x1f /opt/riscv/riscv_multilib/lib/gcc/riscv32-unknown-elf/8.3.0/../../../../riscv32-unknown-elf/lib/rv32im/ilp32/libc.a(lib_a-fflush.o)
 .riscv.attributes
                0x00000000000000f8       0x1f /opt/riscv/riscv_multilib/lib/gcc/riscv32-unknown-elf/8.3.0/../../../../riscv32-unknown-elf/lib/rv32im/ilp32/libc.a(lib_a-findfp.o)
 .riscv.attributes
                0x0000000000000117       0x1f /opt/riscv/riscv_multilib/lib/gcc/riscv32-unknown-elf/8.3.0/../../../../riscv32-unknown-elf/lib/rv32im/ilp32/libc.a(lib_a-fopen.o)
 .riscv.attributes
                0x0000000000000136       0x1f /opt/riscv/riscv_multilib/lib/gcc/riscv32-unknown-elf/8.3.0/../../../../riscv32-unknown-elf/lib/rv32im/ilp32/libc.a(lib_a-freer.o)
 .riscv.attributes
                0x0000000000000155       0x1f /opt/riscv/riscv_multilib/lib/gcc/riscv32-unknown-elf/8.3.0/../../../../riscv32-unknown-elf/lib/rv32im/ilp32/libc.a(lib_a-fseek.o)
 .riscv.attributes
                0x0000000000000174       0x1f /opt/riscv/riscv_multilib/lib/gcc/riscv32-unknown-elf/8.3.0/../../../../riscv32-unknown-elf/lib/rv32im/ilp32/libc.a(lib_a-fseeko.o)
 .riscv.attributes
                0x0000000000000193       0x1f /opt/riscv/riscv_multilib/lib/gcc/riscv32-unknown-elf/8.3.0/../../../../riscv32-unknown-elf/lib/rv32im/ilp32/libc.a(lib_a-fstatr.o)
 .riscv.attributes
                0x00000000000001b2       0x1f /opt/riscv/riscv_multilib/lib/gcc/riscv32-unknown-elf/8.3.0/../../../../riscv32-unknown-elf/lib/rv32im/ilp32/libc.a(lib_a-fwalk.o)
 .riscv.attributes
                0x00000000000001d1       0x1f /opt/riscv/riscv_multilib/lib/gcc/riscv32-unknown-elf/8.3.0/../../../../riscv32-unknown-elf/lib/rv32im/ilp32/libc.a(lib_a-fwrite.o)
 .riscv.attributes
                0x00000000000001f0       0x1f /opt/riscv/riscv_multilib/lib/gcc/riscv32-unknown-elf/8.3.0/../../../../riscv32-unknown-elf/lib/rv32im/ilp32/libc.a(lib_a-impure.o)
 .riscv.attributes
                0x000000000000020f       0x1f /opt/riscv/riscv_multilib/lib/gcc/riscv32-unknown-elf/8.3.0/../../../../riscv32-unknown-elf/lib/rv32im/ilp32/libc.a(lib_a-init.o)
 .riscv.attributes
                0x000000000000022e       0x1f /opt/riscv/riscv_multilib/lib/gcc/riscv32-unknown-elf/8.3.0/../../../../riscv32-unknown-elf/lib/rv32im/ilp32/libc.a(lib_a-makebuf.o)
 .riscv.attributes
                0x000000000000024d       0x1f /opt/riscv/riscv_multilib/lib/gcc/riscv32-unknown-elf/8.3.0/../../../../riscv32-unknown-elf/lib/rv32im/ilp32/libc.a(lib_a-malloc.o)
 .riscv.attributes
                0x000000000000026c       0x1f /opt/riscv/riscv_multilib/lib/gcc/riscv32-unknown-elf/8.3.0/../../../../riscv32-unknown-elf/lib/rv32im/ilp32/libc.a(lib_a-mallocr.o)
 .riscv.attributes
                0x000000000000028b       0x1f /opt/riscv/riscv_multilib/lib/gcc/riscv32-unknown-elf/8.3.0/../../../../riscv32-unknown-elf/lib/rv32im/ilp32/libc.a(lib_a-memset.o)
 .riscv.attributes
                0x00000000000002aa       0x1f /opt/riscv/riscv_multilib/lib/gcc/riscv32-unknown-elf/8.3.0/../../../../riscv32-unknown-elf/lib/rv32im/ilp32/libc.a(lib_a-mlock.o)
 .riscv.attributes
                0x00000000000002c9       0x1f /opt/riscv/riscv_multilib/lib/gcc/riscv32-unknown-elf/8.3.0/../../../../riscv32-unknown-elf/lib/rv32im/ilp32/libc.a(lib_a-openr.o)
 .riscv.attributes
                0x00000000000002e8       0x1f /opt/riscv/riscv_multilib/lib/gcc/riscv32-unknown-elf/8.3.0/../../../../riscv32-unknown-elf/lib/rv32im/ilp32/libc.a(lib_a-printf.o)
 .riscv.attributes