Archive member included to satisfy reference by file (symbol)

/opt/riscv/riscv_multilib/lib/gcc/riscv32-unknown-elf/8.3.0/../../../../riscv32-unknown-elf/lib/rv32im/ilp32/libc.a(lib_a-exit.o)
                              /opt/riscv/riscv_multilib/lib/gcc/riscv32-unknown-elf/8.3.0/../../../../riscv32-unknown-elf/lib/rv32im/ilp32/crt0.o (exit)
/opt/riscv/riscv_multilib/lib/gcc/riscv32-unknown-elf/8.3.0/../../../../riscv32-unknown-elf/lib/rv32im/ilp32/libc.a(lib_a-impure.o)
                              /opt/riscv/riscv_multilib/lib/gcc/riscv32-unknown-elf/8.3.0/../../../../riscv32-unknown-elf/lib/rv32im/ilp32/libc.a(lib_a-exit.o) (_global_impure_ptr)
/opt/riscv/riscv_multilib/lib/gcc/riscv32-unknown-elf/8.3.0/../../../../riscv32-unknown-elf/lib/rv32im/ilp32/libc.a(lib_a-init.o)
                              /opt/riscv/riscv_multilib/lib/gcc/riscv32-unknown-elf/8.3.0/../../../../riscv32-unknown-elf/lib/rv32im/ilp32/crt0.o (__libc_init_array)
/opt/riscv/riscv_multilib/lib/gcc/riscv32-unknown-elf/8.3.0/../../../../riscv32-unknown-elf/lib/rv32im/ilp32/libc.a(lib_a-memset.o)
                              /opt/riscv/riscv_multilib/lib/gcc/riscv32-unknown-elf/8.3.0/../../../../riscv32-unknown-elf/lib/rv32im/ilp32/crt0.o (memset)
/opt/riscv/riscv_multilib/lib/gcc/riscv32-unknown-elf/8.3.0/../../../../riscv32-unknown-elf/lib/rv32im/ilp32/libc.a(lib_a-printf.o)
                              ./obj/SPIKE_test.o (printf)
/opt/riscv/riscv_multilib/lib/gcc/riscv32-unknown-elf/8.3.0/../../../../riscv32-unknown-elf/lib/rv32im/ilp32/libc.a(lib_a-vfprintf.o)
                              /opt/riscv/riscv_multilib/lib/gcc/riscv32-unknown-elf/8.3.0/../../../../riscv32-unknown-elf/lib/rv32im/ilp32/libc.a(lib_a-printf.o) (_vfprintf_r)
/opt/riscv/riscv_multilib/lib/gcc/riscv32-unknown-elf/8.3.0/../../../../riscv32-unknown-elf/lib/rv32im/ilp32/libc.a(lib_a-wsetup.o)
                              /opt/riscv/riscv_multilib/lib/gcc/riscv32-unknown-elf/8.3.0/../../../../riscv32-unknown-elf/lib/rv32im/ilp32/libc.a(lib_a-vfprintf.o) (__swsetup_r)
/opt/riscv/riscv_multilib/lib/gcc/riscv32-unknown-elf/8.3.0/../../../../riscv32-unknown-elf/lib/rv32im/ilp32/libc.a(lib_a-__call_atexit.o)
                              /opt/riscv/riscv_multilib/lib/gcc/riscv32-unknown-elf/8.3.0/../../../../riscv32-unknown-elf/lib/rv32im/ilp32/libc.a(lib_a-exit.o) (__call_exitprocs)
/opt/riscv/riscv_multilib/lib/gcc/riscv32-unknown-elf/8.3.0/../../../../riscv32-unknown-elf/lib/rv32im/ilp32/libc.a(lib_a-atexit.o)
                              /opt/riscv/riscv_multilib/lib/gcc/riscv32-unknown-elf/8.3.0/../../../../riscv32-unknown-elf/lib/rv32im/ilp32/libc.a(lib_a-__call_atexit.o) (atexit)
/opt/riscv/riscv_multilib/lib/gcc/riscv32-unknown-elf/8.3.0/../../../../riscv32-unknown-elf/lib/rv32im/ilp32/libc.a(lib_a-fflush.o)
                              /opt/riscv/riscv_multilib/lib/gcc/riscv32-unknown-elf/8.3.0/../../../../riscv32-unknown-elf/lib/rv32im/ilp32/libc.a(lib_a-vfprintf.o) (_fflush_r)
/opt/riscv/riscv_multilib/lib/gcc/riscv32-unknown-elf/8.3.0/../../../../riscv32-unknown-elf/lib/rv32im/ilp32/libc.a(lib_a-findfp.o)
                              /opt/riscv/riscv_multilib/lib/gcc/riscv32-unknown-elf/8.3.0/../../../../riscv32-unknown-elf/lib/rv32im/ilp32/libc.a(lib_a-vfprintf.o) (__sinit)
/opt/riscv/riscv_multilib/lib/gcc/riscv32-unknown-elf/8.3.0/../../../../riscv32-unknown-elf/lib/rv32im/ilp32/libc.a(lib_a-fini.o)
                              /opt/riscv/riscv_multilib/lib/gcc/riscv32-unknown-elf/8.3.0/../../../../riscv32-unknown-elf/lib/rv32im/ilp32/libc.a(lib_a-__call_atexit.o) (__libc_fini_array)
/opt/riscv/riscv_multilib/lib/gcc/riscv32-unknown-elf/8.3.0/../../../../riscv32-unknown-elf/lib/rv32im/ilp32/libc.a(lib_a-freer.o)
                              /opt/riscv/riscv_multilib/lib/gcc/riscv32-unknown-elf/8.3.0/../../../../riscv32-unknown-elf/lib/rv32im/ilp32/libc.a(lib_a-vfprintf.o) (_free_r)
/opt/riscv/riscv_multilib/lib/gcc/riscv32-unknown-elf/8.3.0/../../../../riscv32-unknown-elf/lib/rv32im/ilp32/libc.a(lib_a-fwalk.o)
                              /opt/riscv/riscv_multilib/lib/gcc/riscv32-unknown-elf/8.3.0/../../../../riscv32-unknown-elf/lib/rv32im/ilp32/libc.a(lib_a-findfp.o) (_fwalk)
/opt/riscv/riscv_multilib/lib/gcc/riscv32-unknown-elf/8.3.0/../../../../riscv32-unknown-elf/lib/rv32im/ilp32/libc.a(lib_a-ldtoa.o)
                              /opt/riscv/riscv_multilib/lib/gcc/riscv32-unknown-elf/8.3.0/../../../../riscv32-unknown-elf/lib/rv32im/ilp32/libc.a(lib_a-vfprintf.o) (_ldtoa_r)
/opt/riscv/riscv_multilib/lib/gcc/riscv32-unknown-elf/8.3.0/../../../../riscv32-unknown-elf/lib/rv32im/ilp32/libc.a(lib_a-localeconv.o)
                              /opt/riscv/riscv_multilib/lib/gcc/riscv32-unknown-elf/8.3.0/../../../../riscv32-unknown-elf/lib/rv32im/ilp32/libc.a(lib_a-vfprintf.o) (_localeconv_r)
/opt/riscv/riscv_multilib/lib/gcc/riscv32-unknown-elf/8.3.0/../../../../riscv32-unknown-elf/lib/rv32im/ilp32/libc.a(lib_a-makebuf.o)
[...]
Memory Configuration

Name             Origin             Length             Attributes
*default*        0x0000000000000000 0xffffffffffffffff

Linker script and memory map

LOAD /opt/riscv/riscv_multilib/lib/gcc/riscv32-unknown-elf/8.3.0/../../../../riscv32-unknown-elf/lib/rv32im/ilp32/crt0.o
LOAD /opt/riscv/riscv_multilib/lib/gcc/riscv32-unknown-elf/8.3.0/rv32im/ilp32/crtbegin.o
LOAD ./obj/SPIKE_test.o
LOAD /opt/riscv/riscv_multilib/lib/gcc/riscv32-unknown-elf/8.3.0/rv32im/ilp32/libgcc.a
START GROUP
LOAD /opt/riscv/riscv_multilib/lib/gcc/riscv32-unknown-elf/8.3.0/../../../../riscv32-unknown-elf/lib/rv32im/ilp32/libc.a
LOAD /opt/riscv/riscv_multilib/lib/gcc/riscv32-unknown-elf/8.3.0/../../../../riscv32-unknown-elf/lib/rv32im/ilp32/libgloss.a
END GROUP
LOAD /opt/riscv/riscv_multilib/lib/gcc/riscv32-unknown-elf/8.3.0/rv32im/ilp32/libgcc.a
LOAD /opt/riscv/riscv_multilib/lib/gcc/riscv32-unknown-elf/8.3.0/rv32im/ilp32/crtend.o
                [!provide]                        PROVIDE (__executable_start = SEGMENT_START ("text-segment", 0x10000))
                0x0000000000010074                . = (SEGMENT_START ("text-segment", 0x10000) + SIZEOF_HEADERS)

.interp
 *(.interp)

.note.gnu.build-id
 *(.note.gnu.build-id)

.hash
 *(.hash)

.gnu.hash
 *(.gnu.hash)

.dynsym
 *(.dynsym)

.dynstr
 *(.dynstr)

.gnu.version
 *(.gnu.version)

.gnu.version_d
 *(.gnu.version_d)

.gnu.version_r
 *(.gnu.version_r)

.rela.dyn       0x0000000000010074        0x0
 *(.rela.init)
 *(.rela.text .rela.text.* .rela.gnu.linkonce.t.*)
 .rela.text     0x0000000000010074        0x0 /opt/riscv/riscv_multilib/lib/gcc/riscv32-unknown-elf/8.3.0/../../../../riscv32-unknown-elf/lib/rv32im/ilp32/crt0.o
 .rela.text.startup
                0x0000000000010074        0x0 /opt/riscv/riscv_multilib/lib/gcc/riscv32-unknown-elf/8.3.0/../../../../riscv32-unknown-elf/lib/rv32im/ilp32/crt0.o
 *(.rela.fini)
 *(.rela.rodata .rela.rodata.* .rela.gnu.linkonce.r.*)
 *(.rela.data .rela.data.* .rela.gnu.linkonce.d.*)
 *(.rela.tdata .rela.tdata.* .rela.gnu.linkonce.td.*)
 *(.rela.tbss .rela.tbss.* .rela.gnu.linkonce.tb.*)
 *(.rela.ctors)
 *(.rela.dtors)
 *(.rela.got)
 *(.rela.sdata .rela.sdata.* .rela.gnu.linkonce.s.*)
 *(.rela.sbss .rela.sbss.* .rela.gnu.linkonce.sb.*)
 *(.rela.sdata2 .rela.sdata2.* .rela.gnu.linkonce.s2.*)
 *(.rela.sbss2 .rela.sbss2.* .rela.gnu.linkonce.sb2.*)
 *(.rela.bss .rela.bss.* .rela.gnu.linkonce.b.*)
                [!provide]                        PROVIDE (__rela_iplt_start = .)
 *(.rela.iplt)
                [!provide]                        PROVIDE (__rela_iplt_end = .)

.rela.plt
 *(.rela.plt)

.init
 *(SORT_NONE(.init))

.plt
 *(.plt)

.iplt
 *(.iplt)

.text           0x0000000000010074    0x13fd4
 *(.text.unlikely .text.*_unlikely .text.unlikely.*)
 *(.text.exit .text.exit.*)
 *(.text.startup .text.startup.*)
 .text.startup  0x0000000000010074       0x1c /opt/riscv/riscv_multilib/lib/gcc/riscv32-unknown-elf/8.3.0/../../../../riscv32-unknown-elf/lib/rv32im/ilp32/libc.a(lib_a-__call_atexit.o)
 *(.text.hot .text.hot.*)
 *(.text .stub .text.* .gnu.linkonce.t.*)
 .text          0x0000000000010090       0x4c /opt/riscv/riscv_multilib/lib/gcc/riscv32-unknown-elf/8.3.0/../../../../riscv32-unknown-elf/lib/rv32im/ilp32/crt0.o
                0x0000000000010090                _start
 .text          0x00000000000100dc       0xe0 /opt/riscv/riscv_multilib/lib/gcc/riscv32-unknown-elf/8.3.0/rv32im/ilp32/crtbegin.o
 .text          0x00000000000101bc       0x34 ./obj/SPIKE_test.o
                0x00000000000101bc                main
 .text          0x00000000000101f0       0x30 /opt/riscv/riscv_multilib/lib/gcc/riscv32-unknown-elf/8.3.0/../../../../riscv32-unknown-elf/lib/rv32im/ilp32/libc.a(lib_a-exit.o)
                0x00000000000101f0                exit
 .text          0x0000000000010220        0x0 /opt/riscv/riscv_multilib/lib/gcc/riscv32-unknown-elf/8.3.0/../../../../riscv32-unknown-elf/lib/rv32im/ilp32/libc.a(lib_a-impure.o)
 .text          0x0000000000010220       0x9c /opt/riscv/riscv_multilib/lib/gcc/riscv32-unknown-elf/8.3.0/../../../../riscv32-unknown-elf/lib/rv32im/ilp32/libc.a(lib_a-init.o)
                0x0000000000010220                __libc_init_array
 .text          0x00000000000102bc       0xdc /opt/riscv/riscv_multilib/lib/gcc/riscv32-unknown-elf/8.3.0/../../../../riscv32-unknown-elf/lib/rv32im/ilp32/libc.a(lib_a-memset.o)
                0x00000000000102bc                memset
 .text          0x0000000000010398       0x94 /opt/riscv/riscv_multilib/lib/gcc/riscv32-unknown-elf/8.3.0/../../../../riscv32-unknown-elf/lib/rv32im/ilp32/libc.a(lib_a-printf.o)
                0x0000000000010398                _printf_r
                0x00000000000103dc                printf
 .text          0x000000000001042c     0x2c2c /opt/riscv/riscv_multilib/lib/gcc/riscv32-unknown-elf/8.3.0/../../../../riscv32-unknown-elf/lib/rv32im/ilp32/libc.a(lib_a-vfprintf.o)
                0x000000000001042c                _vfprintf_r
                0x0000000000012f84                vfprintf
 .text          0x0000000000013058      0x164 /opt/riscv/riscv_multilib/lib/gcc/riscv32-unknown-elf/8.3.0/../../../../riscv32-unknown-elf/lib/rv32im/ilp32/libc.a(lib_a-wsetup.o)
                0x0000000000013058                __swsetup_r
 .text          0x00000000000131bc      0x118 /opt/riscv/riscv_multilib/lib/gcc/riscv32-unknown-elf/8.3.0/../../../../riscv32-unknown-elf/lib/rv32im/ilp32/libc.a(lib_a-__call_atexit.o)
                0x00000000000131bc                __call_exitprocs
 .text          0x00000000000132d4       0x14 /opt/riscv/riscv_multilib/lib/gcc/riscv32-unknown-elf/8.3.0/../../../../riscv32-unknown-elf/lib/rv32im/ilp32/libc.a(lib_a-atexit.o)
                0x00000000000132d4                atexit
 .text          0x00000000000132e8      0x2dc /opt/riscv/riscv_multilib/lib/gcc/riscv32-unknown-elf/8.3.0/../../../../riscv32-unknown-elf/lib/rv32im/ilp32/libc.a(lib_a-fflush.o)
                0x00000000000132e8                __sflush_r
                0x0000000000013544                _fflush_r
                0x00000000000135a4                fflush
 .text          0x00000000000135c4      0x35c /opt/riscv/riscv_multilib/lib/gcc/riscv32-unknown-elf/8.3.0/../../../../riscv32-unknown-elf/lib/rv32im/ilp32/libc.a(lib_a-findfp.o)
                0x00000000000135cc                _cleanup_r
                0x0000000000013764                __sfmoreglue
                0x00000000000137d0                __sfp
                0x00000000000138d0                _cleanup
                0x00000000000138e0                __sinit
                0x00000000000138f0                __sfp_lock_acquire
                0x00000000000138f4                __sfp_lock_release
                0x00000000000138f8                __sinit_lock_acquire
                0x00000000000138fc                __sinit_lock_release
                0x0000000000013900                __fp_lock_all
                0x0000000000013910                __fp_unlock_all
 .text          0x0000000000013920       0x60 /opt/riscv/riscv_multilib/lib/gcc/riscv32-unknown-elf/8.3.0/../../../../riscv32-unknown-elf/lib/rv32im/ilp32/libc.a(lib_a-fini.o)
                0x0000000000013920                __libc_fini_array
 .text          0x0000000000013980      0x410 /opt/riscv/riscv_multilib/lib/gcc/riscv32-unknown-elf/8.3.0/../../../../riscv32-unknown-elf/lib/rv32im/ilp32/libc.a(lib_a-freer.o)
                0x0000000000013980                _malloc_trim_r
                0x0000000000013aa0                _free_r
 .text          0x0000000000013d90      0x170 /opt/riscv/riscv_multilib/lib/gcc/riscv32-unknown-elf/8.3.0/../../../../riscv32-unknown-elf/lib/rv32im/ilp32/libc.a(lib_a-fwalk.o)
                0x0000000000013d90                _fwalk
                0x0000000000013e40                _fwalk_reent
 .text          0x0000000000013f00     0x2b98 /opt/riscv/riscv_multilib/lib/gcc/riscv32-unknown-elf/8.3.0/../../../../riscv32-unknown-elf/lib/rv32im/ilp32/libc.a(lib_a-ldtoa.o)
                0x0000000000015720                _ldtoa_r
                0x0000000000016a34                _ldcheck
 .text          0x0000000000016a98       0x18 /opt/riscv/riscv_multilib/lib/gcc/riscv32-unknown-elf/8.3.0/../../../../riscv32-unknown-elf/lib/rv32im/ilp32/libc.a(lib_a-localeconv.o)
                0x0000000000016a98                __localeconv_l
                0x0000000000016aa0                _localeconv_r
                0x0000000000016aa8                localeconv
 .text          0x0000000000016ab0      0x1f0 /opt/riscv/riscv_multilib/lib/gcc/riscv32-unknown-elf/8.3.0/../../../../riscv32-unknown-elf/lib/rv32im/ilp32/libc.a(lib_a-makebuf.o)
                0x0000000000016ab0                __swhatbuf_r
                0x0000000000016b80                __smakebuf_r
 .text          0x0000000000016ca0      0x7bc /opt/riscv/riscv_multilib/lib/gcc/riscv32-unknown-elf/8.3.0/../../../../riscv32-unknown-elf/lib/rv32im/ilp32/libc.a(lib_a-mallocr.o)
                0x0000000000016ca0                _malloc_r
 .text          0x000000000001745c       0xdc /opt/riscv/riscv_multilib/lib/gcc/riscv32-unknown-elf/8.3.0/../../../../riscv32-unknown-elf/lib/rv32im/ilp32/libc.a(lib_a-memchr.o)
                0x000000000001745c                memchr
 .text          0x0000000000017538        0x8 /opt/riscv/riscv_multilib/lib/gcc/riscv32-unknown-elf/8.3.0/../../../../riscv32-unknown-elf/lib/rv32im/ilp32/libc.a(lib_a-mlock.o)
                0x0000000000017538                __malloc_lock
                0x000000000001753c                __malloc_unlock
 .text          0x0000000000017540      0xffc /opt/riscv/riscv_multilib/lib/gcc/riscv32-unknown-elf/8.3.0/../../../../riscv32-unknown-elf/lib/rv32im/ilp32/libc.a(lib_a-mprec.o)
                0x0000000000017540                _Balloc
                0x00000000000175e8                _Bfree
                0x000000000001760c                __multadd
                0x0000000000017734                __s2b
                0x0000000000017840                __hi0bits
                0x00000000000178b4                __lo0bits
                0x000000000001796c                __i2b
                0x00000000000179a0                __multiply
                0x0000000000017b98                __pow5mult
                0x0000000000017ce0                __lshift
                0x0000000000017e2c                __mcmp
                0x0000000000017e84                __mdiff
                0x0000000000018068                __ulp
                0x00000000000180c8                __b2d
                0x00000000000181e0                __d2b
                0x0000000000018324                __ratio
                0x00000000000183c8                _mprec_log10
                0x000000000001845c                __copybits
                0x00000000000184c4                __any_on
 .text          0x000000000001853c       0xac /opt/riscv/riscv_multilib/lib/gcc/riscv32-unknown-elf/8.3.0/../../../../riscv32-unknown-elf/lib/rv32im/ilp32/libc.a(lib_a-s_frexp.o)
                0x000000000001853c                frexp
 .text          0x00000000000185e8       0x5c /opt/riscv/riscv_multilib/lib/gcc/riscv32-unknown-elf/8.3.0/../../../../riscv32-unknown-elf/lib/rv32im/ilp32/libc.a(lib_a-sbrkr.o)
                0x00000000000185e8                _sbrk_r
 .text          0x0000000000018644       0xe4 /opt/riscv/riscv_multilib/lib/gcc/riscv32-unknown-elf/8.3.0/../../../../riscv32-unknown-elf/lib/rv32im/ilp32/libc.a(lib_a-sprintf.o)
                0x0000000000018644                _sprintf_r
                0x00000000000186b0                sprintf
 .text          0x0000000000018728      0x15c /opt/riscv/riscv_multilib/lib/gcc/riscv32-unknown-elf/8.3.0/../../../../riscv32-unknown-elf/lib/rv32im/ilp32/libc.a(lib_a-stdio.o)
                0x0000000000018728                __sread
                0x0000000000018784                __seofread
                0x000000000001878c                __swrite
                0x0000000000018814                __sseek
                0x000000000001887c                __sclose
 .text          0x0000000000018884       0xb0 /opt/riscv/riscv_multilib/lib/gcc/riscv32-unknown-elf/8.3.0/../../../../riscv32-unknown-elf/lib/rv32im/ilp32/libc.a(lib_a-strcpy.o)
                0x0000000000018884                strcpy
 .text          0x0000000000018934       0x8c /opt/riscv/riscv_multilib/lib/gcc/riscv32-unknown-elf/8.3.0/../../../../riscv32-unknown-elf/lib/rv32im/ilp32/libc.a(lib_a-strlen.o)
                0x0000000000018934                strlen
 .text          0x00000000000189c0       0xcc /opt/riscv/riscv_multilib/lib/gcc/riscv32-unknown-elf/8.3.0/../../../../riscv32-unknown-elf/lib/rv32im/ilp32/libc.a(lib_a-strncpy.o)
                0x00000000000189c0                strncpy
 .text          0x0000000000018a8c     0x2b04 /opt/riscv/riscv_multilib/lib/gcc/riscv32-unknown-elf/8.3.0/../../../../riscv32-unknown-elf/lib/rv32im/ilp32/libc.a(lib_a-svfprintf.o)
                0x0000000000018a8c                _svfprintf_r
 .text          0x000000000001b590     0x1494 /opt/riscv/riscv_multilib/lib/gcc/riscv32-unknown-elf/8.3.0/../../../../riscv32-unknown-elf/lib/rv32im/ilp32/libc.a(lib_a-vfiprintf.o)
                0x000000000001b680                __sprint_r
                0x000000000001b698                _vfiprintf_r
                0x000000000001c950                vfiprintf
 .text          0x000000000001ca24       0x68 /opt/riscv/riscv_multilib/lib/gcc/riscv32-unknown-elf/8.3.0/../../../../riscv32-unknown-elf/lib/rv32im/ilp32/libc.a(lib_a-writer.o)
                0x000000000001ca24                _write_r
 .text          0x000000000001ca8c       0x98 /opt/riscv/riscv_multilib/lib/gcc/riscv32-unknown-elf/8.3.0/../../../../riscv32-unknown-elf/lib/rv32im/ilp32/libc.a(lib_a-__atexit.o)
                0x000000000001ca8c                __register_exitproc
 .text          0x000000000001cb24       0xb0 /opt/riscv/riscv_multilib/lib/gcc/riscv32-unknown-elf/8.3.0/../../../../riscv32-unknown-elf/lib/rv32im/ilp32/libc.a(lib_a-callocr.o)
                0x000000000001cb24                _calloc_r
 .text          0x000000000001cbd4       0x5c /opt/riscv/riscv_multilib/lib/gcc/riscv32-unknown-elf/8.3.0/../../../../riscv32-unknown-elf/lib/rv32im/ilp32/libc.a(lib_a-closer.o)
                0x000000000001cbd4                _close_r
 .text          0x000000000001cc30      0x11c /opt/riscv/riscv_multilib/lib/gcc/riscv32-unknown-elf/8.3.0/../../../../riscv32-unknown-elf/lib/rv32im/ilp32/libc.a(lib_a-fclose.o)
                0x000000000001cc30                _fclose_r
                0x000000000001cd40                fclose
 .text          0x000000000001cd4c      0x1d8 /opt/riscv/riscv_multilib/lib/gcc/riscv32-unknown-elf/8.3.0/../../../../riscv32-unknown-elf/lib/rv32im/ilp32/libc.a(lib_a-fputwc.o)
                0x000000000001cd4c                __fputwc
                0x000000000001ce78                _fputwc_r
                0x000000000001cea4                fputwc
 .text          0x000000000001cf24       0x64 /opt/riscv/riscv_multilib/lib/gcc/riscv32-unknown-elf/8.3.0/../../../../riscv32-unknown-elf/lib/rv32im/ilp32/libc.a(lib_a-fstatr.o)
                0x000000000001cf24                _fstat_r
 .text          0x000000000001cf88      0x4b0 /opt/riscv/riscv_multilib/lib/gcc/riscv32-unknown-elf/8.3.0/../../../../riscv32-unknown-elf/lib/rv32im/ilp32/libc.a(lib_a-fvwrite.o)
                0x000000000001cf88                __sfvwrite_r
 .text          0x000000000001d438       0x5c /opt/riscv/riscv_multilib/lib/gcc/riscv32-unknown-elf/8.3.0/../../../../riscv32-unknown-elf/lib/rv32im/ilp32/libc.a(lib_a-isattyr.o)
                0x000000000001d438                _isatty_r
 .text          0x000000000001d494       0x94 /opt/riscv/riscv_multilib/lib/gcc/riscv32-unknown-elf/8.3.0/../../../../riscv32-unknown-elf/lib/rv32im/ilp32/libc.a(lib_a-locale.o)
                0x000000000001d494                _setlocale_r
                0x000000000001d510                __locale_mb_cur_max
                0x000000000001d518                setlocale
 .text          0x000000000001d528       0x68 /opt/riscv/riscv_multilib/lib/gcc/riscv32-unknown-elf/8.3.0/../../../../riscv32-unknown-elf/lib/rv32im/ilp32/libc.a(lib_a-lseekr.o)
                0x000000000001d528                _lseek_r
 .text          0x000000000001d590       0x70 /opt/riscv/riscv_multilib/lib/gcc/riscv32-unknown-elf/8.3.0/../../../../riscv32-unknown-elf/lib/rv32im/ilp32/libc.a(lib_a-mbtowc_r.o)
                0x000000000001d590                _mbtowc_r
                0x000000000001d598                __ascii_mbtowc
 .text          0x000000000001d600      0x11c /opt/riscv/riscv_multilib/lib/gcc/riscv32-unknown-elf/8.3.0/../../../../riscv32-unknown-elf/lib/rv32im/ilp32/libc.a(lib_a-memcpy.o)
                0x000000000001d600                memcpy
 .text          0x000000000001d71c      0x120 /opt/riscv/riscv_multilib/lib/gcc/riscv32-unknown-elf/8.3.0/../../../../riscv32-unknown-elf/lib/rv32im/ilp32/libc.a(lib_a-memmove-stub.o)
                0x000000000001d71c                memmove
 .text          0x000000000001d83c       0x68 /opt/riscv/riscv_multilib/lib/gcc/riscv32-unknown-elf/8.3.0/../../../../riscv32-unknown-elf/lib/rv32im/ilp32/libc.a(lib_a-readr.o)
                0x000000000001d83c                _read_r
 .text          0x000000000001d8a4      0x5d0 /opt/riscv/riscv_multilib/lib/gcc/riscv32-unknown-elf/8.3.0/../../../../riscv32-unknown-elf/lib/rv32im/ilp32/libc.a(lib_a-reallocr.o)
                0x000000000001d8a4                _realloc_r
 .text          0x000000000001de74      0x14c /opt/riscv/riscv_multilib/lib/gcc/riscv32-unknown-elf/8.3.0/../../../../riscv32-unknown-elf/lib/rv32im/ilp32/libc.a(lib_a-reent.o)
                0x000000000001de74                cleanup_glue
                0x000000000001deb4                _reclaim_reent
 .text          0x000000000001dfc0      0x17c /opt/riscv/riscv_multilib/lib/gcc/riscv32-unknown-elf/8.3.0/../../../../riscv32-unknown-elf/lib/rv32im/ilp32/libc.a(lib_a-strcmp.o)
                0x000000000001dfc0                strcmp
 .text          0x000000000001e13c     0x131c /opt/riscv/riscv_multilib/lib/gcc/riscv32-unknown-elf/8.3.0/../../../../riscv32-unknown-elf/lib/rv32im/ilp32/libc.a(lib_a-svfiprintf.o)
                0x000000000001e13c                __ssprint_r
                0x000000000001e2f8                _svfiprintf_r
 .text          0x000000000001f458      0x194 /opt/riscv/riscv_multilib/lib/gcc/riscv32-unknown-elf/8.3.0/../../../../riscv32-unknown-elf/lib/rv32im/ilp32/libc.a(lib_a-wbuf.o)
                0x000000000001f458                __swbuf_r
                0x000000000001f5dc                __swbuf
 .text          0x000000000001f5ec       0xfc /opt/riscv/riscv_multilib/lib/gcc/riscv32-unknown-elf/8.3.0/../../../../riscv32-unknown-elf/lib/rv32im/ilp32/libc.a(lib_a-wcrtomb.o)
                0x000000000001f5ec                _wcrtomb_r
                0x000000000001f660                wcrtomb
 .text          0x000000000001f6e8       0x38 /opt/riscv/riscv_multilib/lib/gcc/riscv32-unknown-elf/8.3.0/../../../../riscv32-unknown-elf/lib/rv32im/ilp32/libc.a(lib_a-wctomb_r.o)
                0x000000000001f6e8                _wctomb_r
                0x000000000001f6f0                __ascii_wctomb
 .text          0x000000000001f720        0x0 /opt/riscv/riscv_multilib/lib/gcc/riscv32-unknown-elf/8.3.0/../../../../riscv32-unknown-elf/lib/rv32im/ilp32/libc.a(lib_a-ctype_.o)
 .text          0x000000000001f720       0x58 /opt/riscv/riscv_multilib/lib/gcc/riscv32-unknown-elf/8.3.0/../../../../riscv32-unknown-elf/lib/rv32im/ilp32/libgloss.a(sys_close.o)
                0x000000000001f720                _close
 .text          0x000000000001f778       0x44 /opt/riscv/riscv_multilib/lib/gcc/riscv32-unknown-elf/8.3.0/../../../../riscv32-unknown-elf/lib/rv32im/ilp32/libgloss.a(sys_exit.o)
                0x000000000001f778                _exit
 .text          0x000000000001f7bc       0x70 /opt/riscv/riscv_multilib/lib/gcc/riscv32-unknown-elf/8.3.0/../../../../riscv32-unknown-elf/lib/rv32im/ilp32/libgloss.a(sys_fstat.o)
                0x000000000001f7bc                _fstat
 .text          0x000000000001f82c       0x40 /opt/riscv/riscv_multilib/lib/gcc/riscv32-unknown-elf/8.3.0/../../../../riscv32-unknown-elf/lib/rv32im/ilp32/libgloss.a(sys_isatty.o)
                0x000000000001f82c                _isatty
 .text          0x000000000001f86c       0x50 /opt/riscv/riscv_multilib/lib/gcc/riscv32-unknown-elf/8.3.0/../../../../riscv32-unknown-elf/lib/rv32im/ilp32/libgloss.a(sys_lseek.o)
                0x000000000001f86c                _lseek
 .text          0x000000000001f8bc       0x50 /opt/riscv/riscv_multilib/lib/gcc/riscv32-unknown-elf/8.3.0/../../../../riscv32-unknown-elf/lib/rv32im/ilp32/libgloss.a(sys_read.o)
                0x000000000001f8bc                _read
 .text          0x000000000001f90c       0x9c /opt/riscv/riscv_multilib/lib/gcc/riscv32-unknown-elf/8.3.0/../../../../riscv32-unknown-elf/lib/rv32im/ilp32/libgloss.a(sys_sbrk.o)
                0x000000000001f90c                _sbrk
 .text          0x000000000001f9a8       0x50 /opt/riscv/riscv_multilib/lib/gcc/riscv32-unknown-elf/8.3.0/../../../../riscv32-unknown-elf/lib/rv32im/ilp32/libgloss.a(sys_write.o)
                0x000000000001f9a8                _write
 .text          0x000000000001f9f8       0xa4 /opt/riscv/riscv_multilib/lib/gcc/riscv32-unknown-elf/8.3.0/../../../../riscv32-unknown-elf/lib/rv32im/ilp32/libgloss.a(sys_conv_stat.o)
                0x000000000001f9f8                _conv_stat
 .text          0x000000000001fa9c        0x8 /opt/riscv/riscv_multilib/lib/gcc/riscv32-unknown-elf/8.3.0/../../../../riscv32-unknown-elf/lib/rv32im/ilp32/libc.a(lib_a-errno.o)
                0x000000000001fa9c                __errno
 .text          0x000000000001faa4      0x434 /opt/riscv/riscv_multilib/lib/gcc/riscv32-unknown-elf/8.3.0/rv32im/ilp32/libgcc.a(_udivdi3.o)
                0x000000000001faa4                __udivdi3
 .text          0x000000000001fed8      0x410 /opt/riscv/riscv_multilib/lib/gcc/riscv32-unknown-elf/8.3.0/rv32im/ilp32/libgcc.a(_umoddi3.o)
                0x000000000001fed8                __umoddi3
 .text          0x00000000000202e8      0x6c8 /opt/riscv/riscv_multilib/lib/gcc/riscv32-unknown-elf/8.3.0/rv32im/ilp32/libgcc.a(divdf3.o)
                0x00000000000202e8                __divdf3
 .text          0x00000000000209b0      0x5b8 /opt/riscv/riscv_multilib/lib/gcc/riscv32-unknown-elf/8.3.0/rv32im/ilp32/libgcc.a(muldf3.o)
                0x00000000000209b0                __muldf3
 .text          0x0000000000020f68       0xcc /opt/riscv/riscv_multilib/lib/gcc/riscv32-unknown-elf/8.3.0/rv32im/ilp32/libgcc.a(eqtf2.o)
                0x0000000000020f68                __eqtf2
                0x0000000000020f68                __netf2
 .text          0x0000000000021034      0x144 /opt/riscv/riscv_multilib/lib/gcc/riscv32-unknown-elf/8.3.0/rv32im/ilp32/libgcc.a(getf2.o)
                0x0000000000021034                __getf2
                0x0000000000021034                __gttf2
 .text          0x0000000000021178      0x144 /opt/riscv/riscv_multilib/lib/gcc/riscv32-unknown-elf/8.3.0/rv32im/ilp32/libgcc.a(letf2.o)
                0x0000000000021178                __letf2
                0x0000000000021178                __lttf2
 .text          0x00000000000212bc     0x1008 /opt/riscv/riscv_multilib/lib/gcc/riscv32-unknown-elf/8.3.0/rv32im/ilp32/libgcc.a(multf3.o)
                0x00000000000212bc                __multf3
 .text          0x00000000000222c4     0x1520 /opt/riscv/riscv_multilib/lib/gcc/riscv32-unknown-elf/8.3.0/rv32im/ilp32/libgcc.a(subtf3.o)
                0x00000000000222c4                __subtf3
 .text          0x00000000000237e4      0x150 /opt/riscv/riscv_multilib/lib/gcc/riscv32-unknown-elf/8.3.0/rv32im/ilp32/libgcc.a(fixtfsi.o)
                0x00000000000237e4                __fixtfsi
 .text          0x0000000000023934      0x188 /opt/riscv/riscv_multilib/lib/gcc/riscv32-unknown-elf/8.3.0/rv32im/ilp32/libgcc.a(floatsitf.o)
                0x0000000000023934                __floatsitf
 .text          0x0000000000023abc      0x20c /opt/riscv/riscv_multilib/lib/gcc/riscv32-unknown-elf/8.3.0/rv32im/ilp32/libgcc.a(extenddftf2.o)
                0x0000000000023abc                __extenddftf2
 .text          0x0000000000023cc8      0x334 /opt/riscv/riscv_multilib/lib/gcc/riscv32-unknown-elf/8.3.0/rv32im/ilp32/libgcc.a(trunctfdf2.o)
                0x0000000000023cc8                __trunctfdf2
 .text          0x0000000000023ffc        0x0 /opt/riscv/riscv_multilib/lib/gcc/riscv32-unknown-elf/8.3.0/rv32im/ilp32/libgcc.a(_clz.o)
 .text          0x0000000000023ffc       0x4c /opt/riscv/riscv_multilib/lib/gcc/riscv32-unknown-elf/8.3.0/rv32im/ilp32/libgcc.a(_clzsi2.o)
                0x0000000000023ffc                __clzsi2
 .text          0x0000000000024048        0x0 /opt/riscv/riscv_multilib/lib/gcc/riscv32-unknown-elf/8.3.0/rv32im/ilp32/crtend.o
 *(.gnu.warning)

.fini
 *(SORT_NONE(.fini))
                [!provide]                        PROVIDE (__etext = .)
                [!provide]                        PROVIDE (_etext = .)
                [!provide]                        PROVIDE (etext = .)

.rodata         0x0000000000024048      0xcec
 *(.rodata .rodata.* .gnu.linkonce.r.*)
 .rodata        0x0000000000024048        0x5 ./obj/SPIKE_test.o
 *fill*         0x000000000002404d        0x3 
 .rodata        0x0000000000024050      0x18c /opt/riscv/riscv_multilib/lib/gcc/riscv32-unknown-elf/8.3.0/../../../../riscv32-unknown-elf/lib/rv32im/ilp32/libc.a(lib_a-vfprintf.o)
 .rodata.str1.4
                0x00000000000241dc       0x42 /opt/riscv/riscv_multilib/lib/gcc/riscv32-unknown-elf/8.3.0/../../../../riscv32-unknown-elf/lib/rv32im/ilp32/libc.a(lib_a-vfprintf.o)
 *fill*         0x000000000002421e        0x2 
 .rodata        0x0000000000024220      0x252 /opt/riscv/riscv_multilib/lib/gcc/riscv32-unknown-elf/8.3.0/../../../../riscv32-unknown-elf/lib/rv32im/ilp32/libc.a(lib_a-ldtoa.o)
 *fill*         0x0000000000024472        0x2 
 .rodata.str1.4
                0x0000000000024474       0x28 /opt/riscv/riscv_multilib/lib/gcc/riscv32-unknown-elf/8.3.0/../../../../riscv32-unknown-elf/lib/rv32im/ilp32/libc.a(lib_a-ldtoa.o)
 *fill*         0x000000000002449c        0x4 
 .rodata        0x00000000000244a0      0x128 /opt/riscv/riscv_multilib/lib/gcc/riscv32-unknown-elf/8.3.0/../../../../riscv32-unknown-elf/lib/rv32im/ilp32/libc.a(lib_a-mprec.o)
                0x00000000000244b0                __mprec_tens
                0x0000000000024578                __mprec_tinytens
                0x00000000000245a0                __mprec_bigtens
 .rodata        0x00000000000245c8      0x18c /opt/riscv/riscv_multilib/lib/gcc/riscv32-unknown-elf/8.3.0/../../../../riscv32-unknown-elf/lib/rv32im/ilp32/libc.a(lib_a-svfprintf.o)
 .rodata.str1.4
                0x0000000000024754       0x42 /opt/riscv/riscv_multilib/lib/gcc/riscv32-unknown-elf/8.3.0/../../../../riscv32-unknown-elf/lib/rv32im/ilp32/libc.a(lib_a-svfprintf.o)
 .rodata        0x0000000000024754      0x18c /opt/riscv/riscv_multilib/lib/gcc/riscv32-unknown-elf/8.3.0/../../../../riscv32-unknown-elf/lib/rv32im/ilp32/libc.a(lib_a-vfiprintf.o)
 .rodata.str1.4
                0x00000000000248e0       0x2f /opt/riscv/riscv_multilib/lib/gcc/riscv32-unknown-elf/8.3.0/../../../../riscv32-unknown-elf/lib/rv32im/ilp32/libc.a(lib_a-vfiprintf.o)
 .rodata.str1.4
                0x00000000000248e0       0x10 /opt/riscv/riscv_multilib/lib/gcc/riscv32-unknown-elf/8.3.0/../../../../riscv32-unknown-elf/lib/rv32im/ilp32/libc.a(lib_a-locale.o)
                                         0x12 (size before relaxing)
 .rodata        0x00000000000248f0      0x18c /opt/riscv/riscv_multilib/lib/gcc/riscv32-unknown-elf/8.3.0/../../../../riscv32-unknown-elf/lib/rv32im/ilp32/libc.a(lib_a-svfiprintf.o)
 .rodata.str1.4
                0x0000000000024a7c       0x2f /opt/riscv/riscv_multilib/lib/gcc/riscv32-unknown-elf/8.3.0/../../../../riscv32-unknown-elf/lib/rv32im/ilp32/libc.a(lib_a-svfiprintf.o)
 .rodata        0x0000000000024a7c      0x101 /opt/riscv/riscv_multilib/lib/gcc/riscv32-unknown-elf/8.3.0/../../../../riscv32-unknown-elf/lib/rv32im/ilp32/libc.a(lib_a-ctype_.o)
                0x0000000000024a7c                _ctype_
 *fill*         0x0000000000024b7d        0x3 
 .rodata        0x0000000000024b80       0x3c /opt/riscv/riscv_multilib/lib/gcc/riscv32-unknown-elf/8.3.0/rv32im/ilp32/libgcc.a(divdf3.o)
 .rodata        0x0000000000024bbc       0x3c /opt/riscv/riscv_multilib/lib/gcc/riscv32-unknown-elf/8.3.0/rv32im/ilp32/libgcc.a(muldf3.o)
 .rodata        0x0000000000024bf8       0x3c /opt/riscv/riscv_multilib/lib/gcc/riscv32-unknown-elf/8.3.0/rv32im/ilp32/libgcc.a(multf3.o)
 .rodata        0x0000000000024c34      0x100 /opt/riscv/riscv_multilib/lib/gcc/riscv32-unknown-elf/8.3.0/rv32im/ilp32/libgcc.a(_clz.o)
                0x0000000000024c34                __clz_tab

.rodata1
 *(.rodata1)

.sdata2
 *(.sdata2 .sdata2.* .gnu.linkonce.s2.*)

.sbss2
 *(.sbss2 .sbss2.* .gnu.linkonce.sb2.*)

.eh_frame_hdr
 *(.eh_frame_hdr)
 *(.eh_frame_entry .eh_frame_entry.*)

.eh_frame
 *(.eh_frame)
 *(.eh_frame.*)

.gcc_except_table
 *(.gcc_except_table .gcc_except_table.*)

.gnu_extab
 *(.gnu_extab*)

.exception_ranges
 *(.exception_ranges*)
                0x0000000000025000                . = DATA_SEGMENT_ALIGN (CONSTANT (MAXPAGESIZE), CONSTANT (COMMONPAGESIZE))

.eh_frame       0x0000000000025000       0x40
 *(.eh_frame)
 .eh_frame      0x0000000000025000        0x0 /opt/riscv/riscv_multilib/lib/gcc/riscv32-unknown-elf/8.3.0/rv32im/ilp32/crtbegin.o
 .eh_frame      0x0000000000025000       0x28 /opt/riscv/riscv_multilib/lib/gcc/riscv32-unknown-elf/8.3.0/rv32im/ilp32/libgcc.a(_udivdi3.o)
 .eh_frame      0x0000000000025028       0x14 /opt/riscv/riscv_multilib/lib/gcc/riscv32-unknown-elf/8.3.0/rv32im/ilp32/libgcc.a(_umoddi3.o)
                                         0x28 (size before relaxing)
 .eh_frame      0x000000000002503c        0x4 /opt/riscv/riscv_multilib/lib/gcc/riscv32-unknown-elf/8.3.0/rv32im/ilp32/crtend.o
 *(.eh_frame.*)

.gnu_extab
 *(.gnu_extab)

.gcc_except_table
 *(.gcc_except_table .gcc_except_table.*)

.exception_ranges
 *(.exception_ranges*)

.tdata          0x0000000000025040        0x0
                [!provide]                        PROVIDE (__tdata_start = .)
 *(.tdata .tdata.* .gnu.linkonce.td.*)

.tbss
 *(.tbss .tbss.* .gnu.linkonce.tb.*)
 *(.tcommon)

.preinit_array  0x0000000000025040        0x0
                0x0000000000025040                PROVIDE (__preinit_array_start = .)
 *(.preinit_array)
                0x0000000000025040                PROVIDE (__preinit_array_end = .)

.init_array     0x0000000000025040        0x8
                0x0000000000025040                PROVIDE (__init_array_start = .)
 *(SORT_BY_INIT_PRIORITY(.init_array.*) SORT_BY_INIT_PRIORITY(.ctors.*))
 .init_array.00000
                0x0000000000025040        0x4 /opt/riscv/riscv_multilib/lib/gcc/riscv32-unknown-elf/8.3.0/../../../../riscv32-unknown-elf/lib/rv32im/ilp32/libc.a(lib_a-__call_atexit.o)
 *(.init_array EXCLUDE_FILE(*crtend?.o *crtend.o *crtbegin?.o *crtbegin.o) .ctors)
 .init_array    0x0000000000025044        0x4 /opt/riscv/riscv_multilib/lib/gcc/riscv32-unknown-elf/8.3.0/rv32im/ilp32/crtbegin.o
                0x0000000000025048                PROVIDE (__init_array_end = .)

.fini_array     0x0000000000025048        0x4
                0x0000000000025048                PROVIDE (__fini_array_start = .)
 *(SORT_BY_INIT_PRIORITY(.fini_array.*) SORT_BY_INIT_PRIORITY(.dtors.*))
 *(.fini_array EXCLUDE_FILE(*crtend?.o *crtend.o *crtbegin?.o *crtbegin.o) .dtors)
 .fini_array    0x0000000000025048        0x4 /opt/riscv/riscv_multilib/lib/gcc/riscv32-unknown-elf/8.3.0/rv32im/ilp32/crtbegin.o
                0x000000000002504c                PROVIDE (__fini_array_end = .)

.ctors
 *crtbegin.o(.ctors)
 *crtbegin?.o(.ctors)
 *(EXCLUDE_FILE(*crtend?.o *crtend.o) .ctors)
 *(SORT_BY_NAME(.ctors.*))
 *(.ctors)

.dtors
 *crtbegin.o(.dtors)
 *crtbegin?.o(.dtors)
 *(EXCLUDE_FILE(*crtend?.o *crtend.o) .dtors)
 *(SORT_BY_NAME(.dtors.*))
 *(.dtors)

.jcr
 *(.jcr)

.data.rel.ro
 *(.data.rel.ro.local* .gnu.linkonce.d.rel.ro.local.*)
 *(.data.rel.ro .data.rel.ro.* .gnu.linkonce.d.rel.ro.*)

.dynamic
 *(.dynamic)
                0x000000000002504c                . = DATA_SEGMENT_RELRO_END (., 0x0)

.data           0x0000000000025050      0x99c
                0x0000000000025050                __DATA_BEGIN__ = .
 *(.data .data.* .gnu.linkonce.d.*)
 .data          0x0000000000025050        0x0 /opt/riscv/riscv_multilib/lib/gcc/riscv32-unknown-elf/8.3.0/../../../../riscv32-unknown-elf/lib/rv32im/ilp32/crt0.o
 .data          0x0000000000025050        0x0 /opt/riscv/riscv_multilib/lib/gcc/riscv32-unknown-elf/8.3.0/rv32im/ilp32/crtbegin.o
 .data          0x0000000000025050        0x0 ./obj/SPIKE_test.o
 .data          0x0000000000025050        0x0 /opt/riscv/riscv_multilib/lib/gcc/riscv32-unknown-elf/8.3.0/../../../../riscv32-unknown-elf/lib/rv32im/ilp32/libc.a(lib_a-exit.o)
 .data          0x0000000000025050      0x428 /opt/riscv/riscv_multilib/lib/gcc/riscv32-unknown-elf/8.3.0/../../../../riscv32-unknown-elf/lib/rv32im/ilp32/libc.a(lib_a-impure.o)
 .data          0x0000000000025478        0x0 /opt/riscv/riscv_multilib/lib/gcc/riscv32-unknown-elf/8.3.0/../../../../riscv32-unknown-elf/lib/rv32im/ilp32/libc.a(lib_a-init.o)
 .data          0x0000000000025478        0x0 /opt/riscv/riscv_multilib/lib/gcc/riscv32-unknown-elf/8.3.0/../../../../riscv32-unknown-elf/lib/rv32im/ilp32/libc.a(lib_a-memset.o)
 .data          0x0000000000025478        0x0 /opt/riscv/riscv_multilib/lib/gcc/riscv32-unknown-elf/8.3.0/../../../../riscv32-unknown-elf/lib/rv32im/ilp32/libc.a(lib_a-printf.o)
 .data          0x0000000000025478        0x0 /opt/riscv/riscv_multilib/lib/gcc/riscv32-unknown-elf/8.3.0/../../../../riscv32-unknown-elf/lib/rv32im/ilp32/libc.a(lib_a-vfprintf.o)
 .data          0x0000000000025478        0x0 /opt/riscv/riscv_multilib/lib/gcc/riscv32-unknown-elf/8.3.0/../../../../riscv32-unknown-elf/lib/rv32im/ilp32/libc.a(lib_a-wsetup.o)
 .data          0x0000000000025478        0x0 /opt/riscv/riscv_multilib/lib/gcc/riscv32-unknown-elf/8.3.0/../../../../riscv32-unknown-elf/lib/rv32im/ilp32/libc.a(lib_a-__call_atexit.o)
 .data          0x0000000000025478        0x0 /opt/riscv/riscv_multilib/lib/gcc/riscv32-unknown-elf/8.3.0/../../../../riscv32-unknown-elf/lib/rv32im/ilp32/libc.a(lib_a-atexit.o)
 .data          0x0000000000025478        0x0 /opt/riscv/riscv_multilib/lib/gcc/riscv32-unknown-elf/8.3.0/../../../../riscv32-unknown-elf/lib/rv32im/ilp32/libc.a(lib_a-fflush.o)
 .data          0x0000000000025478        0x0 /opt/riscv/riscv_multilib/lib/gcc/riscv32-unknown-elf/8.3.0/../../../../riscv32-unknown-elf/lib/rv32im/ilp32/libc.a(lib_a-findfp.o)
 .data          0x0000000000025478        0x0 /opt/riscv/riscv_multilib/lib/gcc/riscv32-unknown-elf/8.3.0/../../../../riscv32-unknown-elf/lib/rv32im/ilp32/libc.a(lib_a-fini.o)
 .data          0x0000000000025478        0x0 /opt/riscv/riscv_multilib/lib/gcc/riscv32-unknown-elf/8.3.0/../../../../riscv32-unknown-elf/lib/rv32im/ilp32/libc.a(lib_a-freer.o)
 .data          0x0000000000025478        0x0 /opt/riscv/riscv_multilib/lib/gcc/riscv32-unknown-elf/8.3.0/../../../../riscv32-unknown-elf/lib/rv32im/ilp32/libc.a(lib_a-fwalk.o)
 .data          0x0000000000025478        0x0 /opt/riscv/riscv_multilib/lib/gcc/riscv32-unknown-elf/8.3.0/../../../../riscv32-unknown-elf/lib/rv32im/ilp32/libc.a(lib_a-ldtoa.o)
 .data          0x0000000000025478        0x0 /opt/riscv/riscv_multilib/lib/gcc/riscv32-unknown-elf/8.3.0/../../../../riscv32-unknown-elf/lib/rv32im/ilp32/libc.a(lib_a-localeconv.o)
 .data          0x0000000000025478        0x0 /opt/riscv/riscv_multilib/lib/gcc/riscv32-unknown-elf/8.3.0/../../../../riscv32-unknown-elf/lib/rv32im/ilp32/libc.a(lib_a-makebuf.o)
 .data          0x0000000000025478      0x408 /opt/riscv/riscv_multilib/lib/gcc/riscv32-unknown-elf/8.3.0/../../../../riscv32-unknown-elf/lib/rv32im/ilp32/libc.a(lib_a-mallocr.o)
                0x0000000000025478                __malloc_av_
 .data          0x0000000000025880        0x0 /opt/riscv/riscv_multilib/lib/gcc/riscv32-unknown-elf/8.3.0/../../../../riscv32-unknown-elf/lib/rv32im/ilp32/libc.a(lib_a-memchr.o)
 .data          0x0000000000025880        0x0 /opt/riscv/riscv_multilib/lib/gcc/riscv32-unknown-elf/8.3.0/../../../../riscv32-unknown-elf/lib/rv32im/ilp32/libc.a(lib_a-mlock.o)
 .data          0x0000000000025880        0x0 /opt/riscv/riscv_multilib/lib/gcc/riscv32-unknown-elf/8.3.0/../../../../riscv32-unknown-elf/lib/rv32im/ilp32/libc.a(lib_a-mprec.o)
 .data          0x0000000000025880        0x0 /opt/riscv/riscv_multilib/lib/gcc/riscv32-unknown-elf/8.3.0/../../../../riscv32-unknown-elf/lib/rv32im/ilp32/libc.a(lib_a-s_frexp.o)
 .data          0x0000000000025880        0x0 /opt/riscv/riscv_multilib/lib/gcc/riscv32-unknown-elf/8.3.0/../../../../riscv32-unknown-elf/lib/rv32im/ilp32/libc.a(lib_a-sbrkr.o)
 .data          0x0000000000025880        0x0 /opt/riscv/riscv_multilib/lib/gcc/riscv32-unknown-elf/8.3.0/../../../../riscv32-unknown-elf/lib/rv32im/ilp32/libc.a(lib_a-sprintf.o)
 .data          0x0000000000025880        0x0 /opt/riscv/riscv_multilib/lib/gcc/riscv32-unknown-elf/8.3.0/../../../../riscv32-unknown-elf/lib/rv32im/ilp32/libc.a(lib_a-stdio.o)
 .data          0x0000000000025880        0x0 /opt/riscv/riscv_multilib/lib/gcc/riscv32-unknown-elf/8.3.0/../../../../riscv32-unknown-elf/lib/rv32im/ilp32/libc.a(lib_a-strcpy.o)
 .data          0x0000000000025880        0x0 /opt/riscv/riscv_multilib/lib/gcc/riscv32-unknown-elf/8.3.0/../../../../riscv32-unknown-elf/lib/rv32im/ilp32/libc.a(lib_a-strlen.o)
 .data          0x0000000000025880        0x0 /opt/riscv/riscv_multilib/lib/gcc/riscv32-unknown-elf/8.3.0/../../../../riscv32-unknown-elf/lib/rv32im/ilp32/libc.a(lib_a-strncpy.o)
 .data          0x0000000000025880        0x0 /opt/riscv/riscv_multilib/lib/gcc/riscv32-unknown-elf/8.3.0/../../../../riscv32-unknown-elf/lib/rv32im/ilp32/libc.a(lib_a-svfprintf.o)
 .data          0x0000000000025880        0x0 /opt/riscv/riscv_multilib/lib/gcc/riscv32-unknown-elf/8.3.0/../../../../riscv32-unknown-elf/lib/rv32im/ilp32/libc.a(lib_a-vfiprintf.o)
 .data          0x0000000000025880        0x0 /opt/riscv/riscv_multilib/lib/gcc/riscv32-unknown-elf/8.3.0/../../../../riscv32-unknown-elf/lib/rv32im/ilp32/libc.a(lib_a-writer.o)
 .data          0x0000000000025880        0x0 /opt/riscv/riscv_multilib/lib/gcc/riscv32-unknown-elf/8.3.0/../../../../riscv32-unknown-elf/lib/rv32im/ilp32/libc.a(lib_a-__atexit.o)
 .data          0x0000000000025880        0x0 /opt/riscv/riscv_multilib/lib/gcc/riscv32-unknown-elf/8.3.0/../../../../riscv32-unknown-elf/lib/rv32im/ilp32/libc.a(lib_a-callocr.o)
 .data          0x0000000000025880        0x0 /opt/riscv/riscv_multilib/lib/gcc/riscv32-unknown-elf/8.3.0/../../../../riscv32-unknown-elf/lib/rv32im/ilp32/libc.a(lib_a-closer.o)
 .data          0x0000000000025880        0x0 /opt/riscv/riscv_multilib/lib/gcc/riscv32-unknown-elf/8.3.0/../../../../riscv32-unknown-elf/lib/rv32im/ilp32/libc.a(lib_a-fclose.o)
 .data          0x0000000000025880        0x0 /opt/riscv/riscv_multilib/lib/gcc/riscv32-unknown-elf/8.3.0/../../../../riscv32-unknown-elf/lib/rv32im/ilp32/libc.a(lib_a-fputwc.o)
 .data          0x0000000000025880        0x0 /opt/riscv/riscv_multilib/lib/gcc/riscv32-unknown-elf/8.3.0/../../../../riscv32-unknown-elf/lib/rv32im/ilp32/libc.a(lib_a-fstatr.o)
 .data          0x0000000000025880        0x0 /opt/riscv/riscv_multilib/lib/gcc/riscv32-unknown-elf/8.3.0/../../../../riscv32-unknown-elf/lib/rv32im/ilp32/libc.a(lib_a-fvwrite.o)
 .data          0x0000000000025880        0x0 /opt/riscv/riscv_multilib/lib/gcc/riscv32-unknown-elf/8.3.0/../../../../riscv32-unknown-elf/lib/rv32im/ilp32/libc.a(lib_a-isattyr.o)
 .data          0x0000000000025880      0x16c /opt/riscv/riscv_multilib/lib/gcc/riscv32-unknown-elf/8.3.0/../../../../riscv32-unknown-elf/lib/rv32im/ilp32/libc.a(lib_a-locale.o)
                0x0000000000025880                __global_locale
 .data          0x00000000000259ec        0x0 /opt/riscv/riscv_multilib/lib/gcc/riscv32-unknown-elf/8.3.0/../../../../riscv32-unknown-elf/lib/rv32im/ilp32/libc.a(lib_a-lseekr.o)
 .data          0x00000000000259ec        0x0 /opt/riscv/riscv_multilib/lib/gcc/riscv32-unknown-elf/8.3.0/../../../../riscv32-unknown-elf/lib/rv32im/ilp32/libc.a(lib_a-mbtowc_r.o)
 .data          0x00000000000259ec        0x0 /opt/riscv/riscv_multilib/lib/gcc/riscv32-unknown-elf/8.3.0/../../../../riscv32-unknown-elf/lib/rv32im/ilp32/libc.a(lib_a-memcpy.o)
 .data          0x00000000000259ec        0x0 /opt/riscv/riscv_multilib/lib/gcc/riscv32-unknown-elf/8.3.0/../../../../riscv32-unknown-elf/lib/rv32im/ilp32/libc.a(lib_a-memmove-stub.o)
 .data          0x00000000000259ec        0x0 /opt/riscv/riscv_multilib/lib/gcc/riscv32-unknown-elf/8.3.0/../../../../riscv32-unknown-elf/lib/rv32im/ilp32/libc.a(lib_a-readr.o)
 .data          0x00000000000259ec        0x0 /opt/riscv/riscv_multilib/lib/gcc/riscv32-unknown-elf/8.3.0/../../../../riscv32-unknown-elf/lib/rv32im/ilp32/libc.a(lib_a-reallocr.o)
 .data          0x00000000000259ec        0x0 /opt/riscv/riscv_multilib/lib/gcc/riscv32-unknown-elf/8.3.0/../../../../riscv32-unknown-elf/lib/rv32im/ilp32/libc.a(lib_a-reent.o)
 .data          0x00000000000259ec        0x0 /opt/riscv/riscv_multilib/lib/gcc/riscv32-unknown-elf/8.3.0/../../../../riscv32-unknown-elf/lib/rv32im/ilp32/libc.a(lib_a-strcmp.o)
 .data          0x00000000000259ec        0x0 /opt/riscv/riscv_multilib/lib/gcc/riscv32-unknown-elf/8.3.0/../../../../riscv32-unknown-elf/lib/rv32im/ilp32/libc.a(lib_a-svfiprintf.o)
 .data          0x00000000000259ec        0x0 /opt/riscv/riscv_multilib/lib/gcc/riscv32-unknown-elf/8.3.0/../../../../riscv32-unknown-elf/lib/rv32im/ilp32/libc.a(lib_a-wbuf.o)
 .data          0x00000000000259ec        0x0 /opt/riscv/riscv_multilib/lib/gcc/riscv32-unknown-elf/8.3.0/../../../../riscv32-unknown-elf/lib/rv32im/ilp32/libc.a(lib_a-wcrtomb.o)
 .data          0x00000000000259ec        0x0 /opt/riscv/riscv_multilib/lib/gcc/riscv32-unknown-elf/8.3.0/../../../../riscv32-unknown-elf/lib/rv32im/ilp32/libc.a(lib_a-wctomb_r.o)
 .data          0x00000000000259ec        0x0 /opt/riscv/riscv_multilib/lib/gcc/riscv32-unknown-elf/8.3.0/../../../../riscv32-unknown-elf/lib/rv32im/ilp32/libc.a(lib_a-ctype_.o)
 .data          0x00000000000259ec        0x0 /opt/riscv/riscv_multilib/lib/gcc/riscv32-unknown-elf/8.3.0/../../../../riscv32-unknown-elf/lib/rv32im/ilp32/libgloss.a(sys_close.o)
 .data          0x00000000000259ec        0x0 /opt/riscv/riscv_multilib/lib/gcc/riscv32-unknown-elf/8.3.0/../../../../riscv32-unknown-elf/lib/rv32im/ilp32/libgloss.a(sys_exit.o)
 .data          0x00000000000259ec        0x0 /opt/riscv/riscv_multilib/lib/gcc/riscv32-unknown-elf/8.3.0/../../../../riscv32-unknown-elf/lib/rv32im/ilp32/libgloss.a(sys_fstat.o)
 .data          0x00000000000259ec        0x0 /opt/riscv/riscv_multilib/lib/gcc/riscv32-unknown-elf/8.3.0/../../../../riscv32-unknown-elf/lib/rv32im/ilp32/libgloss.a(sys_isatty.o)
 .data          0x00000000000259ec        0x0 /opt/riscv/riscv_multilib/lib/gcc/riscv32-unknown-elf/8.3.0/../../../../riscv32-unknown-elf/lib/rv32im/ilp32/libgloss.a(sys_lseek.o)
 .data          0x00000000000259ec        0x0 /opt/riscv/riscv_multilib/lib/gcc/riscv32-unknown-elf/8.3.0/../../../../riscv32-unknown-elf/lib/rv32im/ilp32/libgloss.a(sys_read.o)
 .data          0x00000000000259ec        0x0 /opt/riscv/riscv_multilib/lib/gcc/riscv32-unknown-elf/8.3.0/../../../../riscv32-unknown-elf/lib/rv32im/ilp32/libgloss.a(sys_sbrk.o)
 .data          0x00000000000259ec        0x0 /opt/riscv/riscv_multilib/lib/gcc/riscv32-unknown-elf/8.3.0/../../../../riscv32-unknown-elf/lib/rv32im/ilp32/libgloss.a(sys_write.o)
 .data          0x00000000000259ec        0x0 /opt/riscv/riscv_multilib/lib/gcc/riscv32-unknown-elf/8.3.0/../../../../riscv32-unknown-elf/lib/rv32im/ilp32/libgloss.a(sys_conv_stat.o)
 .data          0x00000000000259ec        0x0 /opt/riscv/riscv_multilib/lib/gcc/riscv32-unknown-elf/8.3.0/../../../../riscv32-unknown-elf/lib/rv32im/ilp32/libc.a(lib_a-errno.o)
 .data          0x00000000000259ec        0x0 /opt/riscv/riscv_multilib/lib/gcc/riscv32-unknown-elf/8.3.0/rv32im/ilp32/libgcc.a(_udivdi3.o)
 .data          0x00000000000259ec        0x0 /opt/riscv/riscv_multilib/lib/gcc/riscv32-unknown-elf/8.3.0/rv32im/ilp32/libgcc.a(_umoddi3.o)
 .data          0x00000000000259ec        0x0 /opt/riscv/riscv_multilib/lib/gcc/riscv32-unknown-elf/8.3.0/rv32im/ilp32/libgcc.a(divdf3.o)
 .data          0x00000000000259ec        0x0 /opt/riscv/riscv_multilib/lib/gcc/riscv32-unknown-elf/8.3.0/rv32im/ilp32/libgcc.a(muldf3.o)
 .data          0x00000000000259ec        0x0 /opt/riscv/riscv_multilib/lib/gcc/riscv32-unknown-elf/8.3.0/rv32im/ilp32/libgcc.a(eqtf2.o)
 .data          0x00000000000259ec        0x0 /opt/riscv/riscv_multilib/lib/gcc/riscv32-unknown-elf/8.3.0/rv32im/ilp32/libgcc.a(getf2.o)
 .data          0x00000000000259ec        0x0 /opt/riscv/riscv_multilib/lib/gcc/riscv32-unknown-elf/8.3.0/rv32im/ilp32/libgcc.a(letf2.o)
 .data          0x00000000000259ec        0x0 /opt/riscv/riscv_multilib/lib/gcc/riscv32-unknown-elf/8.3.0/rv32im/ilp32/libgcc.a(multf3.o)
 .data          0x00000000000259ec        0x0 /opt/riscv/riscv_multilib/lib/gcc/riscv32-unknown-elf/8.3.0/rv32im/ilp32/libgcc.a(subtf3.o)
 .data          0x00000000000259ec        0x0 /opt/riscv/riscv_multilib/lib/gcc/riscv32-unknown-elf/8.3.0/rv32im/ilp32/libgcc.a(fixtfsi.o)
 .data          0x00000000000259ec        0x0 /opt/riscv/riscv_multilib/lib/gcc/riscv32-unknown-elf/8.3.0/rv32im/ilp32/libgcc.a(floatsitf.o)
 .data          0x00000000000259ec        0x0 /opt/riscv/riscv_multilib/lib/gcc/riscv32-unknown-elf/8.3.0/rv32im/ilp32/libgcc.a(extenddftf2.o)
 .data          0x00000000000259ec        0x0 /opt/riscv/riscv_multilib/lib/gcc/riscv32-unknown-elf/8.3.0/rv32im/ilp32/libgcc.a(trunctfdf2.o)
 .data          0x00000000000259ec        0x0 /opt/riscv/riscv_multilib/lib/gcc/riscv32-unknown-elf/8.3.0/rv32im/ilp32/libgcc.a(_clz.o)
 .data          0x00000000000259ec        0x0 /opt/riscv/riscv_multilib/lib/gcc/riscv32-unknown-elf/8.3.0/rv32im/ilp32/libgcc.a(_clzsi2.o)
 .data          0x00000000000259ec        0x0 /opt/riscv/riscv_multilib/lib/gcc/riscv32-unknown-elf/8.3.0/rv32im/ilp32/crtend.o

.tm_clone_table
                0x00000000000259ec        0x0
 .tm_clone_table
                0x00000000000259ec        0x0 /opt/riscv/riscv_multilib/lib/gcc/riscv32-unknown-elf/8.3.0/rv32im/ilp32/crtbegin.o
 .tm_clone_table
                0x00000000000259ec        0x0 /opt/riscv/riscv_multilib/lib/gcc/riscv32-unknown-elf/8.3.0/rv32im/ilp32/crtend.o

.data1
 *(.data1)

.got
 *(.got.plt)
 *(.igot.plt)
 *(.got)
 *(.igot)

.sdata          0x00000000000259f0       0x2c
                0x00000000000259f0                __SDATA_BEGIN__ = .
 *(.srodata.cst16)
 *(.srodata.cst8)
 .srodata.cst8  0x00000000000259f0       0x10 /opt/riscv/riscv_multilib/lib/gcc/riscv32-unknown-elf/8.3.0/../../../../riscv32-unknown-elf/lib/rv32im/ilp32/libc.a(lib_a-mprec.o)
 .srodata.cst8  0x0000000000025a00        0x8 /opt/riscv/riscv_multilib/lib/gcc/riscv32-unknown-elf/8.3.0/../../../../riscv32-unknown-elf/lib/rv32im/ilp32/libc.a(lib_a-s_frexp.o)
 *(.srodata.cst4)
 *(.srodata.cst2)
 *(.srodata .srodata.*)
 .srodata       0x0000000000025a08        0x4 /opt/riscv/riscv_multilib/lib/gcc/riscv32-unknown-elf/8.3.0/../../../../riscv32-unknown-elf/lib/rv32im/ilp32/libc.a(lib_a-impure.o)
                0x0000000000025a08                _global_impure_ptr
 *(.sdata .sdata.* .gnu.linkonce.s.*)
 .sdata         0x0000000000025a0c        0x4 /opt/riscv/riscv_multilib/lib/gcc/riscv32-unknown-elf/8.3.0/rv32im/ilp32/crtbegin.o
                0x0000000000025a0c                __dso_handle
 .sdata         0x0000000000025a10        0x4 /opt/riscv/riscv_multilib/lib/gcc/riscv32-unknown-elf/8.3.0/../../../../riscv32-unknown-elf/lib/rv32im/ilp32/libc.a(lib_a-impure.o)
                0x0000000000025a10                _impure_ptr
 .sdata         0x0000000000025a14        0x8 /opt/riscv/riscv_multilib/lib/gcc/riscv32-unknown-elf/8.3.0/../../../../riscv32-unknown-elf/lib/rv32im/ilp32/libc.a(lib_a-mallocr.o)
                0x0000000000025a14                __malloc_sbrk_base
                0x0000000000025a18                __malloc_trim_threshold
                0x0000000000025a1c                _edata = .
                [!provide]                        PROVIDE (edata = .)
                0x0000000000025a1c                . = .
                0x0000000000025a1c                __bss_start = .

.sbss           0x0000000000025a1c       0x14
 *(.dynsbss)
 *(.sbss .sbss.* .gnu.linkonce.sb.*)
 .sbss          0x0000000000025a1c        0xc /opt/riscv/riscv_multilib/lib/gcc/riscv32-unknown-elf/8.3.0/../../../../riscv32-unknown-elf/lib/rv32im/ilp32/libc.a(lib_a-mallocr.o)
                0x0000000000025a1c                __malloc_max_total_mem
                0x0000000000025a20                __malloc_max_sbrked_mem
                0x0000000000025a24                __malloc_top_pad
 .sbss          0x0000000000025a28        0x4 /opt/riscv/riscv_multilib/lib/gcc/riscv32-unknown-elf/8.3.0/../../../../riscv32-unknown-elf/lib/rv32im/ilp32/libc.a(lib_a-locale.o)
                0x0000000000025a28                _PathLocale
 .sbss          0x0000000000025a2c        0x4 /opt/riscv/riscv_multilib/lib/gcc/riscv32-unknown-elf/8.3.0/../../../../riscv32-unknown-elf/lib/rv32im/ilp32/libgloss.a(sys_sbrk.o)
 *(.scommon)

.bss            0x0000000000025a30       0x48
 *(.dynbss)
 *(.bss .bss.* .gnu.linkonce.b.*)
 .bss           0x0000000000025a30        0x0 /opt/riscv/riscv_multilib/lib/gcc/riscv32-unknown-elf/8.3.0/../../../../riscv32-unknown-elf/lib/rv32im/ilp32/crt0.o
 .bss           0x0000000000025a30       0x1c /opt/riscv/riscv_multilib/lib/gcc/riscv32-unknown-elf/8.3.0/rv32im/ilp32/crtbegin.o
 .bss           0x0000000000025a4c        0x0 ./obj/SPIKE_test.o
 .bss           0x0000000000025a4c        0x0 /opt/riscv/riscv_multilib/lib/gcc/riscv32-unknown-elf/8.3.0/../../../../riscv32-unknown-elf/lib/rv32im/ilp32/libc.a(lib_a-exit.o)
 .bss           0x0000000000025a4c        0x0 /opt/riscv/riscv_multilib/lib/gcc/riscv32-unknown-elf/8.3.0/../../../../riscv32-unknown-elf/lib/rv32im/ilp32/libc.a(lib_a-impure.o)
 .bss           0x0000000000025a4c        0x0 /opt/riscv/riscv_multilib/lib/gcc/riscv32-unknown-elf/8.3.0/../../../../riscv32-unknown-elf/lib/rv32im/ilp32/libc.a(lib_a-init.o)
 .bss           0x0000000000025a4c        0x0 /opt/riscv/riscv_multilib/lib/gcc/riscv32-unknown-elf/8.3.0/../../../../riscv32-unknown-elf/lib/rv32im/ilp32/libc.a(lib_a-memset.o)
 .bss           0x0000000000025a4c        0x0 /opt/riscv/riscv_multilib/lib/gcc/riscv32-unknown-elf/8.3.0/../../../../riscv32-unknown-elf/lib/rv32im/ilp32/libc.a(lib_a-printf.o)
 .bss           0x0000000000025a4c        0x0 /opt/riscv/riscv_multilib/lib/gcc/riscv32-unknown-elf/8.3.0/../../../../riscv32-unknown-elf/lib/rv32im/ilp32/libc.a(lib_a-vfprintf.o)
 .bss           0x0000000000025a4c        0x0 /opt/riscv/riscv_multilib/lib/gcc/riscv32-unknown-elf/8.3.0/../../../../riscv32-unknown-elf/lib/rv32im/ilp32/libc.a(lib_a-wsetup.o)
 .bss           0x0000000000025a4c        0x0 /opt/riscv/riscv_multilib/lib/gcc/riscv32-unknown-elf/8.3.0/../../../../riscv32-unknown-elf/lib/rv32im/ilp32/libc.a(lib_a-__call_atexit.o)
 .bss           0x0000000000025a4c        0x0 /opt/riscv/riscv_multilib/lib/gcc/riscv32-unknown-elf/8.3.0/../../../../riscv32-unknown-elf/lib/rv32im/ilp32/libc.a(lib_a-atexit.o)
 .bss           0x0000000000025a4c        0x0 /opt/riscv/riscv_multilib/lib/gcc/riscv32-unknown-elf/8.3.0/../../../../riscv32-unknown-elf/lib/rv32im/ilp32/libc.a(lib_a-fflush.o)
 .bss           0x0000000000025a4c        0x0 /opt/riscv/riscv_multilib/lib/gcc/riscv32-unknown-elf/8.3.0/../../../../riscv32-unknown-elf/lib/rv32im/ilp32/libc.a(lib_a-findfp.o)
 .bss           0x0000000000025a4c        0x0 /opt/riscv/riscv_multilib/lib/gcc/riscv32-unknown-elf/8.3.0/../../../../riscv32-unknown-elf/lib/rv32im/ilp32/libc.a(lib_a-fini.o)
 .bss           0x0000000000025a4c        0x0 /opt/riscv/riscv_multilib/lib/gcc/riscv32-unknown-elf/8.3.0/../../../../riscv32-unknown-elf/lib/rv32im/ilp32/libc.a(lib_a-freer.o)
 .bss           0x0000000000025a4c        0x0 /opt/riscv/riscv_multilib/lib/gcc/riscv32-unknown-elf/8.3.0/../../../../riscv32-unknown-elf/lib/rv32im/ilp32/libc.a(lib_a-fwalk.o)
 .bss           0x0000000000025a4c        0x0 /opt/riscv/riscv_multilib/lib/gcc/riscv32-unknown-elf/8.3.0/../../../../riscv32-unknown-elf/lib/rv32im/ilp32/libc.a(lib_a-ldtoa.o)
 .bss           0x0000000000025a4c        0x0 /opt/riscv/riscv_multilib/lib/gcc/riscv32-unknown-elf/8.3.0/../../../../riscv32-unknown-elf/lib/rv32im/ilp32/libc.a(lib_a-localeconv.o)
 .bss           0x0000000000025a4c        0x0 /opt/riscv/riscv_multilib/lib/gcc/riscv32-unknown-elf/8.3.0/../../../../riscv32-unknown-elf/lib/rv32im/ilp32/libc.a(lib_a-makebuf.o)
 .bss           0x0000000000025a4c       0x28 /opt/riscv/riscv_multilib/lib/gcc/riscv32-unknown-elf/8.3.0/../../../../riscv32-unknown-elf/lib/rv32im/ilp32/libc.a(lib_a-mallocr.o)
                0x0000000000025a4c                __malloc_current_mallinfo
 .bss           0x0000000000025a74        0x0 /opt/riscv/riscv_multilib/lib/gcc/riscv32-unknown-elf/8.3.0/../../../../riscv32-unknown-elf/lib/rv32im/ilp32/libc.a(lib_a-memchr.o)
 .bss           0x0000000000025a74        0x0 /opt/riscv/riscv_multilib/lib/gcc/riscv32-unknown-elf/8.3.0/../../../../riscv32-unknown-elf/lib/rv32im/ilp32/libc.a(lib_a-mlock.o)
 .bss           0x0000000000025a74        0x0 /opt/riscv/riscv_multilib/lib/gcc/riscv32-unknown-elf/8.3.0/../../../../riscv32-unknown-elf/lib/rv32im/ilp32/libc.a(lib_a-mprec.o)
 .bss           0x0000000000025a74        0x0 /opt/riscv/riscv_multilib/lib/gcc/riscv32-unknown-elf/8.3.0/../../../../riscv32-unknown-elf/lib/rv32im/ilp32/libc.a(lib_a-s_frexp.o)
 .bss           0x0000000000025a74        0x0 /opt/riscv/riscv_multilib/lib/gcc/riscv32-unknown-elf/8.3.0/../../../../riscv32-unknown-elf/lib/rv32im/ilp32/libc.a(lib_a-sbrkr.o)
 .bss           0x0000000000025a74        0x0 /opt/riscv/riscv_multilib/lib/gcc/riscv32-unknown-elf/8.3.0/../../../../riscv32-unknown-elf/lib/rv32im/ilp32/libc.a(lib_a-sprintf.o)
 .bss           0x0000000000025a74        0x0 /opt/riscv/riscv_multilib/lib/gcc/riscv32-unknown-elf/8.3.0/../../../../riscv32-unknown-elf/lib/rv32im/ilp32/libc.a(lib_a-stdio.o)
 .bss           0x0000000000025a74        0x0 /opt/riscv/riscv_multilib/lib/gcc/riscv32-unknown-elf/8.3.0/../../../../riscv32-unknown-elf/lib/rv32im/ilp32/libc.a(lib_a-strcpy.o)
 .bss           0x0000000000025a74        0x0 /opt/riscv/riscv_multilib/lib/gcc/riscv32-unknown-elf/8.3.0/../../../../riscv32-unknown-elf/lib/rv32im/ilp32/libc.a(lib_a-strlen.o)
 .bss           0x0000000000025a74        0x0 /opt/riscv/riscv_multilib/lib/gcc/riscv32-unknown-elf/8.3.0/../../../../riscv32-unknown-elf/lib/rv32im/ilp32/libc.a(lib_a-strncpy.o)
 .bss           0x0000000000025a74        0x0 /opt/riscv/riscv_multilib/lib/gcc/riscv32-unknown-elf/8.3.0/../../../../riscv32-unknown-elf/lib/rv32im/ilp32/libc.a(lib_a-svfprintf.o)
 .bss           0x0000000000025a74        0x0 /opt/riscv/riscv_multilib/lib/gcc/riscv32-unknown-elf/8.3.0/../../../../riscv32-unknown-elf/lib/rv32im/ilp32/libc.a(lib_a-vfiprintf.o)
 .bss           0x0000000000025a74        0x0 /opt/riscv/riscv_multilib/lib/gcc/riscv32-unknown-elf/8.3.0/../../../../riscv32-unknown-elf/lib/rv32im/ilp32/libc.a(lib_a-writer.o)
 .bss           0x0000000000025a74        0x0 /opt/riscv/riscv_multilib/lib/gcc/riscv32-unknown-elf/8.3.0/../../../../riscv32-unknown-elf/lib/rv32im/ilp32/libc.a(lib_a-__atexit.o)
 .bss           0x0000000000025a74        0x0 /opt/riscv/riscv_multilib/lib/gcc/riscv32-unknown-elf/8.3.0/../../../../riscv32-unknown-elf/lib/rv32im/ilp32/libc.a(lib_a-callocr.o)
 .bss           0x0000000000025a74        0x0 /opt/riscv/riscv_multilib/lib/gcc/riscv32-unknown-elf/8.3.0/../../../../riscv32-unknown-elf/lib/rv32im/ilp32/libc.a(lib_a-closer.o)
 .bss           0x0000000000025a74        0x0 /opt/riscv/riscv_multilib/lib/gcc/riscv32-unknown-elf/8.3.0/../../../../riscv32-unknown-elf/lib/rv32im/ilp32/libc.a(lib_a-fclose.o)
 .bss           0x0000000000025a74        0x0 /opt/riscv/riscv_multilib/lib/gcc/riscv32-unknown-elf/8.3.0/../../../../riscv32-unknown-elf/lib/rv32im/ilp32/libc.a(lib_a-fputwc.o)
 .bss           0x0000000000025a74        0x0 /opt/riscv/riscv_multilib/lib/gcc/riscv32-unknown-elf/8.3.0/../../../../riscv32-unknown-elf/lib/rv32im/ilp32/libc.a(lib_a-fstatr.o)
 .bss           0x0000000000025a74        0x0 /opt/riscv/riscv_multilib/lib/gcc/riscv32-unknown-elf/8.3.0/../../../../riscv32-unknown-elf/lib/rv32im/ilp32/libc.a(lib_a-fvwrite.o)
 .bss           0x0000000000025a74        0x0 /opt/riscv/riscv_multilib/lib/gcc/riscv32-unknown-elf/8.3.0/../../../../riscv32-unknown-elf/lib/rv32im/ilp32/libc.a(lib_a-isattyr.o)
 .bss           0x0000000000025a74        0x0 /opt/riscv/riscv_multilib/lib/gcc/riscv32-unknown-elf/8.3.0/../../../../riscv32-unknown-elf/lib/rv32im/ilp32/libc.a(lib_a-locale.o)
 .bss           0x0000000000025a74        0x0 /opt/riscv/riscv_multilib/lib/gcc/riscv32-unknown-elf/8.3.0/../../../../riscv32-unknown-elf/lib/rv32im/ilp32/libc.a(lib_a-lseekr.o)
 .bss           0x0000000000025a74        0x0 /opt/riscv/riscv_multilib/lib/gcc/riscv32-unknown-elf/8.3.0/../../../../riscv32-unknown-elf/lib/rv32im/ilp32/libc.a(lib_a-mbtowc_r.o)
 .bss           0x0000000000025a74        0x0 /opt/riscv/riscv_multilib/lib/gcc/riscv32-unknown-elf/8.3.0/../../../../riscv32-unknown-elf/lib/rv32im/ilp32/libc.a(lib_a-memcpy.o)
 .bss           0x0000000000025a74        0x0 /opt/riscv/riscv_multilib/lib/gcc/riscv32-unknown-elf/8.3.0/../../../../riscv32-unknown-elf/lib/rv32im/ilp32/libc.a(lib_a-memmove-stub.o)
 .bss           0x0000000000025a74        0x0 /opt/riscv/riscv_multilib/lib/gcc/riscv32-unknown-elf/8.3.0/../../../../riscv32-unknown-elf/lib/rv32im/ilp32/libc.a(lib_a-readr.o)
 .bss           0x0000000000025a74        0x0 /opt/riscv/riscv_multilib/lib/gcc/riscv32-unknown-elf/8.3.0/../../../../riscv32-unknown-elf/lib/rv32im/ilp32/libc.a(lib_a-reallocr.o)
 .bss           0x0000000000025a74        0x0 /opt/riscv/riscv_multilib/lib/gcc/riscv32-unknown-elf/8.3.0/../../../../riscv32-unknown-elf/lib/rv32im/ilp32/libc.a(lib_a-reent.o)
 .bss           0x0000000000025a74        0x0 /opt/riscv/riscv_multilib/lib/gcc/riscv32-unknown-elf/8.3.0/../../../../riscv32-unknown-elf/lib/rv32im/ilp32/libc.a(lib_a-strcmp.o)
 .bss           0x0000000000025a74        0x0 /opt/riscv/riscv_multilib/lib/gcc/riscv32-unknown-elf/8.3.0/../../../../riscv32-unknown-elf/lib/rv32im/ilp32/libc.a(lib_a-svfiprintf.o)
 .bss           0x0000000000025a74        0x0 /opt/riscv/riscv_multilib/lib/gcc/riscv32-unknown-elf/8.3.0/../../../../riscv32-unknown-elf/lib/rv32im/ilp32/libc.a(lib_a-wbuf.o)
 .bss           0x0000000000025a74        0x0 /opt/riscv/riscv_multilib/lib/gcc/riscv32-unknown-elf/8.3.0/../../../../riscv32-unknown-elf/lib/rv32im/ilp32/libc.a(lib_a-wcrtomb.o)
 .bss           0x0000000000025a74        0x0 /opt/riscv/riscv_multilib/lib/gcc/riscv32-unknown-elf/8.3.0/../../../../riscv32-unknown-elf/lib/rv32im/ilp32/libc.a(lib_a-wctomb_r.o)
 .bss           0x0000000000025a74        0x0 /opt/riscv/riscv_multilib/lib/gcc/riscv32-unknown-elf/8.3.0/../../../../riscv32-unknown-elf/lib/rv32im/ilp32/libc.a(lib_a-ctype_.o)
 .bss           0x0000000000025a74        0x0 /opt/riscv/riscv_multilib/lib/gcc/riscv32-unknown-elf/8.3.0/../../../../riscv32-unknown-elf/lib/rv32im/ilp32/libgloss.a(sys_close.o)
 .bss           0x0000000000025a74        0x0 /opt/riscv/riscv_multilib/lib/gcc/riscv32-unknown-elf/8.3.0/../../../../riscv32-unknown-elf/lib/rv32im/ilp32/libgloss.a(sys_exit.o)
 .bss           0x0000000000025a74        0x0 /opt/riscv/riscv_multilib/lib/gcc/riscv32-unknown-elf/8.3.0/../../../../riscv32-unknown-elf/lib/rv32im/ilp32/libgloss.a(sys_fstat.o)
 .bss           0x0000000000025a74        0x0 /opt/riscv/riscv_multilib/lib/gcc/riscv32-unknown-elf/8.3.0/../../../../riscv32-unknown-elf/lib/rv32im/ilp32/libgloss.a(sys_isatty.o)
 .bss           0x0000000000025a74        0x0 /opt/riscv/riscv_multilib/lib/gcc/riscv32-unknown-elf/8.3.0/../../../../riscv32-unknown-elf/lib/rv32im/ilp32/libgloss.a(sys_lseek.o)
 .bss           0x0000000000025a74        0x0 /opt/riscv/riscv_multilib/lib/gcc/riscv32-unknown-elf/8.3.0/../../../../riscv32-unknown-elf/lib/rv32im/ilp32/libgloss.a(sys_read.o)
 .bss           0x0000000000025a74        0x0 /opt/riscv/riscv_multilib/lib/gcc/riscv32-unknown-elf/8.3.0/../../../../riscv32-unknown-elf/lib/rv32im/ilp32/libgloss.a(sys_sbrk.o)
 .bss           0x0000000000025a74        0x0 /opt/riscv/riscv_multilib/lib/gcc/riscv32-unknown-elf/8.3.0/../../../../riscv32-unknown-elf/lib/rv32im/ilp32/libgloss.a(sys_write.o)
 .bss           0x0000000000025a74        0x0 /opt/riscv/riscv_multilib/lib/gcc/riscv32-unknown-elf/8.3.0/../../../../riscv32-unknown-elf/lib/rv32im/ilp32/libgloss.a(sys_conv_stat.o)
 .bss           0x0000000000025a74        0x0 /opt/riscv/riscv_multilib/lib/gcc/riscv32-unknown-elf/8.3.0/../../../../riscv32-unknown-elf/lib/rv32im/ilp32/libc.a(lib_a-errno.o)
 .bss           0x0000000000025a74        0x0 /opt/riscv/riscv_multilib/lib/gcc/riscv32-unknown-elf/8.3.0/rv32im/ilp32/libgcc.a(_udivdi3.o)
 .bss           0x0000000000025a74        0x0 /opt/riscv/riscv_multilib/lib/gcc/riscv32-unknown-elf/8.3.0/rv32im/ilp32/libgcc.a(_umoddi3.o)
 .bss           0x0000000000025a74        0x0 /opt/riscv/riscv_multilib/lib/gcc/riscv32-unknown-elf/8.3.0/rv32im/ilp32/libgcc.a(divdf3.o)
 .bss           0x0000000000025a74        0x0 /opt/riscv/riscv_multilib/lib/gcc/riscv32-unknown-elf/8.3.0/rv32im/ilp32/libgcc.a(muldf3.o)
 .bss           0x0000000000025a74        0x0 /opt/riscv/riscv_multilib/lib/gcc/riscv32-unknown-elf/8.3.0/rv32im/ilp32/libgcc.a(eqtf2.o)
 .bss           0x0000000000025a74        0x0 /opt/riscv/riscv_multilib/lib/gcc/riscv32-unknown-elf/8.3.0/rv32im/ilp32/libgcc.a(getf2.o)
 .bss           0x0000000000025a74        0x0 /opt/riscv/riscv_multilib/lib/gcc/riscv32-unknown-elf/8.3.0/rv32im/ilp32/libgcc.a(letf2.o)
 .bss           0x0000000000025a74        0x0 /opt/riscv/riscv_multilib/lib/gcc/riscv32-unknown-elf/8.3.0/rv32im/ilp32/libgcc.a(multf3.o)
 .bss           0x0000000000025a74        0x0 /opt/riscv/riscv_multilib/lib/gcc/riscv32-unknown-elf/8.3.0/rv32im/ilp32/libgcc.a(subtf3.o)
 .bss           0x0000000000025a74        0x0 /opt/riscv/riscv_multilib/lib/gcc/riscv32-unknown-elf/8.3.0/rv32im/ilp32/libgcc.a(fixtfsi.o)
 .bss           0x0000000000025a74        0x0 /opt/riscv/riscv_multilib/lib/gcc/riscv32-unknown-elf/8.3.0/rv32im/ilp32/libgcc.a(floatsitf.o)
 .bss           0x0000000000025a74        0x0 /opt/riscv/riscv_multilib/lib/gcc/riscv32-unknown-elf/8.3.0/rv32im/ilp32/libgcc.a(extenddftf2.o)
 .bss           0x0000000000025a74        0x0 /opt/riscv/riscv_multilib/lib/gcc/riscv32-unknown-elf/8.3.0/rv32im/ilp32/libgcc.a(trunctfdf2.o)
 .bss           0x0000000000025a74        0x0 /opt/riscv/riscv_multilib/lib/gcc/riscv32-unknown-elf/8.3.0/rv32im/ilp32/libgcc.a(_clz.o)
 .bss           0x0000000000025a74        0x0 /opt/riscv/riscv_multilib/lib/gcc/riscv32-unknown-elf/8.3.0/rv32im/ilp32/libgcc.a(_clzsi2.o)
 .bss           0x0000000000025a74        0x0 /opt/riscv/riscv_multilib/lib/gcc/riscv32-unknown-elf/8.3.0/rv32im/ilp32/crtend.o
 *(COMMON)
 COMMON         0x0000000000025a74        0x4 /opt/riscv/riscv_multilib/lib/gcc/riscv32-unknown-elf/8.3.0/../../../../riscv32-unknown-elf/lib/rv32im/ilp32/libc.a(lib_a-reent.o)
                0x0000000000025a74                errno
                0x0000000000025a78                . = ALIGN ((. != 0x0)?0x4:0x1)
                0x0000000000025a78                . = ALIGN (0x4)
                0x0000000000025a78                . = SEGMENT_START ("ldata-segment", .)
                0x0000000000025a78                . = ALIGN (0x4)
                0x0000000000025a78                __BSS_END__ = .
                0x0000000000025850                __global_pointer$ = MIN ((__SDATA_BEGIN__ + 0x800), MAX ((__DATA_BEGIN__ + 0x800), (__BSS_END__ - 0x800)))
                0x0000000000025a78                _end = .
                [!provide]                        PROVIDE (end = .)
                0x0000000000025a78                . = DATA_SEGMENT_END (.)

.stab
 *(.stab)

.stabstr
 *(.stabstr)

.stab.excl
 *(.stab.excl)

.stab.exclstr
 *(.stab.exclstr)

.stab.index
 *(.stab.index)

.stab.indexstr
 *(.stab.indexstr)

.comment        0x0000000000000000       0x11
 *(.comment)
 .comment       0x0000000000000000       0x11 /opt/riscv/riscv_multilib/lib/gcc/riscv32-unknown-elf/8.3.0/rv32im/ilp32/crtbegin.o
                                         0x12 (size before relaxing)
 .comment       0x0000000000000011       0x12 ./obj/SPIKE_test.o
 .comment       0x0000000000000011       0x12 /opt/riscv/riscv_multilib/lib/gcc/riscv32-unknown-elf/8.3.0/../../../../riscv32-unknown-elf/lib/rv32im/ilp32/libc.a(lib_a-exit.o)
 .comment       0x0000000000000011       0x12 /opt/riscv/riscv_multilib/lib/gcc/riscv32-unknown-elf/8.3.0/../../../../riscv32-unknown-elf/lib/rv32im/ilp32/libc.a(lib_a-impure.o)
 .comment       0x0000000000000011       0x12 /opt/riscv/riscv_multilib/lib/gcc/riscv32-unknown-elf/8.3.0/../../../../riscv32-unknown-elf/lib/rv32im/ilp32/libc.a(lib_a-init.o)
 .comment       0x0000000000000011       0x12 /opt/riscv/riscv_multilib/lib/gcc/riscv32-unknown-elf/8.3.0/../../../../riscv32-unknown-elf/lib/rv32im/ilp32/libc.a(lib_a-printf.o)
 .comment       0x0000000000000011       0x12 /opt/riscv/riscv_multilib/lib/gcc/riscv32-unknown-elf/8.3.0/../../../../riscv32-unknown-elf/lib/rv32im/ilp32/libc.a(lib_a-vfprintf.o)
 .comment       0x0000000000000011       0x12 /opt/riscv/riscv_multilib/lib/gcc/riscv32-unknown-elf/8.3.0/../../../../riscv32-unknown-elf/lib/rv32im/ilp32/libc.a(lib_a-wsetup.o)
 .comment       0x0000000000000011       0x12 /opt/riscv/riscv_multilib/lib/gcc/riscv32-unknown-elf/8.3.0/../../../../riscv32-unknown-elf/lib/rv32im/ilp32/libc.a(lib_a-__call_atexit.o)
 .comment       0x0000000000000011       0x12 /opt/riscv/riscv_multilib/lib/gcc/riscv32-unknown-elf/8.3.0/../../../../riscv32-unknown-elf/lib/rv32im/ilp32/libc.a(lib_a-atexit.o)
 .comment       0x0000000000000011       0x12 /opt/riscv/riscv_multilib/lib/gcc/riscv32-unknown-elf/8.3.0/../../../../riscv32-unknown-elf/lib/rv32im/ilp32/libc.a(lib_a-fflush.o)
 .comment       0x0000000000000011       0x12 /opt/riscv/riscv_multilib/lib/gcc/riscv32-unknown-elf/8.3.0/../../../../riscv32-unknown-elf/lib/rv32im/ilp32/libc.a(lib_a-findfp.o)
 .comment       0x0000000000000011       0x12 /opt/riscv/riscv_multilib/lib/gcc/riscv32-unknown-elf/8.3.0/../../../../riscv32-unknown-elf/lib/rv32im/ilp32/libc.a(lib_a-fini.o)
 .comment       0x0000000000000011       0x12 /opt/riscv/riscv_multilib/lib/gcc/riscv32-unknown-elf/8.3.0/../../../../riscv32-unknown-elf/lib/rv32im/ilp32/libc.a(lib_a-freer.o)
 .comment       0x0000000000000011       0x12 /opt/riscv/riscv_multilib/lib/gcc/riscv32-unknown-elf/8.3.0/../../../../riscv32-unknown-elf/lib/rv32im/ilp32/libc.a(lib_a-fwalk.o)
 .comment       0x0000000000000011       0x12 /opt/riscv/riscv_multilib/lib/gcc/riscv32-unknown-elf/8.3.0/../../../../riscv32-unknown-elf/lib/rv32im/ilp32/libc.a(lib_a-ldtoa.o)
 .comment       0x0000000000000011       0x12 /opt/riscv/riscv_multilib/lib/gcc/riscv32-unknown-elf/8.3.0/../../../../riscv32-unknown-elf/lib/rv32im/ilp32/libc.a(lib_a-localeconv.o)
 .comment       0x0000000000000011       0x12 /opt/riscv/riscv_multilib/lib/gcc/riscv32-unknown-elf/8.3.0/../../../../riscv32-unknown-elf/lib/rv32im/ilp32/libc.a(lib_a-makebuf.o)
 .comment       0x0000000000000011       0x12 /opt/riscv/riscv_multilib/lib/gcc/riscv32-unknown-elf/8.3.0/../../../../riscv32-unknown-elf/lib/rv32im/ilp32/libc.a(lib_a-mallocr.o)
 .comment       0x0000000000000011       0x12 /opt/riscv/riscv_multilib/lib/gcc/riscv32-unknown-elf/8.3.0/../../../../riscv32-unknown-elf/lib/rv32im/ilp32/libc.a(lib_a-memchr.o)
 .comment       0x0000000000000011       0x12 /opt/riscv/riscv_multilib/lib/gcc/riscv32-unknown-elf/8.3.0/../../../../riscv32-unknown-elf/lib/rv32im/ilp32/libc.a(lib_a-mlock.o)
 .comment       0x0000000000000011       0x12 /opt/riscv/riscv_multilib/lib/gcc/riscv32-unknown-elf/8.3.0/../../../../riscv32-unknown-elf/lib/rv32im/ilp32/libc.a(lib_a-mprec.o)
 .comment       0x0000000000000011       0x12 /opt/riscv/riscv_multilib/lib/gcc/riscv32-unknown-elf/8.3.0/../../../../riscv32-unknown-elf/lib/rv32im/ilp32/libc.a(lib_a-s_frexp.o)
 .comment       0x0000000000000011       0x12 /opt/riscv/riscv_multilib/lib/gcc/riscv32-unknown-elf/8.3.0/../../../../riscv32-unknown-elf/lib/rv32im/ilp32/libc.a(lib_a-sbrkr.o)
 .comment       0x0000000000000011       0x12 /opt/riscv/riscv_multilib/lib/gcc/riscv32-unknown-elf/8.3.0/../../../../riscv32-unknown-elf/lib/rv32im/ilp32/libc.a(lib_a-sprintf.o)
 .comment       0x0000000000000011       0x12 /opt/riscv/riscv_multilib/lib/gcc/riscv32-unknown-elf/8.3.0/../../../../riscv32-unknown-elf/lib/rv32im/ilp32/libc.a(lib_a-stdio.o)
 .comment       0x0000000000000011       0x12 /opt/riscv/riscv_multilib/lib/gcc/riscv32-unknown-elf/8.3.0/../../../../riscv32-unknown-elf/lib/rv32im/ilp32/libc.a(lib_a-strcpy.o)
 .comment       0x0000000000000011       0x12 /opt/riscv/riscv_multilib/lib/gcc/riscv32-unknown-elf/8.3.0/../../../../riscv32-unknown-elf/lib/rv32im/ilp32/libc.a(lib_a-strlen.o)
 .comment       0x0000000000000011       0x12 /opt/riscv/riscv_multilib/lib/gcc/riscv32-unknown-elf/8.3.0/../../../../riscv32-unknown-elf/lib/rv32im/ilp32/libc.a(lib_a-strncpy.o)
 .comment       0x0000000000000011       0x12 /opt/riscv/riscv_multilib/lib/gcc/riscv32-unknown-elf/8.3.0/../../../../riscv32-unknown-elf/lib/rv32im/ilp32/libc.a(lib_a-svfprintf.o)
 .comment       0x0000000000000011       0x12 /opt/riscv/riscv_multilib/lib/gcc/riscv32-unknown-elf/8.3.0/../../../../riscv32-unknown-elf/lib/rv32im/ilp32/libc.a(lib_a-vfiprintf.o)
 .comment       0x0000000000000011       0x12 /opt/riscv/riscv_multilib/lib/gcc/riscv32-unknown-elf/8.3.0/../../../../riscv32-unknown-elf/lib/rv32im/ilp32/libc.a(lib_a-writer.o)
 .comment       0x0000000000000011       0x12 /opt/riscv/riscv_multilib/lib/gcc/riscv32-unknown-elf/8.3.0/../../../../riscv32-unknown-elf/lib/rv32im/ilp32/libc.a(lib_a-__atexit.o)
 .comment       0x0000000000000011       0x12 /opt/riscv/riscv_multilib/lib/gcc/riscv32-unknown-elf/8.3.0/../../../../riscv32-unknown-elf/lib/rv32im/ilp32/libc.a(lib_a-callocr.o)
 .comment       0x0000000000000011       0x12 /opt/riscv/riscv_multilib/lib/gcc/riscv32-unknown-elf/8.3.0/../../../../riscv32-unknown-elf/lib/rv32im/ilp32/libc.a(lib_a-closer.o)
 .comment       0x0000000000000011       0x12 /opt/riscv/riscv_multilib/lib/gcc/riscv32-unknown-elf/8.3.0/../../../../riscv32-unknown-elf/lib/rv32im/ilp32/libc.a(lib_a-fclose.o)
 .comment       0x0000000000000011       0x12 /opt/riscv/riscv_multilib/lib/gcc/riscv32-unknown-elf/8.3.0/../../../../riscv32-unknown-elf/lib/rv32im/ilp32/libc.a(lib_a-fputwc.o)
 .comment       0x0000000000000011       0x12 /opt/riscv/riscv_multilib/lib/gcc/riscv32-unknown-elf/8.3.0/../../../../riscv32-unknown-elf/lib/rv32im/ilp32/libc.a(lib_a-fstatr.o)
 .comment       0x0000000000000011       0x12 /opt/riscv/riscv_multilib/lib/gcc/riscv32-unknown-elf/8.3.0/../../../../riscv32-unknown-elf/lib/rv32im/ilp32/libc.a(lib_a-fvwrite.o)
 .comment       0x0000000000000011       0x12 /opt/riscv/riscv_multilib/lib/gcc/riscv32-unknown-elf/8.3.0/../../../../riscv32-unknown-elf/lib/rv32im/ilp32/libc.a(lib_a-isattyr.o)
 .comment       0x0000000000000011       0x12 /opt/riscv/riscv_multilib/lib/gcc/riscv32-unknown-elf/8.3.0/../../../../riscv32-unknown-elf/lib/rv32im/ilp32/libc.a(lib_a-locale.o)
 .comment       0x0000000000000011       0x12 /opt/riscv/riscv_multilib/lib/gcc/riscv32-unknown-elf/8.3.0/../../../../riscv32-unknown-elf/lib/rv32im/ilp32/libc.a(lib_a-lseekr.o)
 .comment       0x0000000000000011       0x12 /opt/riscv/riscv_multilib/lib/gcc/riscv32-unknown-elf/8.3.0/../../../../riscv32-unknown-elf/lib/rv32im/ilp32/libc.a(lib_a-mbtowc_r.o)
 .comment       0x0000000000000011       0x12 /opt/riscv/riscv_multilib/lib/gcc/riscv32-unknown-elf/8.3.0/../../../../riscv32-unknown-elf/lib/rv32im/ilp32/libc.a(lib_a-memcpy.o)
 .comment       0x0000000000000011       0x12 /opt/riscv/riscv_multilib/lib/gcc/riscv32-unknown-elf/8.3.0/../../../../riscv32-unknown-elf/lib/rv32im/ilp32/libc.a(lib_a-memmove-stub.o)
 .comment       0x0000000000000011       0x12 /opt/riscv/riscv_multilib/lib/gcc/riscv32-unknown-elf/8.3.0/../../../../riscv32-unknown-elf/lib/rv32im/ilp32/libc.a(lib_a-readr.o)
 .comment       0x0000000000000011       0x12 /opt/riscv/riscv_multilib/lib/gcc/riscv32-unknown-elf/8.3.0/../../../../riscv32-unknown-elf/lib/rv32im/ilp32/libc.a(lib_a-reallocr.o)
 .comment       0x0000000000000011       0x12 /opt/riscv/riscv_multilib/lib/gcc/riscv32-unknown-elf/8.3.0/../../../../riscv32-unknown-elf/lib/rv32im/ilp32/libc.a(lib_a-reent.o)
 .comment       0x0000000000000011       0x12 /opt/riscv/riscv_multilib/lib/gcc/riscv32-unknown-elf/8.3.0/../../../../riscv32-unknown-elf/lib/rv32im/ilp32/libc.a(lib_a-svfiprintf.o)
 .comment       0x0000000000000011       0x12 /opt/riscv/riscv_multilib/lib/gcc/riscv32-unknown-elf/8.3.0/../../../../riscv32-unknown-elf/lib/rv32im/ilp32/libc.a(lib_a-wbuf.o)
 .comment       0x0000000000000011       0x12 /opt/riscv/riscv_multilib/lib/gcc/riscv32-unknown-elf/8.3.0/../../../../riscv32-unknown-elf/lib/rv32im/ilp32/libc.a(lib_a-wcrtomb.o)
 .comment       0x0000000000000011       0x12 /opt/riscv/riscv_multilib/lib/gcc/riscv32-unknown-elf/8.3.0/../../../../riscv32-unknown-elf/lib/rv32im/ilp32/libc.a(lib_a-wctomb_r.o)
 .comment       0x0000000000000011       0x12 /opt/riscv/riscv_multilib/lib/gcc/riscv32-unknown-elf/8.3.0/../../../../riscv32-unknown-elf/lib/rv32im/ilp32/libc.a(lib_a-ctype_.o)
 .comment       0x0000000000000011       0x12 /opt/riscv/riscv_multilib/lib/gcc/riscv32-unknown-elf/8.3.0/../../../../riscv32-unknown-elf/lib/rv32im/ilp32/libgloss.a(sys_close.o)
 .comment       0x0000000000000011       0x12 /opt/riscv/riscv_multilib/lib/gcc/riscv32-unknown-elf/8.3.0/../../../../riscv32-unknown-elf/lib/rv32im/ilp32/libgloss.a(sys_exit.o)
 .comment       0x0000000000000011       0x12 /opt/riscv/riscv_multilib/lib/gcc/riscv32-unknown-elf/8.3.0/../../../../riscv32-unknown-elf/lib/rv32im/ilp32/libgloss.a(sys_fstat.o)
 .comment       0x0000000000000011       0x12 /opt/riscv/riscv_multilib/lib/gcc/riscv32-unknown-elf/8.3.0/../../../../riscv32-unknown-elf/lib/rv32im/ilp32/libgloss.a(sys_isatty.o)
 .comment       0x0000000000000011       0x12 /opt/riscv/riscv_multilib/lib/gcc/riscv32-unknown-elf/8.3.0/../../../../riscv32-unknown-elf/lib/rv32im/ilp32/libgloss.a(sys_lseek.o)
 .comment       0x0000000000000011       0x12 /opt/riscv/riscv_multilib/lib/gcc/riscv32-unknown-elf/8.3.0/../../../../riscv32-unknown-elf/lib/rv32im/ilp32/libgloss.a(sys_read.o)
 .comment       0x0000000000000011       0x12 /opt/riscv/riscv_multilib/lib/gcc/riscv32-unknown-elf/8.3.0/../../../../riscv32-unknown-elf/lib/rv32im/ilp32/libgloss.a(sys_sbrk.o)
 .comment       0x0000000000000011       0x12 /opt/riscv/riscv_multilib/lib/gcc/riscv32-unknown-elf/8.3.0/../../../../riscv32-unknown-elf/lib/rv32im/ilp32/libgloss.a(sys_write.o)
 .comment       0x0000000000000011       0x12 /opt/riscv/riscv_multilib/lib/gcc/riscv32-unknown-elf/8.3.0/../../../../riscv32-unknown-elf/lib/rv32im/ilp32/libgloss.a(sys_conv_stat.o)
 .comment       0x0000000000000011       0x12 /opt/riscv/riscv_multilib/lib/gcc/riscv32-unknown-elf/8.3.0/../../../../riscv32-unknown-elf/lib/rv32im/ilp32/libc.a(lib_a-errno.o)
 .comment       0x0000000000000011       0x12 /opt/riscv/riscv_multilib/lib/gcc/riscv32-unknown-elf/8.3.0/rv32im/ilp32/libgcc.a(_udivdi3.o)
 .comment       0x0000000000000011       0x12 /opt/riscv/riscv_multilib/lib/gcc/riscv32-unknown-elf/8.3.0/rv32im/ilp32/libgcc.a(_umoddi3.o)
 .comment       0x0000000000000011       0x12 /opt/riscv/riscv_multilib/lib/gcc/riscv32-unknown-elf/8.3.0/rv32im/ilp32/libgcc.a(divdf3.o)
 .comment       0x0000000000000011       0x12 /opt/riscv/riscv_multilib/lib/gcc/riscv32-unknown-elf/8.3.0/rv32im/ilp32/libgcc.a(muldf3.o)
 .comment       0x0000000000000011       0x12 /opt/riscv/riscv_multilib/lib/gcc/riscv32-unknown-elf/8.3.0/rv32im/ilp32/libgcc.a(eqtf2.o)
 .comment       0x0000000000000011       0x12 /opt/riscv/riscv_multilib/lib/gcc/riscv32-unknown-elf/8.3.0/rv32im/ilp32/libgcc.a(getf2.o)
 .comment       0x0000000000000011       0x12 /opt/riscv/riscv_multilib/lib/gcc/riscv32-unknown-elf/8.3.0/rv32im/ilp32/libgcc.a(letf2.o)
 .comment       0x0000000000000011       0x12 /opt/riscv/riscv_multilib/lib/gcc/riscv32-unknown-elf/8.3.0/rv32im/ilp32/libgcc.a(multf3.o)
 .comment       0x0000000000000011       0x12 /opt/riscv/riscv_multilib/lib/gcc/riscv32-unknown-elf/8.3.0/rv32im/ilp32/libgcc.a(subtf3.o)
 .comment       0x0000000000000011       0x12 /opt/riscv/riscv_multilib/lib/gcc/riscv32-unknown-elf/8.3.0/rv32im/ilp32/libgcc.a(fixtfsi.o)
 .comment       0x0000000000000011       0x12 /opt/riscv/riscv_multilib/lib/gcc/riscv32-unknown-elf/8.3.0/rv32im/ilp32/libgcc.a(floatsitf.o)
 .comment       0x0000000000000011       0x12 /opt/riscv/riscv_multilib/lib/gcc/riscv32-unknown-elf/8.3.0/rv32im/ilp32/libgcc.a(extenddftf2.o)
 .comment       0x0000000000000011       0x12 /opt/riscv/riscv_multilib/lib/gcc/riscv32-unknown-elf/8.3.0/rv32im/ilp32/libgcc.a(trunctfdf2.o)
 .comment       0x0000000000000011       0x12 /opt/riscv/riscv_multilib/lib/gcc/riscv32-unknown-elf/8.3.0/rv32im/ilp32/libgcc.a(_clz.o)
 .comment       0x0000000000000011       0x12 /opt/riscv/riscv_multilib/lib/gcc/riscv32-unknown-elf/8.3.0/rv32im/ilp32/libgcc.a(_clzsi2.o)
 .comment       0x0000000000000011       0x12 /opt/riscv/riscv_multilib/lib/gcc/riscv32-unknown-elf/8.3.0/rv32im/ilp32/crtend.o

.riscv.attributes
                0x0000000000000000       0x1f
 .riscv.attributes
                0x0000000000000000       0x1f /opt/riscv/riscv_multilib/lib/gcc/riscv32-unknown-elf/8.3.0/../../../../riscv32-unknown-elf/lib/rv32im/ilp32/crt0.o
 .riscv.attributes
                0x000000000000001f       0x1f /opt/riscv/riscv_multilib/lib/gcc/riscv32-unknown-elf/8.3.0/rv32im/ilp32/crtbegin.o
 .riscv.attributes
                0x000000000000003e       0x1f ./obj/SPIKE_test.o
 .riscv.attributes
                0x000000000000005d       0x1f /opt/riscv/riscv_multilib/lib/gcc/riscv32-unknown-elf/8.3.0/../../../../riscv32-unknown-elf/lib/rv32im/ilp32/libc.a(lib_a-exit.o)
 .riscv.attributes
                0x000000000000007c       0x1f /opt/riscv/riscv_multilib/lib/gcc/riscv32-unknown-elf/8.3.0/../../../../riscv32-unknown-elf/lib/rv32im/ilp32/libc.a(lib_a-impure.o)
 .riscv.attributes
                0x000000000000009b       0x1f /opt/riscv/riscv_multilib/lib/gcc/riscv32-unknown-elf/8.3.0/../../../../riscv32-unknown-elf/lib/rv32im/ilp32/libc.a(lib_a-init.o)
 .riscv.attributes
                0x00000000000000ba       0x1f /opt/riscv/riscv_multilib/lib/gcc/riscv32-unknown-elf/8.3.0/../../../../riscv32-unknown-elf/lib/rv32im/ilp32/libc.a(lib_a-memset.o)
 .riscv.attributes
                0x00000000000000d9       0x1f /opt/riscv/riscv_multilib/lib/gcc/riscv32-unknown-elf/8.3.0/../../../../riscv32-unknown-elf/lib/rv32im/ilp32/libc.a(lib_a-printf.o)
 .riscv.attributes
                0x00000000000000f8       0x1f /opt/riscv/riscv_multilib/lib/gcc/riscv32-unknown-elf/8.3.0/../../../../riscv32-unknown-elf/lib/rv32im/ilp32/libc.a(lib_a-vfprintf.o)
 .riscv.attributes
                0x0000000000000117       0x1f /opt/riscv/riscv_multilib/lib/gcc/riscv32-unknown-elf/8.3.0/../../../../riscv32-unknown-elf/lib/rv32im/ilp32/libc.a(lib_a-wsetup.o)
 .riscv.attributes
                0x0000000000000136       0x1f /opt/riscv/riscv_multilib/lib/gcc/riscv32-unknown-elf/8.3.0/../../../../riscv32-unknown-elf/lib/rv32im/ilp32/libc.a(lib_a-__call_atexit.o)
 .riscv.attributes
                0x0000000000000155       0x1f /opt/riscv/riscv_multilib/lib/gcc/riscv32-unknown-elf/8.3.0/../../../../riscv32-unknown-elf/lib/rv32im/ilp32/libc.a(lib_a-atexit.o)
 .riscv.attributes
                0x0000000000000174       0x1f /opt/riscv/riscv_multilib/lib/gcc/riscv32-unknown-elf/8.3.0/../../../../riscv32-unknown-elf/lib/rv32im/ilp32/libc.a(lib_a-fflush.o)
 .riscv.attributes
                0x0000000000000193       0x1f /opt/riscv/riscv_multilib/lib/gcc/riscv32-unknown-elf/8.3.0/../../../../riscv32-unknown-elf/lib/rv32im/ilp32/libc.a(lib_a-findfp.o)
 .riscv.attributes
                0x00000000000001b2       0x1f /opt/riscv/riscv_multilib/lib/gcc/riscv32-unknown-elf/8.3.0/../../../../riscv32-unknown-elf/lib/rv32im/ilp32/libc.a(lib_a-fini.o)
 .riscv.attributes
                0x00000000000001d1       0x1f /opt/riscv/riscv_multilib/lib/gcc/riscv32-unknown-elf/8.3.0/../../../../riscv32-unknown-elf/lib/rv32im/ilp32/libc.a(lib_a-freer.o)
 .riscv.attributes
                0x00000000000001f0       0x1f /opt/riscv/riscv_multilib/lib/gcc/riscv32-unknown-elf/8.3.0/../../../../riscv32-unknown-elf/lib/rv32im/ilp32/libc.a(lib_a-fwalk.o)
 .riscv.attributes
                0x000000000000020f       0x1f /opt/riscv/riscv_multilib/lib/gcc/riscv32-unknown-elf/8.3.0/../../../../riscv32-unknown-elf/lib/rv32im/ilp32/libc.a(lib_a-ldtoa.o)
 .riscv.attributes
                0x000000000000022e       0x1f /opt/riscv/riscv_multilib/lib/gcc/riscv32-unknown-elf/8.3.0/../../../../riscv32-unknown-elf/lib/rv32im/ilp32/libc.a(lib_a-localeconv.o)
 .riscv.attributes
                0x000000000000024d       0x1f /opt/riscv/riscv_multilib/lib/gcc/riscv32-unknown-elf/8.3.0/../../../../riscv32-unknown-elf/lib/rv32im/ilp32/libc.a(lib_a-makebuf.o)
 .riscv.attributes
                0x000000000000026c       0x1f /opt/riscv/riscv_multilib/lib/gcc/riscv32-unknown-elf/8.3.0/../../../../riscv32-unknown-elf/lib/rv32im/ilp32/libc.a(lib_a-mallocr.o)
 .riscv.attributes
                0x000000000000028b       0x1f /opt/riscv/riscv_multilib/lib/gcc/riscv32-unknown-elf/8.3.0/../../../../riscv32-unknown-elf/lib/rv32im/ilp32/libc.a(lib_a-memchr.o)
 .riscv.attributes
                0x00000000000002aa       0x1f /opt/riscv/riscv_multilib/lib/gcc/riscv32-unknown-elf/8.3.0/../../../../riscv32-unknown-elf/lib/rv32im/ilp32/libc.a(lib_a-mlock.o)
 .riscv.attributes
                0x00000000000002c9       0x1f /opt/riscv/riscv_multilib/lib/gcc/riscv32-unknown-elf/8.3.0/../../../../riscv32-unknown-elf/lib/rv32im/ilp32/libc.a(lib_a-mprec.o)
 .riscv.attributes
                0x00000000000002e8       0x1f /opt/riscv/riscv_multilib/lib/gcc/riscv32-unknown-elf/8.3.0/../../../../riscv32-unknown-elf/lib/rv32im/ilp32/libc.a(lib_a-s_frexp.o)
 .riscv.attributes
                0x0000000000000307       0x1f /opt/riscv/riscv_multilib/lib/gcc/riscv32-unknown-elf/8.3.0/../../../../riscv32-unknown-elf/lib/rv32im/ilp32/libc.a(lib_a-sbrkr.o)
 .riscv.attributes
                0x0000000000000326       0x1f /opt/riscv/riscv_multilib/lib/gcc/riscv32-unknown-elf/8.3.0/../../../../riscv32-unknown-elf/lib/rv32im/ilp32/libc.a(lib_a-sprintf.o)
 .riscv.attributes
                0x0000000000000345       0x1f /opt/riscv/riscv_multilib/lib/gcc/riscv32-unknown-elf/8.3.0/../../../../riscv32-unknown-elf/lib/rv32im/ilp32/libc.a(lib_a-stdio.o)
 .riscv.attributes
                0x0000000000000364       0x1f /opt/riscv/riscv_multilib/lib/gcc/riscv32-unknown-elf/8.3.0/../../../../riscv32-unknown-elf/lib/rv32im/ilp32/libc.a(lib_a-strcpy.o)
 .riscv.attributes
                0x0000000000000383       0x1f /opt/riscv/riscv_multilib/lib/gcc/riscv32-unknown-elf/8.3.0/../../../../riscv32-unknown-elf/lib/rv32im/ilp32/libc.a(lib_a-strlen.o)
 .riscv.attributes
                0x00000000000003a2       0x1f /opt/riscv/riscv_multilib/lib/gcc/riscv32-unknown-elf/8.3.0/../../../../riscv32-unknown-elf/lib/rv32im/ilp32/libc.a(lib_a-strncpy.o)
 .riscv.attributes
                0x00000000000003c1       0x1f /opt/riscv/riscv_multilib/lib/gcc/riscv32-unknown-elf/8.3.0/../../../../riscv32-unknown-elf/lib/rv32im/ilp32/libc.a(lib_a-svfprintf.o)
 .riscv.attributes
                0x00000000000003e0       0x1f /opt/riscv/riscv_multilib/lib/gcc/riscv32-unknown-elf/8.3.0/../../../../riscv32-unknown-elf/lib/rv32im/ilp32/libc.a(lib_a-vfiprintf.o)
 .riscv.attributes
                0x00000000000003ff       0x1f /opt/riscv/riscv_multilib/lib/gcc/riscv32-unknown-elf/8.3.0/../../../../riscv32-unknown-elf/lib/rv32im/ilp32/libc.a(lib_a-writer.o)
 .riscv.attributes
                0x000000000000041e       0x1f /opt/riscv/riscv_multilib/lib/gcc/riscv32-unknown-elf/8.3.0/../../../../riscv32-unknown-elf/lib/rv32im/ilp32/libc.a(lib_a-__atexit.o)
 .riscv.attributes
                0x000000000000043d       0x1f /opt/riscv/riscv_multilib/lib/gcc/riscv32-unknown-elf/8.3.0/../../../../riscv32-unknown-elf/lib/rv32im/ilp32/libc.a(lib_a-callocr.o)
 .riscv.attributes
                0x000000000000045c       0x1f /opt/riscv/riscv_multilib/lib/gcc/riscv32-unknown-elf/8.3.0/../../../../riscv32-unknown-elf/lib/rv32im/ilp32/libc.a(lib_a-closer.o)
 .riscv.attributes
                0x000000000000047b       0x1f /opt/riscv/riscv_multilib/lib/gcc/riscv32-unknown-elf/8.3.0/../../../../riscv32-unknown-elf/lib/rv32im/ilp32/libc.a(lib_a-fclose.o)
 .riscv.attributes
                0x000000000000049a       0x1f /opt/riscv/riscv_multilib/lib/gcc/riscv32-unknown-elf/8.3.0/../../../../riscv32-unknown-elf/lib/rv32im/ilp32/libc.a(lib_a-fputwc.o)
 .riscv.attributes
                0x00000000000004b9       0x1f /opt/riscv/riscv_multilib/lib/gcc/riscv32-unknown-elf/8.3.0/../../../../riscv32-unknown-elf/lib/rv32im/ilp32/libc.a(lib_a-fstatr.o)
 .riscv.attributes
                0x00000000000004d8       0x1f /opt/riscv/riscv_multilib/lib/gcc/riscv32-unknown-elf/8.3.0/../../../../riscv32-unknown-elf/lib/rv32im/ilp32/libc.a(lib_a-fvwrite.o)
 .riscv.attributes
                0x00000000000004f7       0x1f /opt/riscv/riscv_multilib/lib/gcc/riscv32-unknown-elf/8.3.0/../../../../riscv32-unknown-elf/lib/rv32im/ilp32/libc.a(lib_a-isattyr.o)
 .riscv.attributes
                0x0000000000000516       0x1f /opt/riscv/riscv_multilib/lib/gcc/riscv32-unknown-elf/8.3.0/../../../../riscv32-unknown-elf/lib/rv32im/ilp32/libc.a(lib_a-locale.o)
 .riscv.attributes
                0x0000000000000535       0x1f /opt/riscv/riscv_multilib/lib/gcc/riscv32-unknown-elf/8.3.0/../../../../riscv32-unknown-elf/lib/rv32im/ilp32/libc.a(lib_a-lseekr.o)
 .riscv.attributes
                0x0000000000000554       0x1f /opt/riscv/riscv_multilib/lib/gcc/riscv32-unknown-elf/8.3.0/../../../../riscv32-unknown-elf/lib/rv32im/ilp32/libc.a(lib_a-mbtowc_r.o)
 .riscv.attributes
                0x0000000000000573       0x1f /opt/riscv/riscv_multilib/lib/gcc/riscv32-unknown-elf/8.3.0/../../../../riscv32-unknown-elf/lib/rv32im/ilp32/libc.a(lib_a-memcpy.o)
 .riscv.attributes
                0x0000000000000592       0x1f /opt/riscv/riscv_multilib/lib/gcc/riscv32-unknown-elf/8.3.0/../../../../riscv32-unknown-elf/lib/rv32im/ilp32/libc.a(lib_a-memmove-stub.o)
 .riscv.attributes
                0x00000000000005b1       0x1f /opt/riscv/riscv_multilib/lib/gcc/riscv32-unknown-elf/8.3.0/../../../../riscv32-unknown-elf/lib/rv32im/ilp32/libc.a(lib_a-readr.o)
 .riscv.attributes
                0x00000000000005d0       0x1f /opt/riscv/riscv_multilib/lib/gcc/riscv32-unknown-elf/8.3.0/../../../../riscv32-unknown-elf/lib/rv32im/ilp32/libc.a(lib_a-reallocr.o)
 .riscv.attributes
                0x00000000000005ef       0x1f /opt/riscv/riscv_multilib/lib/gcc/riscv32-unknown-elf/8.3.0/../../../../riscv32-unknown-elf/lib/rv32im/ilp32/libc.a(lib_a-reent.o)
 .riscv.attributes
                0x000000000000060e       0x1f /opt/riscv/riscv_multilib/lib/gcc/riscv32-unknown-elf/8.3.0/../../../../riscv32-unknown-elf/lib/rv32im/ilp32/libc.a(lib_a-strcmp.o)
 .riscv.attributes
                0x000000000000062d       0x1f /opt/riscv/riscv_multilib/lib/gcc/riscv32-unknown-elf/8.3.0/../../../../riscv32-unknown-elf/lib/rv32im/ilp32/libc.a(lib_a-svfiprintf.o)
 .riscv.attributes
                0x000000000000064c       0x1f /opt/riscv/riscv_multilib/lib/gcc/riscv32-unknown-elf/8.3.0/../../../../riscv32-unknown-elf/lib/rv32im/ilp32/libc.a(lib_a-wbuf.o)
 .riscv.attributes
                0x000000000000066b       0x1f /opt/riscv/riscv_multilib/lib/gcc/riscv32-unknown-elf/8.3.0/../../../../riscv32-unknown-elf/lib/rv32im/ilp32/libc.a(lib_a-wcrtomb.o)
 .riscv.attributes
                0x000000000000068a       0x1f /opt/riscv/riscv_multilib/lib/gcc/riscv32-unknown-elf/8.3.0/../../../../riscv32-unknown-elf/lib/rv32im/ilp32/libc.a(lib_a-wctomb_r.o)
 .riscv.attributes
                0x00000000000006a9       0x1f /opt/riscv/riscv_multilib/lib/gcc/riscv32-unknown-elf/8.3.0/../../../../riscv32-unknown-elf/lib/rv32im/ilp32/libc.a(lib_a-ctype_.o)
 .riscv.attributes
                0x00000000000006c8       0x1f /opt/riscv/riscv_multilib/lib/gcc/riscv32-unknown-elf/8.3.0/../../../../riscv32-unknown-elf/lib/rv32im/ilp32/libgloss.a(sys_close.o)
 .riscv.attributes
                0x00000000000006e7       0x1f /opt/riscv/riscv_multilib/lib/gcc/riscv32-unknown-elf/8.3.0/../../../../riscv32-unknown-elf/lib/rv32im/ilp32/libgloss.a(sys_exit.o)
 .riscv.attributes
                0x0000000000000706       0x1f /opt/riscv/riscv_multilib/lib/gcc/riscv32-unknown-elf/8.3.0/../../../../riscv32-unknown-elf/lib/rv32im/ilp32/libgloss.a(sys_fstat.o)
 .riscv.attributes
                0x0000000000000725       0x1f /opt/riscv/riscv_multilib/lib/gcc/riscv32-unknown-elf/8.3.0/../../../../riscv32-unknown-elf/lib/rv32im/ilp32/libgloss.a(sys_isatty.o)
 .riscv.attributes
                0x0000000000000744       0x1f /opt/riscv/riscv_multilib/lib/gcc/riscv32-unknown-elf/8.3.0/../../../../riscv32-unknown-elf/lib/rv32im/ilp32/libgloss.a(sys_lseek.o)
 .riscv.attributes
                0x0000000000000763       0x1f /opt/riscv/riscv_multilib/lib/gcc/riscv32-unknown-elf/8.3.0/../../../../riscv32-unknown-elf/lib/rv32im/ilp32/libgloss.a(sys_read.o)
 .riscv.attributes
                0x0000000000000782       0x1f /opt/riscv/riscv_multilib/lib/gcc/riscv32-unknown-elf/8.3.0/../../../../riscv32-unknown-elf/lib/rv32im/ilp32/libgloss.a(sys_sbrk.o)
 .riscv.attributes
                0x00000000000007a1       0x1f /opt/riscv/riscv_multilib/lib/gcc/riscv32-unknown-elf/8.3.0/../../../../riscv32-unknown-elf/lib/rv32im/ilp32/libgloss.a(sys_write.o)
 .riscv.attributes
                0x00000000000007c0       0x1f /opt/riscv/riscv_multilib/lib/gcc/riscv32-unknown-elf/8.3.0/../../../../riscv32-unknown-elf/lib/rv32im/ilp32/libgloss.a(sys_conv_stat.o)
 .riscv.attributes
                0x00000000000007df       0x1f /opt/riscv/riscv_multilib/lib/gcc/riscv32-unknown-elf/8.3.0/../../../../riscv32-unknown-elf/lib/rv32im/ilp32/libc.a(lib_a-errno.o)
 .riscv.attributes
                0x00000000000007fe       0x1f /opt/riscv/riscv_multilib/lib/gcc/riscv32-unknown-elf/8.3.0/rv32im/ilp32/libgcc.a(_udivdi3.o)
 .riscv.attributes
                0x000000000000081d       0x1f /opt/riscv/riscv_multilib/lib/gcc/riscv32-unknown-elf/8.3.0/rv32im/ilp32/libgcc.a(_umoddi3.o)
 .riscv.attributes
                0x000000000000083c       0x1f /opt/riscv/riscv_multilib/lib/gcc/riscv32-unknown-elf/8.3.0/rv32im/ilp32/libgcc.a(divdf3.o)
 .riscv.attributes
                0x000000000000085b       0x1f /opt/riscv/riscv_multilib/lib/gcc/riscv32-unknown-elf/8.3.0/rv32im/ilp32/libgcc.a(muldf3.o)
 .riscv.attributes
                0x000000000000087a       0x1f /opt/riscv/riscv_multilib/lib/gcc/riscv32-unknown-elf/8.3.0/rv32im/ilp32/libgcc.a(eqtf2.o)
 .riscv.attributes
                0x0000000000000899       0x1f /opt/riscv/riscv_multilib/lib/gcc/riscv32-unknown-elf/8.3.0/rv32im/ilp32/libgcc.a(getf2.o)
 .riscv.attributes
                0x00000000000008b8       0x1f /opt/riscv/riscv_multilib/lib/gcc/riscv32-unknown-elf/8.3.0/rv32im/ilp32/libgcc.a(letf2.o)
 .riscv.attributes
                0x00000000000008d7       0x1f /opt/riscv/riscv_multilib/lib/gcc/riscv32-unknown-elf/8.3.0/rv32im/ilp32/libgcc.a(multf3.o)
 .riscv.attributes
                0x00000000000008f6       0x1f /opt/riscv/riscv_multilib/lib/gcc/riscv32-unknown-elf/8.3.0/rv32im/ilp32/libgcc.a(subtf3.o)
 .riscv.attributes
                0x0000000000000915       0x1f /opt/riscv/riscv_multilib/lib/gcc/riscv32-unknown-elf/8.3.0/rv32im/ilp32/libgcc.a(fixtfsi.o)
 .riscv.attributes
                0x0000000000000934       0x1f /opt/riscv/riscv_multilib/lib/gcc/riscv32-unknown-elf/8.3.0/rv32im/ilp32/libgcc.a(floatsitf.o)
 .riscv.attributes
                0x0000000000000953       0x1f /opt/riscv/riscv_multilib/lib/gcc/riscv32-unknown-elf/8.3.0/rv32im/ilp32/libgcc.a(extenddftf2.o)
 .riscv.attributes
                0x0000000000000972       0x1f /opt/riscv/riscv_multilib/lib/gcc/riscv32-unknown-elf/8.3.0/rv32im/ilp32/libgcc.a(trunctfdf2.o)
 .riscv.attributes
                0x0000000000000991       0x1f /opt/riscv/riscv_multilib/lib/gcc/riscv32-unknown-elf/8.3.0/rv32im/ilp32/libgcc.a(_clz.o)
 .riscv.attributes
                0x00000000000009b0       0x1f /opt/riscv/riscv_multilib/lib/gcc/riscv32-unknown-elf/8.3.0/rv32im/ilp32/libgcc.a(_clzsi2.o)
 .riscv.attributes
                0x00000000000009cf       0x1f /opt/riscv/riscv_multilib/lib/gcc/riscv32-unknown-elf/8.3.0/rv32im/ilp32/crtend.o

.gnu.build.attributes
 *(.gnu.build.attributes .gnu.build.attributes.*)

.debug
 *(.debug)

.line
 *(.line)

.debug_srcinfo
 *(.debug_srcinfo)

.debug_sfnames
 *(.debug_sfnames)

.debug_aranges  0x0000000000000000      0x1d8
 *(.debug_aranges)
 .debug_aranges
                0x0000000000000000       0x20 /opt/riscv/riscv_multilib/lib/gcc/riscv32-unknown-elf/8.3.0/rv32im/ilp32/libgcc.a(_udivdi3.o)
 .debug_aranges
                0x0000000000000020       0x20 /opt/riscv/riscv_multilib/lib/gcc/riscv32-unknown-elf/8.3.0/rv32im/ilp32/libgcc.a(_umoddi3.o)
 .debug_aranges
                0x0000000000000040       0x20 /opt/riscv/riscv_multilib/lib/gcc/riscv32-unknown-elf/8.3.0/rv32im/ilp32/libgcc.a(divdf3.o)
 .debug_aranges
                0x0000000000000060       0x20 /opt/riscv/riscv_multilib/lib/gcc/riscv32-unknown-elf/8.3.0/rv32im/ilp32/libgcc.a(muldf3.o)
 .debug_aranges
                0x0000000000000080       0x20 /opt/riscv/riscv_multilib/lib/gcc/riscv32-unknown-elf/8.3.0/rv32im/ilp32/libgcc.a(eqtf2.o)
 .debug_aranges