Archive member included to satisfy reference by file (symbol)

/opt/riscv/riscv_multilib/lib/gcc/riscv32-unknown-elf/8.3.0/../../../../riscv32-unknown-elf/lib/rv32im/ilp32/libc.a(lib_a-exit.o)
                              /opt/riscv/riscv_multilib/lib/gcc/riscv32-unknown-elf/8.3.0/../../../../riscv32-unknown-elf/lib/rv32im/ilp32/crt0.o (exit)
/opt/riscv/riscv_multilib/lib/gcc/riscv32-unknown-elf/8.3.0/../../../../riscv32-unknown-elf/lib/rv32im/ilp32/libc.a(lib_a-fclose.o)
                              ./obj/SPIKE_My_JPEG.o (fclose)
/opt/riscv/riscv_multilib/lib/gcc/riscv32-unknown-elf/8.3.0/../../../../riscv32-unknown-elf/lib/rv32im/ilp32/libc.a(lib_a-fflush.o)
                              /opt/riscv/riscv_multilib/lib/gcc/riscv32-unknown-elf/8.3.0/../../../../riscv32-unknown-elf/lib/rv32im/ilp32/libc.a(lib_a-fclose.o) (__sflush_r)
/opt/riscv/riscv_multilib/lib/gcc/riscv32-unknown-elf/8.3.0/../../../../riscv32-unknown-elf/lib/rv32im/ilp32/libc.a(lib_a-findfp.o)
                              /opt/riscv/riscv_multilib/lib/gcc/riscv32-unknown-elf/8.3.0/../../../../riscv32-unknown-elf/lib/rv32im/ilp32/libc.a(lib_a-fclose.o) (__sinit)
/opt/riscv/riscv_multilib/lib/gcc/riscv32-unknown-elf/8.3.0/../../../../riscv32-unknown-elf/lib/rv32im/ilp32/libc.a(lib_a-fopen.o)
                              ./obj/SPIKE_My_JPEG.o (fopen)
/opt/riscv/riscv_multilib/lib/gcc/riscv32-unknown-elf/8.3.0/../../../../riscv32-unknown-elf/lib/rv32im/ilp32/libc.a(lib_a-freer.o)
                              /opt/riscv/riscv_multilib/lib/gcc/riscv32-unknown-elf/8.3.0/../../../../riscv32-unknown-elf/lib/rv32im/ilp32/libc.a(lib_a-fclose.o) (_free_r)
/opt/riscv/riscv_multilib/lib/gcc/riscv32-unknown-elf/8.3.0/../../../../riscv32-unknown-elf/lib/rv32im/ilp32/libc.a(lib_a-fseek.o)
                              /opt/riscv/riscv_multilib/lib/gcc/riscv32-unknown-elf/8.3.0/../../../../riscv32-unknown-elf/lib/rv32im/ilp32/libc.a(lib_a-fopen.o) (_fseek_r)
/opt/riscv/riscv_multilib/lib/gcc/riscv32-unknown-elf/8.3.0/../../../../riscv32-unknown-elf/lib/rv32im/ilp32/libc.a(lib_a-fseeko.o)
                              /opt/riscv/riscv_multilib/lib/gcc/riscv32-unknown-elf/8.3.0/../../../../riscv32-unknown-elf/lib/rv32im/ilp32/libc.a(lib_a-fseek.o) (_fseeko_r)
/opt/riscv/riscv_multilib/lib/gcc/riscv32-unknown-elf/8.3.0/../../../../riscv32-unknown-elf/lib/rv32im/ilp32/libc.a(lib_a-fstatr.o)
                              /opt/riscv/riscv_multilib/lib/gcc/riscv32-unknown-elf/8.3.0/../../../../riscv32-unknown-elf/lib/rv32im/ilp32/libc.a(lib_a-fseeko.o) (_fstat_r)
/opt/riscv/riscv_multilib/lib/gcc/riscv32-unknown-elf/8.3.0/../../../../riscv32-unknown-elf/lib/rv32im/ilp32/libc.a(lib_a-fwalk.o)
                              /opt/riscv/riscv_multilib/lib/gcc/riscv32-unknown-elf/8.3.0/../../../../riscv32-unknown-elf/lib/rv32im/ilp32/libc.a(lib_a-findfp.o) (_fwalk)
/opt/riscv/riscv_multilib/lib/gcc/riscv32-unknown-elf/8.3.0/../../../../riscv32-unknown-elf/lib/rv32im/ilp32/libc.a(lib_a-fwrite.o)
                              ./obj/SPIKE_My_JPEG.o (fwrite)
/opt/riscv/riscv_multilib/lib/gcc/riscv32-unknown-elf/8.3.0/../../../../riscv32-unknown-elf/lib/rv32im/ilp32/libc.a(lib_a-impure.o)
                              /opt/riscv/riscv_multilib/lib/gcc/riscv32-unknown-elf/8.3.0/../../../../riscv32-unknown-elf/lib/rv32im/ilp32/libc.a(lib_a-exit.o) (_global_impure_ptr)
/opt/riscv/riscv_multilib/lib/gcc/riscv32-unknown-elf/8.3.0/../../../../riscv32-unknown-elf/lib/rv32im/ilp32/libc.a(lib_a-init.o)
                              /opt/riscv/riscv_multilib/lib/gcc/riscv32-unknown-elf/8.3.0/../../../../riscv32-unknown-elf/lib/rv32im/ilp32/crt0.o (__libc_init_array)
/opt/riscv/riscv_multilib/lib/gcc/riscv32-unknown-elf/8.3.0/../../../../riscv32-unknown-elf/lib/rv32im/ilp32/libc.a(lib_a-makebuf.o)
                              /opt/riscv/riscv_multilib/lib/gcc/riscv32-unknown-elf/8.3.0/../../../../riscv32-unknown-elf/lib/rv32im/ilp32/libc.a(lib_a-fseeko.o) (__smakebuf_r)
/opt/riscv/riscv_multilib/lib/gcc/riscv32-unknown-elf/8.3.0/../../../../riscv32-unknown-elf/lib/rv32im/ilp32/libc.a(lib_a-mallocr.o)
                              /opt/riscv/riscv_multilib/lib/gcc/riscv32-unknown-elf/8.3.0/../../../../riscv32-unknown-elf/lib/rv32im/ilp32/libc.a(lib_a-findfp.o) (_malloc_r)
/opt/riscv/riscv_multilib/lib/gcc/riscv32-unknown-elf/8.3.0/../../../../riscv32-unknown-elf/lib/rv32im/ilp32/libc.a(lib_a-memset.o)
                              /opt/riscv/riscv_multilib/lib/gcc/riscv32-unknown-elf/8.3.0/../../../../riscv32-unknown-elf/lib/rv32im/ilp32/crt0.o (memset)
/opt/riscv/riscv_multilib/lib/gcc/riscv32-unknown-elf/8.3.0/../../../../riscv32-unknown-elf/lib/rv32im/ilp32/libc.a(lib_a-mlock.o)
                              /opt/riscv/riscv_multilib/lib/gcc/riscv32-unknown-elf/8.3.0/../../../../riscv32-unknown-elf/lib/rv32im/ilp32/libc.a(lib_a-freer.o) (__malloc_lock)
[...]
Memory Configuration

Name             Origin             Length             Attributes
*default*        0x0000000000000000 0xffffffffffffffff

Linker script and memory map

LOAD /opt/riscv/riscv_multilib/lib/gcc/riscv32-unknown-elf/8.3.0/../../../../riscv32-unknown-elf/lib/rv32im/ilp32/crt0.o
LOAD /opt/riscv/riscv_multilib/lib/gcc/riscv32-unknown-elf/8.3.0/rv32im/ilp32/crtbegin.o
LOAD ./obj/SPIKE_My_JPEG.o
LOAD /opt/riscv/riscv_multilib/lib/gcc/riscv32-unknown-elf/8.3.0/rv32im/ilp32/libgcc.a
START GROUP
LOAD /opt/riscv/riscv_multilib/lib/gcc/riscv32-unknown-elf/8.3.0/../../../../riscv32-unknown-elf/lib/rv32im/ilp32/libc.a
LOAD /opt/riscv/riscv_multilib/lib/gcc/riscv32-unknown-elf/8.3.0/../../../../riscv32-unknown-elf/lib/rv32im/ilp32/libgloss.a
END GROUP
LOAD /opt/riscv/riscv_multilib/lib/gcc/riscv32-unknown-elf/8.3.0/rv32im/ilp32/libgcc.a
LOAD /opt/riscv/riscv_multilib/lib/gcc/riscv32-unknown-elf/8.3.0/rv32im/ilp32/crtend.o
                [!provide]                        PROVIDE (__executable_start = SEGMENT_START ("text-segment", 0x10000))
                0x0000000000010074                . = (SEGMENT_START ("text-segment", 0x10000) + SIZEOF_HEADERS)

.interp
 *(.interp)

.note.gnu.build-id
 *(.note.gnu.build-id)

.hash
 *(.hash)

.gnu.hash
 *(.gnu.hash)

.dynsym
 *(.dynsym)

.dynstr
 *(.dynstr)

.gnu.version
 *(.gnu.version)

.gnu.version_d
 *(.gnu.version_d)

.gnu.version_r
 *(.gnu.version_r)

.rela.dyn       0x0000000000010074        0x0
 *(.rela.init)
 *(.rela.text .rela.text.* .rela.gnu.linkonce.t.*)
 .rela.text     0x0000000000010074        0x0 /opt/riscv/riscv_multilib/lib/gcc/riscv32-unknown-elf/8.3.0/../../../../riscv32-unknown-elf/lib/rv32im/ilp32/crt0.o
 .rela.text.startup
                0x0000000000010074        0x0 /opt/riscv/riscv_multilib/lib/gcc/riscv32-unknown-elf/8.3.0/../../../../riscv32-unknown-elf/lib/rv32im/ilp32/crt0.o
 *(.rela.fini)
 *(.rela.rodata .rela.rodata.* .rela.gnu.linkonce.r.*)
 *(.rela.data .rela.data.* .rela.gnu.linkonce.d.*)
 *(.rela.tdata .rela.tdata.* .rela.gnu.linkonce.td.*)
 *(.rela.tbss .rela.tbss.* .rela.gnu.linkonce.tb.*)
 *(.rela.ctors)
 *(.rela.dtors)
 *(.rela.got)
 *(.rela.sdata .rela.sdata.* .rela.gnu.linkonce.s.*)
 *(.rela.sbss .rela.sbss.* .rela.gnu.linkonce.sb.*)
 *(.rela.sdata2 .rela.sdata2.* .rela.gnu.linkonce.s2.*)
 *(.rela.sbss2 .rela.sbss2.* .rela.gnu.linkonce.sb2.*)
 *(.rela.bss .rela.bss.* .rela.gnu.linkonce.b.*)
                [!provide]                        PROVIDE (__rela_iplt_start = .)
 *(.rela.iplt)
                [!provide]                        PROVIDE (__rela_iplt_end = .)

.rela.plt
 *(.rela.plt)

.init
 *(SORT_NONE(.init))

.plt
 *(.plt)

.iplt
 *(.iplt)

.text           0x0000000000010074    0x1bb70
 *(.text.unlikely .text.*_unlikely .text.unlikely.*)
 *(.text.exit .text.exit.*)
 *(.text.startup .text.startup.*)
 .text.startup  0x0000000000010074       0x1c /opt/riscv/riscv_multilib/lib/gcc/riscv32-unknown-elf/8.3.0/../../../../riscv32-unknown-elf/lib/rv32im/ilp32/libc.a(lib_a-__call_atexit.o)
 *(.text.hot .text.hot.*)
 *(.text .stub .text.* .gnu.linkonce.t.*)
 .text          0x0000000000010090       0x50 /opt/riscv/riscv_multilib/lib/gcc/riscv32-unknown-elf/8.3.0/../../../../riscv32-unknown-elf/lib/rv32im/ilp32/crt0.o
                0x0000000000010090                _start
 .text          0x00000000000100e0       0xf0 /opt/riscv/riscv_multilib/lib/gcc/riscv32-unknown-elf/8.3.0/rv32im/ilp32/crtbegin.o
 .text          0x00000000000101d0     0x7040 ./obj/SPIKE_My_JPEG.o
                0x00000000000101d0                fix_mul
                0x00000000000102a0                fix_mul12
                0x0000000000010374                fix_mul10
                0x0000000000010440                fix_mul8
                0x000000000001050c                int_max
                0x0000000000010540                int_abs
                0x0000000000010574                int_floorlog2
                0x00000000000105c4                int_ceildivpow2
                0x0000000000010608                int_min
                0x000000000001063c                tile_in_buffer
                0x0000000000010808                tile_out_buffer
                0x0000000000010b34                ctrl_cblk_flags
                0x0000000000010c0c                cblk_in_buffer
                0x0000000000010ef4                ctrl_cblk_info
                0x0000000000011164                tier1_bac
                0x0000000000012330                t1_zeroCoding
                0x0000000000012880                t1_signCoding
                0x0000000000012cd4                t1_magRefCoding
                0x0000000000012f2c                t1_runLenCoding
                0x0000000000013090                t1_enc_spp
                0x0000000000013340                t1_enc_mrp
                0x0000000000013490                t1_enc_cup
                0x0000000000013888                tier1_bpc
                0x0000000000013ce8                tier1
                0x0000000000014060                dc_level_shifting_color_compononent_transform
                0x0000000000014948                dwt97
                0x000000000001564c                tgt_inclusionInfo
                0x00000000000156f4                tgt_zeroBitPlane
                0x00000000000157a0                tgt_encode
                0x0000000000015880                t2_putcommacode
                0x00000000000158e0                t2_putnumpasses
                0x00000000000159d0                t2_encode_packet
                0x00000000000160fc                tier2
                0x0000000000016168                jp2_write_mainheader_SIZ
                0x0000000000016318                jp2_write_mainheader_COD
                0x00000000000164b4                jp2_write_tileheader_COC
                0x0000000000016608                jp2_write_mainheader_QCD
                0x000000000001684c                jp2_write_tileheader_QCC
                0x0000000000016aa4                jp2_write_mainheader
                0x0000000000016b20                jp2_write_tileheader_SOT
                0x0000000000016c14                jp2_write_tileheader_SOD
                0x0000000000016c4c                tile_header
                0x0000000000016d18                write_file
                0x0000000000016d98                main
 .text          0x0000000000017210       0x30 /opt/riscv/riscv_multilib/lib/gcc/riscv32-unknown-elf/8.3.0/../../../../riscv32-unknown-elf/lib/rv32im/ilp32/libc.a(lib_a-exit.o)
                0x0000000000017210                exit
 .text          0x0000000000017240      0x11c /opt/riscv/riscv_multilib/lib/gcc/riscv32-unknown-elf/8.3.0/../../../../riscv32-unknown-elf/lib/rv32im/ilp32/libc.a(lib_a-fclose.o)
                0x0000000000017240                _fclose_r
                0x0000000000017350                fclose
 .text          0x000000000001735c      0x2dc /opt/riscv/riscv_multilib/lib/gcc/riscv32-unknown-elf/8.3.0/../../../../riscv32-unknown-elf/lib/rv32im/ilp32/libc.a(lib_a-fflush.o)
                0x000000000001735c                __sflush_r
                0x00000000000175b8                _fflush_r
                0x0000000000017618                fflush
 .text          0x0000000000017638      0x35c /opt/riscv/riscv_multilib/lib/gcc/riscv32-unknown-elf/8.3.0/../../../../riscv32-unknown-elf/lib/rv32im/ilp32/libc.a(lib_a-findfp.o)
                0x0000000000017640                _cleanup_r
                0x00000000000177d8                __sfmoreglue
                0x0000000000017844                __sfp
                0x0000000000017944                _cleanup
                0x0000000000017954                __sinit
                0x0000000000017964                __sfp_lock_acquire
                0x0000000000017968                __sfp_lock_release
                0x000000000001796c                __sinit_lock_acquire
                0x0000000000017970                __sinit_lock_release
                0x0000000000017974                __fp_lock_all
                0x0000000000017984                __fp_unlock_all
 .text          0x0000000000017994      0x138 /opt/riscv/riscv_multilib/lib/gcc/riscv32-unknown-elf/8.3.0/../../../../riscv32-unknown-elf/lib/rv32im/ilp32/libc.a(lib_a-fopen.o)
                0x0000000000017994                _fopen_r
                0x0000000000017abc                fopen
 .text          0x0000000000017acc      0x428 /opt/riscv/riscv_multilib/lib/gcc/riscv32-unknown-elf/8.3.0/../../../../riscv32-unknown-elf/lib/rv32im/ilp32/libc.a(lib_a-freer.o)
                0x0000000000017acc                _malloc_trim_r
                0x0000000000017bf8                _free_r
 .text          0x0000000000017ef4       0x18 /opt/riscv/riscv_multilib/lib/gcc/riscv32-unknown-elf/8.3.0/../../../../riscv32-unknown-elf/lib/rv32im/ilp32/libc.a(lib_a-fseek.o)
                0x0000000000017ef4                _fseek_r
                0x0000000000017ef8                fseek
 .text          0x0000000000017f0c      0x484 /opt/riscv/riscv_multilib/lib/gcc/riscv32-unknown-elf/8.3.0/../../../../riscv32-unknown-elf/lib/rv32im/ilp32/libc.a(lib_a-fseeko.o)
                0x0000000000017f0c                _fseeko_r
                0x000000000001837c                fseeko
 .text          0x0000000000018390       0x68 /opt/riscv/riscv_multilib/lib/gcc/riscv32-unknown-elf/8.3.0/../../../../riscv32-unknown-elf/lib/rv32im/ilp32/libc.a(lib_a-fstatr.o)
                0x0000000000018390                _fstat_r
 .text          0x00000000000183f8      0x170 /opt/riscv/riscv_multilib/lib/gcc/riscv32-unknown-elf/8.3.0/../../../../riscv32-unknown-elf/lib/rv32im/ilp32/libc.a(lib_a-fwalk.o)
                0x00000000000183f8                _fwalk
                0x00000000000184a8                _fwalk_reent
 .text          0x0000000000018568       0xe4 /opt/riscv/riscv_multilib/lib/gcc/riscv32-unknown-elf/8.3.0/../../../../riscv32-unknown-elf/lib/rv32im/ilp32/libc.a(lib_a-fwrite.o)
                0x0000000000018568                _fwrite_r
                0x0000000000018634                fwrite
 .text          0x000000000001864c        0x0 /opt/riscv/riscv_multilib/lib/gcc/riscv32-unknown-elf/8.3.0/../../../../riscv32-unknown-elf/lib/rv32im/ilp32/libc.a(lib_a-impure.o)
 .text          0x000000000001864c       0x9c /opt/riscv/riscv_multilib/lib/gcc/riscv32-unknown-elf/8.3.0/../../../../riscv32-unknown-elf/lib/rv32im/ilp32/libc.a(lib_a-init.o)
                0x000000000001864c                __libc_init_array
 .text          0x00000000000186e8      0x1f0 /opt/riscv/riscv_multilib/lib/gcc/riscv32-unknown-elf/8.3.0/../../../../riscv32-unknown-elf/lib/rv32im/ilp32/libc.a(lib_a-makebuf.o)
                0x00000000000186e8                __swhatbuf_r
                0x00000000000187b8                __smakebuf_r
 .text          0x00000000000188d8      0x7cc /opt/riscv/riscv_multilib/lib/gcc/riscv32-unknown-elf/8.3.0/../../../../riscv32-unknown-elf/lib/rv32im/ilp32/libc.a(lib_a-mallocr.o)
                0x00000000000188d8                _malloc_r
 .text          0x00000000000190a4       0xdc /opt/riscv/riscv_multilib/lib/gcc/riscv32-unknown-elf/8.3.0/../../../../riscv32-unknown-elf/lib/rv32im/ilp32/libc.a(lib_a-memset.o)
                0x00000000000190a4                memset
 .text          0x0000000000019180        0x8 /opt/riscv/riscv_multilib/lib/gcc/riscv32-unknown-elf/8.3.0/../../../../riscv32-unknown-elf/lib/rv32im/ilp32/libc.a(lib_a-mlock.o)
                0x0000000000019180                __malloc_lock
                0x0000000000019184                __malloc_unlock
 .text          0x0000000000019188       0x6c /opt/riscv/riscv_multilib/lib/gcc/riscv32-unknown-elf/8.3.0/../../../../riscv32-unknown-elf/lib/rv32im/ilp32/libc.a(lib_a-openr.o)
                0x0000000000019188                _open_r
 .text          0x00000000000191f4       0x94 /opt/riscv/riscv_multilib/lib/gcc/riscv32-unknown-elf/8.3.0/../../../../riscv32-unknown-elf/lib/rv32im/ilp32/libc.a(lib_a-printf.o)
                0x00000000000191f4                _printf_r
                0x0000000000019238                printf
 .text          0x0000000000019288       0xdc /opt/riscv/riscv_multilib/lib/gcc/riscv32-unknown-elf/8.3.0/../../../../riscv32-unknown-elf/lib/rv32im/ilp32/libc.a(lib_a-puts.o)
                0x0000000000019288                _puts_r
                0x0000000000019358                puts
 .text          0x0000000000019364      0x14c /opt/riscv/riscv_multilib/lib/gcc/riscv32-unknown-elf/8.3.0/../../../../riscv32-unknown-elf/lib/rv32im/ilp32/libc.a(lib_a-reent.o)
                0x0000000000019364                cleanup_glue
                0x00000000000193a4                _reclaim_reent
 .text          0x00000000000194b0      0x21c /opt/riscv/riscv_multilib/lib/gcc/riscv32-unknown-elf/8.3.0/../../../../riscv32-unknown-elf/lib/rv32im/ilp32/libc.a(lib_a-refill.o)
                0x00000000000194cc                __srefill_r
 .text          0x00000000000196cc       0x60 /opt/riscv/riscv_multilib/lib/gcc/riscv32-unknown-elf/8.3.0/../../../../riscv32-unknown-elf/lib/rv32im/ilp32/libc.a(lib_a-sbrkr.o)
                0x00000000000196cc                _sbrk_r
 .text          0x000000000001972c      0x15c /opt/riscv/riscv_multilib/lib/gcc/riscv32-unknown-elf/8.3.0/../../../../riscv32-unknown-elf/lib/rv32im/ilp32/libc.a(lib_a-stdio.o)
                0x000000000001972c                __sread
                0x0000000000019788                __seofread
                0x0000000000019790                __swrite
                0x0000000000019818                __sseek
                0x0000000000019880                __sclose
 .text          0x0000000000019888       0x8c /opt/riscv/riscv_multilib/lib/gcc/riscv32-unknown-elf/8.3.0/../../../../riscv32-unknown-elf/lib/rv32im/ilp32/libc.a(lib_a-strlen.o)
                0x0000000000019888                strlen
 .text          0x0000000000019914     0x2c2c /opt/riscv/riscv_multilib/lib/gcc/riscv32-unknown-elf/8.3.0/../../../../riscv32-unknown-elf/lib/rv32im/ilp32/libc.a(lib_a-vfprintf.o)
                0x0000000000019914                _vfprintf_r
                0x000000000001c46c                vfprintf
 .text          0x000000000001c540       0x6c /opt/riscv/riscv_multilib/lib/gcc/riscv32-unknown-elf/8.3.0/../../../../riscv32-unknown-elf/lib/rv32im/ilp32/libc.a(lib_a-writer.o)
                0x000000000001c540                _write_r
 .text          0x000000000001c5ac      0x164 /opt/riscv/riscv_multilib/lib/gcc/riscv32-unknown-elf/8.3.0/../../../../riscv32-unknown-elf/lib/rv32im/ilp32/libc.a(lib_a-wsetup.o)
                0x000000000001c5ac                __swsetup_r
 .text          0x000000000001c710      0x118 /opt/riscv/riscv_multilib/lib/gcc/riscv32-unknown-elf/8.3.0/../../../../riscv32-unknown-elf/lib/rv32im/ilp32/libc.a(lib_a-__call_atexit.o)
                0x000000000001c710                __call_exitprocs
 .text          0x000000000001c828       0x14 /opt/riscv/riscv_multilib/lib/gcc/riscv32-unknown-elf/8.3.0/../../../../riscv32-unknown-elf/lib/rv32im/ilp32/libc.a(lib_a-atexit.o)
                0x000000000001c828                atexit
 .text          0x000000000001c83c       0x60 /opt/riscv/riscv_multilib/lib/gcc/riscv32-unknown-elf/8.3.0/../../../../riscv32-unknown-elf/lib/rv32im/ilp32/libc.a(lib_a-closer.o)
                0x000000000001c83c                _close_r
 .text          0x000000000001c89c       0x60 /opt/riscv/riscv_multilib/lib/gcc/riscv32-unknown-elf/8.3.0/../../../../riscv32-unknown-elf/lib/rv32im/ilp32/libc.a(lib_a-fini.o)
                0x000000000001c89c                __libc_fini_array
 .text          0x000000000001c8fc       0xac /opt/riscv/riscv_multilib/lib/gcc/riscv32-unknown-elf/8.3.0/../../../../riscv32-unknown-elf/lib/rv32im/ilp32/libc.a(lib_a-flags.o)
                0x000000000001c8fc                __sflags
 .text          0x000000000001c9a8      0x4b0 /opt/riscv/riscv_multilib/lib/gcc/riscv32-unknown-elf/8.3.0/../../../../riscv32-unknown-elf/lib/rv32im/ilp32/libc.a(lib_a-fvwrite.o)
                0x000000000001c9a8                __sfvwrite_r
 .text          0x000000000001ce58       0x60 /opt/riscv/riscv_multilib/lib/gcc/riscv32-unknown-elf/8.3.0/../../../../riscv32-unknown-elf/lib/rv32im/ilp32/libc.a(lib_a-isattyr.o)
                0x000000000001ce58                _isatty_r
 .text          0x000000000001ceb8     0x2b98 /opt/riscv/riscv_multilib/lib/gcc/riscv32-unknown-elf/8.3.0/../../../../riscv32-unknown-elf/lib/rv32im/ilp32/libc.a(lib_a-ldtoa.o)
                0x000000000001e6d8                _ldtoa_r
                0x000000000001f9ec                _ldcheck
 .text          0x000000000001fa50       0x20 /opt/riscv/riscv_multilib/lib/gcc/riscv32-unknown-elf/8.3.0/../../../../riscv32-unknown-elf/lib/rv32im/ilp32/libc.a(lib_a-localeconv.o)
                0x000000000001fa50                __localeconv_l
                0x000000000001fa58                _localeconv_r
                0x000000000001fa64                localeconv
 .text          0x000000000001fa70       0x6c /opt/riscv/riscv_multilib/lib/gcc/riscv32-unknown-elf/8.3.0/../../../../riscv32-unknown-elf/lib/rv32im/ilp32/libc.a(lib_a-lseekr.o)
                0x000000000001fa70                _lseek_r
 .text          0x000000000001fadc       0xdc /opt/riscv/riscv_multilib/lib/gcc/riscv32-unknown-elf/8.3.0/../../../../riscv32-unknown-elf/lib/rv32im/ilp32/libc.a(lib_a-memchr.o)
                0x000000000001fadc                memchr
 .text          0x000000000001fbb8      0x11c /opt/riscv/riscv_multilib/lib/gcc/riscv32-unknown-elf/8.3.0/../../../../riscv32-unknown-elf/lib/rv32im/ilp32/libc.a(lib_a-memcpy.o)
                0x000000000001fbb8                memcpy
 .text          0x000000000001fcd4      0x120 /opt/riscv/riscv_multilib/lib/gcc/riscv32-unknown-elf/8.3.0/../../../../riscv32-unknown-elf/lib/rv32im/ilp32/libc.a(lib_a-memmove-stub.o)
                0x000000000001fcd4                memmove
 .text          0x000000000001fdf4      0xffc /opt/riscv/riscv_multilib/lib/gcc/riscv32-unknown-elf/8.3.0/../../../../riscv32-unknown-elf/lib/rv32im/ilp32/libc.a(lib_a-mprec.o)
                0x000000000001fdf4                _Balloc
                0x000000000001fe9c                _Bfree
                0x000000000001fec0                __multadd
                0x000000000001ffe8                __s2b
                0x00000000000200f4                __hi0bits
                0x0000000000020168                __lo0bits
                0x0000000000020220                __i2b
                0x0000000000020254                __multiply
                0x000000000002044c                __pow5mult
                0x0000000000020594                __lshift
                0x00000000000206e0                __mcmp
                0x0000000000020738                __mdiff
                0x000000000002091c                __ulp
                0x000000000002097c                __b2d
                0x0000000000020a94                __d2b
                0x0000000000020bd8                __ratio
                0x0000000000020c7c                _mprec_log10
                0x0000000000020d10                __copybits
                0x0000000000020d78                __any_on
 .text          0x0000000000020df0       0x6c /opt/riscv/riscv_multilib/lib/gcc/riscv32-unknown-elf/8.3.0/../../../../riscv32-unknown-elf/lib/rv32im/ilp32/libc.a(lib_a-readr.o)
                0x0000000000020df0                _read_r
 .text          0x0000000000020e5c      0x5d4 /opt/riscv/riscv_multilib/lib/gcc/riscv32-unknown-elf/8.3.0/../../../../riscv32-unknown-elf/lib/rv32im/ilp32/libc.a(lib_a-reallocr.o)
                0x0000000000020e5c                _realloc_r
 .text          0x0000000000021430       0xac /opt/riscv/riscv_multilib/lib/gcc/riscv32-unknown-elf/8.3.0/../../../../riscv32-unknown-elf/lib/rv32im/ilp32/libc.a(lib_a-s_frexp.o)
                0x0000000000021430                frexp
 .text          0x00000000000214dc       0xe4 /opt/riscv/riscv_multilib/lib/gcc/riscv32-unknown-elf/8.3.0/../../../../riscv32-unknown-elf/lib/rv32im/ilp32/libc.a(lib_a-sprintf.o)
                0x00000000000214dc                _sprintf_r
                0x0000000000021548                sprintf
 .text          0x00000000000215c0       0xb0 /opt/riscv/riscv_multilib/lib/gcc/riscv32-unknown-elf/8.3.0/../../../../riscv32-unknown-elf/lib/rv32im/ilp32/libc.a(lib_a-strcpy.o)
                0x00000000000215c0                strcpy
 .text          0x0000000000021670       0xcc /opt/riscv/riscv_multilib/lib/gcc/riscv32-unknown-elf/8.3.0/../../../../riscv32-unknown-elf/lib/rv32im/ilp32/libc.a(lib_a-strncpy.o)
                0x0000000000021670                strncpy
 .text          0x000000000002173c     0x2b04 /opt/riscv/riscv_multilib/lib/gcc/riscv32-unknown-elf/8.3.0/../../../../riscv32-unknown-elf/lib/rv32im/ilp32/libc.a(lib_a-svfprintf.o)
                0x000000000002173c                _svfprintf_r
 .text          0x0000000000024240     0x1494 /opt/riscv/riscv_multilib/lib/gcc/riscv32-unknown-elf/8.3.0/../../../../riscv32-unknown-elf/lib/rv32im/ilp32/libc.a(lib_a-vfiprintf.o)
                0x0000000000024330                __sprint_r
                0x0000000000024348                _vfiprintf_r
                0x0000000000025600                vfiprintf
 .text          0x00000000000256d4       0x98 /opt/riscv/riscv_multilib/lib/gcc/riscv32-unknown-elf/8.3.0/../../../../riscv32-unknown-elf/lib/rv32im/ilp32/libc.a(lib_a-__atexit.o)
                0x00000000000256d4                __register_exitproc
 .text          0x000000000002576c       0xb0 /opt/riscv/riscv_multilib/lib/gcc/riscv32-unknown-elf/8.3.0/../../../../riscv32-unknown-elf/lib/rv32im/ilp32/libc.a(lib_a-callocr.o)
                0x000000000002576c                _calloc_r
 .text          0x000000000002581c      0x1d8 /opt/riscv/riscv_multilib/lib/gcc/riscv32-unknown-elf/8.3.0/../../../../riscv32-unknown-elf/lib/rv32im/ilp32/libc.a(lib_a-fputwc.o)
                0x000000000002581c                __fputwc
                0x0000000000025948                _fputwc_r
                0x0000000000025974                fputwc
 .text          0x00000000000259f4       0x98 /opt/riscv/riscv_multilib/lib/gcc/riscv32-unknown-elf/8.3.0/../../../../riscv32-unknown-elf/lib/rv32im/ilp32/libc.a(lib_a-locale.o)
                0x00000000000259f4                _setlocale_r
                0x0000000000025a70                __locale_mb_cur_max
                0x0000000000025a7c                setlocale
 .text          0x0000000000025a8c       0x74 /opt/riscv/riscv_multilib/lib/gcc/riscv32-unknown-elf/8.3.0/../../../../riscv32-unknown-elf/lib/rv32im/ilp32/libc.a(lib_a-mbtowc_r.o)
                0x0000000000025a8c                _mbtowc_r
                0x0000000000025a98                __ascii_mbtowc
 .text          0x0000000000025b00      0x17c /opt/riscv/riscv_multilib/lib/gcc/riscv32-unknown-elf/8.3.0/../../../../riscv32-unknown-elf/lib/rv32im/ilp32/libc.a(lib_a-strcmp.o)
                0x0000000000025b00                strcmp
 .text          0x0000000000025c7c     0x131c /opt/riscv/riscv_multilib/lib/gcc/riscv32-unknown-elf/8.3.0/../../../../riscv32-unknown-elf/lib/rv32im/ilp32/libc.a(lib_a-svfiprintf.o)
                0x0000000000025c7c                __ssprint_r
                0x0000000000025e38                _svfiprintf_r
 .text          0x0000000000026f98      0x194 /opt/riscv/riscv_multilib/lib/gcc/riscv32-unknown-elf/8.3.0/../../../../riscv32-unknown-elf/lib/rv32im/ilp32/libc.a(lib_a-wbuf.o)
                0x0000000000026f98                __swbuf_r
                0x000000000002711c                __swbuf
 .text          0x000000000002712c      0x104 /opt/riscv/riscv_multilib/lib/gcc/riscv32-unknown-elf/8.3.0/../../../../riscv32-unknown-elf/lib/rv32im/ilp32/libc.a(lib_a-wcrtomb.o)
                0x000000000002712c                _wcrtomb_r
                0x00000000000271a4                wcrtomb
 .text          0x0000000000027230       0x3c /opt/riscv/riscv_multilib/lib/gcc/riscv32-unknown-elf/8.3.0/../../../../riscv32-unknown-elf/lib/rv32im/ilp32/libc.a(lib_a-wctomb_r.o)
                0x0000000000027230                _wctomb_r
                0x000000000002723c                __ascii_wctomb
 .text          0x000000000002726c        0x0 /opt/riscv/riscv_multilib/lib/gcc/riscv32-unknown-elf/8.3.0/../../../../riscv32-unknown-elf/lib/rv32im/ilp32/libc.a(lib_a-ctype_.o)
 .text          0x000000000002726c       0x58 /opt/riscv/riscv_multilib/lib/gcc/riscv32-unknown-elf/8.3.0/../../../../riscv32-unknown-elf/lib/rv32im/ilp32/libgloss.a(sys_close.o)
                0x000000000002726c                _close
 .text          0x00000000000272c4       0x44 /opt/riscv/riscv_multilib/lib/gcc/riscv32-unknown-elf/8.3.0/../../../../riscv32-unknown-elf/lib/rv32im/ilp32/libgloss.a(sys_exit.o)
                0x00000000000272c4                _exit
 .text          0x0000000000027308       0x70 /opt/riscv/riscv_multilib/lib/gcc/riscv32-unknown-elf/8.3.0/../../../../riscv32-unknown-elf/lib/rv32im/ilp32/libgloss.a(sys_fstat.o)
                0x0000000000027308                _fstat
 .text          0x0000000000027378       0x40 /opt/riscv/riscv_multilib/lib/gcc/riscv32-unknown-elf/8.3.0/../../../../riscv32-unknown-elf/lib/rv32im/ilp32/libgloss.a(sys_isatty.o)
                0x0000000000027378                _isatty
 .text          0x00000000000273b8       0x50 /opt/riscv/riscv_multilib/lib/gcc/riscv32-unknown-elf/8.3.0/../../../../riscv32-unknown-elf/lib/rv32im/ilp32/libgloss.a(sys_lseek.o)
                0x00000000000273b8                _lseek
 .text          0x0000000000027408       0x50 /opt/riscv/riscv_multilib/lib/gcc/riscv32-unknown-elf/8.3.0/../../../../riscv32-unknown-elf/lib/rv32im/ilp32/libgloss.a(sys_open.o)
                0x0000000000027408                _open
 .text          0x0000000000027458       0x50 /opt/riscv/riscv_multilib/lib/gcc/riscv32-unknown-elf/8.3.0/../../../../riscv32-unknown-elf/lib/rv32im/ilp32/libgloss.a(sys_read.o)
                0x0000000000027458                _read
 .text          0x00000000000274a8       0x9c /opt/riscv/riscv_multilib/lib/gcc/riscv32-unknown-elf/8.3.0/../../../../riscv32-unknown-elf/lib/rv32im/ilp32/libgloss.a(sys_sbrk.o)
                0x00000000000274a8                _sbrk
 .text          0x0000000000027544       0x50 /opt/riscv/riscv_multilib/lib/gcc/riscv32-unknown-elf/8.3.0/../../../../riscv32-unknown-elf/lib/rv32im/ilp32/libgloss.a(sys_write.o)
                0x0000000000027544                _write
 .text          0x0000000000027594       0xa4 /opt/riscv/riscv_multilib/lib/gcc/riscv32-unknown-elf/8.3.0/../../../../riscv32-unknown-elf/lib/rv32im/ilp32/libgloss.a(sys_conv_stat.o)
                0x0000000000027594                _conv_stat
 .text          0x0000000000027638        0x8 /opt/riscv/riscv_multilib/lib/gcc/riscv32-unknown-elf/8.3.0/../../../../riscv32-unknown-elf/lib/rv32im/ilp32/libc.a(lib_a-errno.o)
                0x0000000000027638                __errno
 .text          0x0000000000027640      0x434 /opt/riscv/riscv_multilib/lib/gcc/riscv32-unknown-elf/8.3.0/rv32im/ilp32/libgcc.a(_udivdi3.o)
                0x0000000000027640                __udivdi3
 .text          0x0000000000027a74      0x410 /opt/riscv/riscv_multilib/lib/gcc/riscv32-unknown-elf/8.3.0/rv32im/ilp32/libgcc.a(_umoddi3.o)
                0x0000000000027a74                __umoddi3
 .text          0x0000000000027e84      0x6c8 /opt/riscv/riscv_multilib/lib/gcc/riscv32-unknown-elf/8.3.0/rv32im/ilp32/libgcc.a(divdf3.o)
                0x0000000000027e84                __divdf3
 .text          0x000000000002854c      0x5b8 /opt/riscv/riscv_multilib/lib/gcc/riscv32-unknown-elf/8.3.0/rv32im/ilp32/libgcc.a(muldf3.o)
                0x000000000002854c                __muldf3
 .text          0x0000000000028b04       0xcc /opt/riscv/riscv_multilib/lib/gcc/riscv32-unknown-elf/8.3.0/rv32im/ilp32/libgcc.a(eqtf2.o)
                0x0000000000028b04                __eqtf2
                0x0000000000028b04                __netf2
 .text          0x0000000000028bd0      0x144 /opt/riscv/riscv_multilib/lib/gcc/riscv32-unknown-elf/8.3.0/rv32im/ilp32/libgcc.a(getf2.o)
                0x0000000000028bd0                __getf2
                0x0000000000028bd0                __gttf2
 .text          0x0000000000028d14      0x144 /opt/riscv/riscv_multilib/lib/gcc/riscv32-unknown-elf/8.3.0/rv32im/ilp32/libgcc.a(letf2.o)
                0x0000000000028d14                __letf2
                0x0000000000028d14                __lttf2
 .text          0x0000000000028e58     0x1008 /opt/riscv/riscv_multilib/lib/gcc/riscv32-unknown-elf/8.3.0/rv32im/ilp32/libgcc.a(multf3.o)
                0x0000000000028e58                __multf3
 .text          0x0000000000029e60     0x1520 /opt/riscv/riscv_multilib/lib/gcc/riscv32-unknown-elf/8.3.0/rv32im/ilp32/libgcc.a(subtf3.o)
                0x0000000000029e60                __subtf3
 .text          0x000000000002b380      0x150 /opt/riscv/riscv_multilib/lib/gcc/riscv32-unknown-elf/8.3.0/rv32im/ilp32/libgcc.a(fixtfsi.o)
                0x000000000002b380                __fixtfsi
 .text          0x000000000002b4d0      0x188 /opt/riscv/riscv_multilib/lib/gcc/riscv32-unknown-elf/8.3.0/rv32im/ilp32/libgcc.a(floatsitf.o)
                0x000000000002b4d0                __floatsitf
 .text          0x000000000002b658      0x20c /opt/riscv/riscv_multilib/lib/gcc/riscv32-unknown-elf/8.3.0/rv32im/ilp32/libgcc.a(extenddftf2.o)
                0x000000000002b658                __extenddftf2
 .text          0x000000000002b864      0x334 /opt/riscv/riscv_multilib/lib/gcc/riscv32-unknown-elf/8.3.0/rv32im/ilp32/libgcc.a(trunctfdf2.o)
                0x000000000002b864                __trunctfdf2
 .text          0x000000000002bb98        0x0 /opt/riscv/riscv_multilib/lib/gcc/riscv32-unknown-elf/8.3.0/rv32im/ilp32/libgcc.a(_clz.o)
 .text          0x000000000002bb98       0x4c /opt/riscv/riscv_multilib/lib/gcc/riscv32-unknown-elf/8.3.0/rv32im/ilp32/libgcc.a(_clzsi2.o)
                0x000000000002bb98                __clzsi2
 .text          0x000000000002bbe4        0x0 /opt/riscv/riscv_multilib/lib/gcc/riscv32-unknown-elf/8.3.0/rv32im/ilp32/crtend.o
 *(.gnu.warning)

.fini
 *(SORT_NONE(.fini))
                [!provide]                        PROVIDE (__etext = .)
                [!provide]                        PROVIDE (_etext = .)
                [!provide]                        PROVIDE (etext = .)

.rodata         0x000000000002bbe8      0xe9c
 *(.rodata .rodata.* .gnu.linkonce.r.*)
 .rodata        0x000000000002bbe8      0x1b3 ./obj/SPIKE_My_JPEG.o
 *fill*         0x000000000002bd9b        0x1 
 .rodata.str1.4
                0x000000000002bd9c        0x2 /opt/riscv/riscv_multilib/lib/gcc/riscv32-unknown-elf/8.3.0/../../../../riscv32-unknown-elf/lib/rv32im/ilp32/libc.a(lib_a-puts.o)
 *fill*         0x000000000002bd9e        0x2 
 .rodata        0x000000000002bda0      0x18c /opt/riscv/riscv_multilib/lib/gcc/riscv32-unknown-elf/8.3.0/../../../../riscv32-unknown-elf/lib/rv32im/ilp32/libc.a(lib_a-vfprintf.o)
 .rodata.str1.4
                0x000000000002bf2c       0x42 /opt/riscv/riscv_multilib/lib/gcc/riscv32-unknown-elf/8.3.0/../../../../riscv32-unknown-elf/lib/rv32im/ilp32/libc.a(lib_a-vfprintf.o)
 *fill*         0x000000000002bf6e        0x2 
 .rodata        0x000000000002bf70      0x252 /opt/riscv/riscv_multilib/lib/gcc/riscv32-unknown-elf/8.3.0/../../../../riscv32-unknown-elf/lib/rv32im/ilp32/libc.a(lib_a-ldtoa.o)
 *fill*         0x000000000002c1c2        0x2 
 .rodata.str1.4
                0x000000000002c1c4       0x28 /opt/riscv/riscv_multilib/lib/gcc/riscv32-unknown-elf/8.3.0/../../../../riscv32-unknown-elf/lib/rv32im/ilp32/libc.a(lib_a-ldtoa.o)
 *fill*         0x000000000002c1ec        0x4 
 .rodata        0x000000000002c1f0      0x128 /opt/riscv/riscv_multilib/lib/gcc/riscv32-unknown-elf/8.3.0/../../../../riscv32-unknown-elf/lib/rv32im/ilp32/libc.a(lib_a-mprec.o)
                0x000000000002c200                __mprec_tens
                0x000000000002c2c8                __mprec_tinytens
                0x000000000002c2f0                __mprec_bigtens
 .rodata        0x000000000002c318      0x18c /opt/riscv/riscv_multilib/lib/gcc/riscv32-unknown-elf/8.3.0/../../../../riscv32-unknown-elf/lib/rv32im/ilp32/libc.a(lib_a-svfprintf.o)
 .rodata.str1.4
                0x000000000002c4a4       0x42 /opt/riscv/riscv_multilib/lib/gcc/riscv32-unknown-elf/8.3.0/../../../../riscv32-unknown-elf/lib/rv32im/ilp32/libc.a(lib_a-svfprintf.o)
 .rodata        0x000000000002c4a4      0x18c /opt/riscv/riscv_multilib/lib/gcc/riscv32-unknown-elf/8.3.0/../../../../riscv32-unknown-elf/lib/rv32im/ilp32/libc.a(lib_a-vfiprintf.o)
 .rodata.str1.4
                0x000000000002c630       0x2f /opt/riscv/riscv_multilib/lib/gcc/riscv32-unknown-elf/8.3.0/../../../../riscv32-unknown-elf/lib/rv32im/ilp32/libc.a(lib_a-vfiprintf.o)
 .rodata.str1.4
                0x000000000002c630       0x10 /opt/riscv/riscv_multilib/lib/gcc/riscv32-unknown-elf/8.3.0/../../../../riscv32-unknown-elf/lib/rv32im/ilp32/libc.a(lib_a-locale.o)
                                         0x12 (size before relaxing)
 .rodata        0x000000000002c640      0x18c /opt/riscv/riscv_multilib/lib/gcc/riscv32-unknown-elf/8.3.0/../../../../riscv32-unknown-elf/lib/rv32im/ilp32/libc.a(lib_a-svfiprintf.o)
 .rodata.str1.4
                0x000000000002c7cc       0x2f /opt/riscv/riscv_multilib/lib/gcc/riscv32-unknown-elf/8.3.0/../../../../riscv32-unknown-elf/lib/rv32im/ilp32/libc.a(lib_a-svfiprintf.o)
 .rodata        0x000000000002c7cc      0x101 /opt/riscv/riscv_multilib/lib/gcc/riscv32-unknown-elf/8.3.0/../../../../riscv32-unknown-elf/lib/rv32im/ilp32/libc.a(lib_a-ctype_.o)
                0x000000000002c7cc                _ctype_
 *fill*         0x000000000002c8cd        0x3 
 .rodata        0x000000000002c8d0       0x3c /opt/riscv/riscv_multilib/lib/gcc/riscv32-unknown-elf/8.3.0/rv32im/ilp32/libgcc.a(divdf3.o)
 .rodata        0x000000000002c90c       0x3c /opt/riscv/riscv_multilib/lib/gcc/riscv32-unknown-elf/8.3.0/rv32im/ilp32/libgcc.a(muldf3.o)
 .rodata        0x000000000002c948       0x3c /opt/riscv/riscv_multilib/lib/gcc/riscv32-unknown-elf/8.3.0/rv32im/ilp32/libgcc.a(multf3.o)
 .rodata        0x000000000002c984      0x100 /opt/riscv/riscv_multilib/lib/gcc/riscv32-unknown-elf/8.3.0/rv32im/ilp32/libgcc.a(_clz.o)
                0x000000000002c984                __clz_tab

.rodata1
 *(.rodata1)

.sdata2
 *(.sdata2 .sdata2.* .gnu.linkonce.s2.*)

.sbss2
 *(.sbss2 .sbss2.* .gnu.linkonce.sb2.*)

.eh_frame_hdr
 *(.eh_frame_hdr)
 *(.eh_frame_entry .eh_frame_entry.*)

.eh_frame
 *(.eh_frame)
 *(.eh_frame.*)

.gcc_except_table
 *(.gcc_except_table .gcc_except_table.*)

.gnu_extab
 *(.gnu_extab*)

.exception_ranges
 *(.exception_ranges*)
                0x000000000002d000                . = DATA_SEGMENT_ALIGN (CONSTANT (MAXPAGESIZE), CONSTANT (COMMONPAGESIZE))

.eh_frame       0x000000000002d000       0x40
 *(.eh_frame)
 .eh_frame      0x000000000002d000        0x0 /opt/riscv/riscv_multilib/lib/gcc/riscv32-unknown-elf/8.3.0/rv32im/ilp32/crtbegin.o
 .eh_frame      0x000000000002d000       0x28 /opt/riscv/riscv_multilib/lib/gcc/riscv32-unknown-elf/8.3.0/rv32im/ilp32/libgcc.a(_udivdi3.o)
 .eh_frame      0x000000000002d028       0x14 /opt/riscv/riscv_multilib/lib/gcc/riscv32-unknown-elf/8.3.0/rv32im/ilp32/libgcc.a(_umoddi3.o)
                                         0x28 (size before relaxing)
 .eh_frame      0x000000000002d03c        0x4 /opt/riscv/riscv_multilib/lib/gcc/riscv32-unknown-elf/8.3.0/rv32im/ilp32/crtend.o
 *(.eh_frame.*)

.gnu_extab
 *(.gnu_extab)

.gcc_except_table
 *(.gcc_except_table .gcc_except_table.*)

.exception_ranges
 *(.exception_ranges*)

.tdata          0x000000000002d040        0x0
                [!provide]                        PROVIDE (__tdata_start = .)
 *(.tdata .tdata.* .gnu.linkonce.td.*)

.tbss
 *(.tbss .tbss.* .gnu.linkonce.tb.*)
 *(.tcommon)

.preinit_array  0x000000000002d040        0x0
                0x000000000002d040                PROVIDE (__preinit_array_start = .)
 *(.preinit_array)
                0x000000000002d040                PROVIDE (__preinit_array_end = .)

.init_array     0x000000000002d040        0x8
                0x000000000002d040                PROVIDE (__init_array_start = .)
 *(SORT_BY_INIT_PRIORITY(.init_array.*) SORT_BY_INIT_PRIORITY(.ctors.*))
 .init_array.00000
                0x000000000002d040        0x4 /opt/riscv/riscv_multilib/lib/gcc/riscv32-unknown-elf/8.3.0/../../../../riscv32-unknown-elf/lib/rv32im/ilp32/libc.a(lib_a-__call_atexit.o)
 *(.init_array EXCLUDE_FILE(*crtend?.o *crtend.o *crtbegin?.o *crtbegin.o) .ctors)
 .init_array    0x000000000002d044        0x4 /opt/riscv/riscv_multilib/lib/gcc/riscv32-unknown-elf/8.3.0/rv32im/ilp32/crtbegin.o
                0x000000000002d048                PROVIDE (__init_array_end = .)

.fini_array     0x000000000002d048        0x4
                0x000000000002d048                PROVIDE (__fini_array_start = .)
 *(SORT_BY_INIT_PRIORITY(.fini_array.*) SORT_BY_INIT_PRIORITY(.dtors.*))
 *(.fini_array EXCLUDE_FILE(*crtend?.o *crtend.o *crtbegin?.o *crtbegin.o) .dtors)
 .fini_array    0x000000000002d048        0x4 /opt/riscv/riscv_multilib/lib/gcc/riscv32-unknown-elf/8.3.0/rv32im/ilp32/crtbegin.o
                0x000000000002d04c                PROVIDE (__fini_array_end = .)

.ctors
 *crtbegin.o(.ctors)
 *crtbegin?.o(.ctors)
 *(EXCLUDE_FILE(*crtend?.o *crtend.o) .ctors)
 *(SORT_BY_NAME(.ctors.*))
 *(.ctors)

.dtors
 *crtbegin.o(.dtors)
 *crtbegin?.o(.dtors)
 *(EXCLUDE_FILE(*crtend?.o *crtend.o) .dtors)
 *(SORT_BY_NAME(.dtors.*))
 *(.dtors)

.jcr
 *(.jcr)

.data.rel.ro
 *(.data.rel.ro.local* .gnu.linkonce.d.rel.ro.local.*)
 *(.data.rel.ro .data.rel.ro.* .gnu.linkonce.d.rel.ro.*)

.dynamic
 *(.dynamic)
                0x000000000002d04c                . = DATA_SEGMENT_RELRO_END (., 0x0)

.data           0x000000000002d050    0x10c8c
                0x000000000002d050                __DATA_BEGIN__ = .
 *(.data .data.* .gnu.linkonce.d.*)
 .data          0x000000000002d050        0x0 /opt/riscv/riscv_multilib/lib/gcc/riscv32-unknown-elf/8.3.0/../../../../riscv32-unknown-elf/lib/rv32im/ilp32/crt0.o
 .data          0x000000000002d050        0x0 /opt/riscv/riscv_multilib/lib/gcc/riscv32-unknown-elf/8.3.0/rv32im/ilp32/crtbegin.o
 .data          0x000000000002d050    0x102f0 ./obj/SPIKE_My_JPEG.o
                0x000000000002d050                image_src_buf
 .data          0x000000000003d340        0x0 /opt/riscv/riscv_multilib/lib/gcc/riscv32-unknown-elf/8.3.0/../../../../riscv32-unknown-elf/lib/rv32im/ilp32/libc.a(lib_a-exit.o)
 .data          0x000000000003d340        0x0 /opt/riscv/riscv_multilib/lib/gcc/riscv32-unknown-elf/8.3.0/../../../../riscv32-unknown-elf/lib/rv32im/ilp32/libc.a(lib_a-fclose.o)
 .data          0x000000000003d340        0x0 /opt/riscv/riscv_multilib/lib/gcc/riscv32-unknown-elf/8.3.0/../../../../riscv32-unknown-elf/lib/rv32im/ilp32/libc.a(lib_a-fflush.o)
 .data          0x000000000003d340        0x0 /opt/riscv/riscv_multilib/lib/gcc/riscv32-unknown-elf/8.3.0/../../../../riscv32-unknown-elf/lib/rv32im/ilp32/libc.a(lib_a-findfp.o)
 .data          0x000000000003d340        0x0 /opt/riscv/riscv_multilib/lib/gcc/riscv32-unknown-elf/8.3.0/../../../../riscv32-unknown-elf/lib/rv32im/ilp32/libc.a(lib_a-fopen.o)
 .data          0x000000000003d340        0x0 /opt/riscv/riscv_multilib/lib/gcc/riscv32-unknown-elf/8.3.0/../../../../riscv32-unknown-elf/lib/rv32im/ilp32/libc.a(lib_a-freer.o)
 .data          0x000000000003d340        0x0 /opt/riscv/riscv_multilib/lib/gcc/riscv32-unknown-elf/8.3.0/../../../../riscv32-unknown-elf/lib/rv32im/ilp32/libc.a(lib_a-fseek.o)
 .data          0x000000000003d340        0x0 /opt/riscv/riscv_multilib/lib/gcc/riscv32-unknown-elf/8.3.0/../../../../riscv32-unknown-elf/lib/rv32im/ilp32/libc.a(lib_a-fseeko.o)
 .data          0x000000000003d340        0x0 /opt/riscv/riscv_multilib/lib/gcc/riscv32-unknown-elf/8.3.0/../../../../riscv32-unknown-elf/lib/rv32im/ilp32/libc.a(lib_a-fstatr.o)
 .data          0x000000000003d340        0x0 /opt/riscv/riscv_multilib/lib/gcc/riscv32-unknown-elf/8.3.0/../../../../riscv32-unknown-elf/lib/rv32im/ilp32/libc.a(lib_a-fwalk.o)
 .data          0x000000000003d340        0x0 /opt/riscv/riscv_multilib/lib/gcc/riscv32-unknown-elf/8.3.0/../../../../riscv32-unknown-elf/lib/rv32im/ilp32/libc.a(lib_a-fwrite.o)
 .data          0x000000000003d340      0x428 /opt/riscv/riscv_multilib/lib/gcc/riscv32-unknown-elf/8.3.0/../../../../riscv32-unknown-elf/lib/rv32im/ilp32/libc.a(lib_a-impure.o)
 .data          0x000000000003d768        0x0 /opt/riscv/riscv_multilib/lib/gcc/riscv32-unknown-elf/8.3.0/../../../../riscv32-unknown-elf/lib/rv32im/ilp32/libc.a(lib_a-init.o)
 .data          0x000000000003d768        0x0 /opt/riscv/riscv_multilib/lib/gcc/riscv32-unknown-elf/8.3.0/../../../../riscv32-unknown-elf/lib/rv32im/ilp32/libc.a(lib_a-makebuf.o)
 .data          0x000000000003d768      0x408 /opt/riscv/riscv_multilib/lib/gcc/riscv32-unknown-elf/8.3.0/../../../../riscv32-unknown-elf/lib/rv32im/ilp32/libc.a(lib_a-mallocr.o)
                0x000000000003d768                __malloc_av_
 .data          0x000000000003db70        0x0 /opt/riscv/riscv_multilib/lib/gcc/riscv32-unknown-elf/8.3.0/../../../../riscv32-unknown-elf/lib/rv32im/ilp32/libc.a(lib_a-memset.o)
 .data          0x000000000003db70        0x0 /opt/riscv/riscv_multilib/lib/gcc/riscv32-unknown-elf/8.3.0/../../../../riscv32-unknown-elf/lib/rv32im/ilp32/libc.a(lib_a-mlock.o)
 .data          0x000000000003db70        0x0 /opt/riscv/riscv_multilib/lib/gcc/riscv32-unknown-elf/8.3.0/../../../../riscv32-unknown-elf/lib/rv32im/ilp32/libc.a(lib_a-openr.o)
 .data          0x000000000003db70        0x0 /opt/riscv/riscv_multilib/lib/gcc/riscv32-unknown-elf/8.3.0/../../../../riscv32-unknown-elf/lib/rv32im/ilp32/libc.a(lib_a-printf.o)
 .data          0x000000000003db70        0x0 /opt/riscv/riscv_multilib/lib/gcc/riscv32-unknown-elf/8.3.0/../../../../riscv32-unknown-elf/lib/rv32im/ilp32/libc.a(lib_a-puts.o)
 .data          0x000000000003db70        0x0 /opt/riscv/riscv_multilib/lib/gcc/riscv32-unknown-elf/8.3.0/../../../../riscv32-unknown-elf/lib/rv32im/ilp32/libc.a(lib_a-reent.o)
 .data          0x000000000003db70        0x0 /opt/riscv/riscv_multilib/lib/gcc/riscv32-unknown-elf/8.3.0/../../../../riscv32-unknown-elf/lib/rv32im/ilp32/libc.a(lib_a-refill.o)
 .data          0x000000000003db70        0x0 /opt/riscv/riscv_multilib/lib/gcc/riscv32-unknown-elf/8.3.0/../../../../riscv32-unknown-elf/lib/rv32im/ilp32/libc.a(lib_a-sbrkr.o)
 .data          0x000000000003db70        0x0 /opt/riscv/riscv_multilib/lib/gcc/riscv32-unknown-elf/8.3.0/../../../../riscv32-unknown-elf/lib/rv32im/ilp32/libc.a(lib_a-stdio.o)
 .data          0x000000000003db70        0x0 /opt/riscv/riscv_multilib/lib/gcc/riscv32-unknown-elf/8.3.0/../../../../riscv32-unknown-elf/lib/rv32im/ilp32/libc.a(lib_a-strlen.o)
 .data          0x000000000003db70        0x0 /opt/riscv/riscv_multilib/lib/gcc/riscv32-unknown-elf/8.3.0/../../../../riscv32-unknown-elf/lib/rv32im/ilp32/libc.a(lib_a-vfprintf.o)
 .data          0x000000000003db70        0x0 /opt/riscv/riscv_multilib/lib/gcc/riscv32-unknown-elf/8.3.0/../../../../riscv32-unknown-elf/lib/rv32im/ilp32/libc.a(lib_a-writer.o)
 .data          0x000000000003db70        0x0 /opt/riscv/riscv_multilib/lib/gcc/riscv32-unknown-elf/8.3.0/../../../../riscv32-unknown-elf/lib/rv32im/ilp32/libc.a(lib_a-wsetup.o)
 .data          0x000000000003db70        0x0 /opt/riscv/riscv_multilib/lib/gcc/riscv32-unknown-elf/8.3.0/../../../../riscv32-unknown-elf/lib/rv32im/ilp32/libc.a(lib_a-__call_atexit.o)
 .data          0x000000000003db70        0x0 /opt/riscv/riscv_multilib/lib/gcc/riscv32-unknown-elf/8.3.0/../../../../riscv32-unknown-elf/lib/rv32im/ilp32/libc.a(lib_a-atexit.o)
 .data          0x000000000003db70        0x0 /opt/riscv/riscv_multilib/lib/gcc/riscv32-unknown-elf/8.3.0/../../../../riscv32-unknown-elf/lib/rv32im/ilp32/libc.a(lib_a-closer.o)
 .data          0x000000000003db70        0x0 /opt/riscv/riscv_multilib/lib/gcc/riscv32-unknown-elf/8.3.0/../../../../riscv32-unknown-elf/lib/rv32im/ilp32/libc.a(lib_a-fini.o)
 .data          0x000000000003db70        0x0 /opt/riscv/riscv_multilib/lib/gcc/riscv32-unknown-elf/8.3.0/../../../../riscv32-unknown-elf/lib/rv32im/ilp32/libc.a(lib_a-flags.o)
 .data          0x000000000003db70        0x0 /opt/riscv/riscv_multilib/lib/gcc/riscv32-unknown-elf/8.3.0/../../../../riscv32-unknown-elf/lib/rv32im/ilp32/libc.a(lib_a-fvwrite.o)
 .data          0x000000000003db70        0x0 /opt/riscv/riscv_multilib/lib/gcc/riscv32-unknown-elf/8.3.0/../../../../riscv32-unknown-elf/lib/rv32im/ilp32/libc.a(lib_a-isattyr.o)
 .data          0x000000000003db70        0x0 /opt/riscv/riscv_multilib/lib/gcc/riscv32-unknown-elf/8.3.0/../../../../riscv32-unknown-elf/lib/rv32im/ilp32/libc.a(lib_a-ldtoa.o)
 .data          0x000000000003db70        0x0 /opt/riscv/riscv_multilib/lib/gcc/riscv32-unknown-elf/8.3.0/../../../../riscv32-unknown-elf/lib/rv32im/ilp32/libc.a(lib_a-localeconv.o)
 .data          0x000000000003db70        0x0 /opt/riscv/riscv_multilib/lib/gcc/riscv32-unknown-elf/8.3.0/../../../../riscv32-unknown-elf/lib/rv32im/ilp32/libc.a(lib_a-lseekr.o)
 .data          0x000000000003db70        0x0 /opt/riscv/riscv_multilib/lib/gcc/riscv32-unknown-elf/8.3.0/../../../../riscv32-unknown-elf/lib/rv32im/ilp32/libc.a(lib_a-memchr.o)
 .data          0x000000000003db70        0x0 /opt/riscv/riscv_multilib/lib/gcc/riscv32-unknown-elf/8.3.0/../../../../riscv32-unknown-elf/lib/rv32im/ilp32/libc.a(lib_a-memcpy.o)
 .data          0x000000000003db70        0x0 /opt/riscv/riscv_multilib/lib/gcc/riscv32-unknown-elf/8.3.0/../../../../riscv32-unknown-elf/lib/rv32im/ilp32/libc.a(lib_a-memmove-stub.o)
 .data          0x000000000003db70        0x0 /opt/riscv/riscv_multilib/lib/gcc/riscv32-unknown-elf/8.3.0/../../../../riscv32-unknown-elf/lib/rv32im/ilp32/libc.a(lib_a-mprec.o)
 .data          0x000000000003db70        0x0 /opt/riscv/riscv_multilib/lib/gcc/riscv32-unknown-elf/8.3.0/../../../../riscv32-unknown-elf/lib/rv32im/ilp32/libc.a(lib_a-readr.o)
 .data          0x000000000003db70        0x0 /opt/riscv/riscv_multilib/lib/gcc/riscv32-unknown-elf/8.3.0/../../../../riscv32-unknown-elf/lib/rv32im/ilp32/libc.a(lib_a-reallocr.o)
 .data          0x000000000003db70        0x0 /opt/riscv/riscv_multilib/lib/gcc/riscv32-unknown-elf/8.3.0/../../../../riscv32-unknown-elf/lib/rv32im/ilp32/libc.a(lib_a-s_frexp.o)
 .data          0x000000000003db70        0x0 /opt/riscv/riscv_multilib/lib/gcc/riscv32-unknown-elf/8.3.0/../../../../riscv32-unknown-elf/lib/rv32im/ilp32/libc.a(lib_a-sprintf.o)
 .data          0x000000000003db70        0x0 /opt/riscv/riscv_multilib/lib/gcc/riscv32-unknown-elf/8.3.0/../../../../riscv32-unknown-elf/lib/rv32im/ilp32/libc.a(lib_a-strcpy.o)
 .data          0x000000000003db70        0x0 /opt/riscv/riscv_multilib/lib/gcc/riscv32-unknown-elf/8.3.0/../../../../riscv32-unknown-elf/lib/rv32im/ilp32/libc.a(lib_a-strncpy.o)
 .data          0x000000000003db70        0x0 /opt/riscv/riscv_multilib/lib/gcc/riscv32-unknown-elf/8.3.0/../../../../riscv32-unknown-elf/lib/rv32im/ilp32/libc.a(lib_a-svfprintf.o)
 .data          0x000000000003db70        0x0 /opt/riscv/riscv_multilib/lib/gcc/riscv32-unknown-elf/8.3.0/../../../../riscv32-unknown-elf/lib/rv32im/ilp32/libc.a(lib_a-vfiprintf.o)
 .data          0x000000000003db70        0x0 /opt/riscv/riscv_multilib/lib/gcc/riscv32-unknown-elf/8.3.0/../../../../riscv32-unknown-elf/lib/rv32im/ilp32/libc.a(lib_a-__atexit.o)
 .data          0x000000000003db70        0x0 /opt/riscv/riscv_multilib/lib/gcc/riscv32-unknown-elf/8.3.0/../../../../riscv32-unknown-elf/lib/rv32im/ilp32/libc.a(lib_a-callocr.o)
 .data          0x000000000003db70        0x0 /opt/riscv/riscv_multilib/lib/gcc/riscv32-unknown-elf/8.3.0/../../../../riscv32-unknown-elf/lib/rv32im/ilp32/libc.a(lib_a-fputwc.o)
 .data          0x000000000003db70      0x16c /opt/riscv/riscv_multilib/lib/gcc/riscv32-unknown-elf/8.3.0/../../../../riscv32-unknown-elf/lib/rv32im/ilp32/libc.a(lib_a-locale.o)
                0x000000000003db70                __global_locale
 .data          0x000000000003dcdc        0x0 /opt/riscv/riscv_multilib/lib/gcc/riscv32-unknown-elf/8.3.0/../../../../riscv32-unknown-elf/lib/rv32im/ilp32/libc.a(lib_a-mbtowc_r.o)
 .data          0x000000000003dcdc        0x0 /opt/riscv/riscv_multilib/lib/gcc/riscv32-unknown-elf/8.3.0/../../../../riscv32-unknown-elf/lib/rv32im/ilp32/libc.a(lib_a-strcmp.o)
 .data          0x000000000003dcdc        0x0 /opt/riscv/riscv_multilib/lib/gcc/riscv32-unknown-elf/8.3.0/../../../../riscv32-unknown-elf/lib/rv32im/ilp32/libc.a(lib_a-svfiprintf.o)
 .data          0x000000000003dcdc        0x0 /opt/riscv/riscv_multilib/lib/gcc/riscv32-unknown-elf/8.3.0/../../../../riscv32-unknown-elf/lib/rv32im/ilp32/libc.a(lib_a-wbuf.o)
 .data          0x000000000003dcdc        0x0 /opt/riscv/riscv_multilib/lib/gcc/riscv32-unknown-elf/8.3.0/../../../../riscv32-unknown-elf/lib/rv32im/ilp32/libc.a(lib_a-wcrtomb.o)
 .data          0x000000000003dcdc        0x0 /opt/riscv/riscv_multilib/lib/gcc/riscv32-unknown-elf/8.3.0/../../../../riscv32-unknown-elf/lib/rv32im/ilp32/libc.a(lib_a-wctomb_r.o)
 .data          0x000000000003dcdc        0x0 /opt/riscv/riscv_multilib/lib/gcc/riscv32-unknown-elf/8.3.0/../../../../riscv32-unknown-elf/lib/rv32im/ilp32/libc.a(lib_a-ctype_.o)
 .data          0x000000000003dcdc        0x0 /opt/riscv/riscv_multilib/lib/gcc/riscv32-unknown-elf/8.3.0/../../../../riscv32-unknown-elf/lib/rv32im/ilp32/libgloss.a(sys_close.o)
 .data          0x000000000003dcdc        0x0 /opt/riscv/riscv_multilib/lib/gcc/riscv32-unknown-elf/8.3.0/../../../../riscv32-unknown-elf/lib/rv32im/ilp32/libgloss.a(sys_exit.o)
 .data          0x000000000003dcdc        0x0 /opt/riscv/riscv_multilib/lib/gcc/riscv32-unknown-elf/8.3.0/../../../../riscv32-unknown-elf/lib/rv32im/ilp32/libgloss.a(sys_fstat.o)
 .data          0x000000000003dcdc        0x0 /opt/riscv/riscv_multilib/lib/gcc/riscv32-unknown-elf/8.3.0/../../../../riscv32-unknown-elf/lib/rv32im/ilp32/libgloss.a(sys_isatty.o)
 .data          0x000000000003dcdc        0x0 /opt/riscv/riscv_multilib/lib/gcc/riscv32-unknown-elf/8.3.0/../../../../riscv32-unknown-elf/lib/rv32im/ilp32/libgloss.a(sys_lseek.o)
 .data          0x000000000003dcdc        0x0 /opt/riscv/riscv_multilib/lib/gcc/riscv32-unknown-elf/8.3.0/../../../../riscv32-unknown-elf/lib/rv32im/ilp32/libgloss.a(sys_open.o)
 .data          0x000000000003dcdc        0x0 /opt/riscv/riscv_multilib/lib/gcc/riscv32-unknown-elf/8.3.0/../../../../riscv32-unknown-elf/lib/rv32im/ilp32/libgloss.a(sys_read.o)
 .data          0x000000000003dcdc        0x0 /opt/riscv/riscv_multilib/lib/gcc/riscv32-unknown-elf/8.3.0/../../../../riscv32-unknown-elf/lib/rv32im/ilp32/libgloss.a(sys_sbrk.o)
 .data          0x000000000003dcdc        0x0 /opt/riscv/riscv_multilib/lib/gcc/riscv32-unknown-elf/8.3.0/../../../../riscv32-unknown-elf/lib/rv32im/ilp32/libgloss.a(sys_write.o)
 .data          0x000000000003dcdc        0x0 /opt/riscv/riscv_multilib/lib/gcc/riscv32-unknown-elf/8.3.0/../../../../riscv32-unknown-elf/lib/rv32im/ilp32/libgloss.a(sys_conv_stat.o)
 .data          0x000000000003dcdc        0x0 /opt/riscv/riscv_multilib/lib/gcc/riscv32-unknown-elf/8.3.0/../../../../riscv32-unknown-elf/lib/rv32im/ilp32/libc.a(lib_a-errno.o)
 .data          0x000000000003dcdc        0x0 /opt/riscv/riscv_multilib/lib/gcc/riscv32-unknown-elf/8.3.0/rv32im/ilp32/libgcc.a(_udivdi3.o)
 .data          0x000000000003dcdc        0x0 /opt/riscv/riscv_multilib/lib/gcc/riscv32-unknown-elf/8.3.0/rv32im/ilp32/libgcc.a(_umoddi3.o)
 .data          0x000000000003dcdc        0x0 /opt/riscv/riscv_multilib/lib/gcc/riscv32-unknown-elf/8.3.0/rv32im/ilp32/libgcc.a(divdf3.o)
 .data          0x000000000003dcdc        0x0 /opt/riscv/riscv_multilib/lib/gcc/riscv32-unknown-elf/8.3.0/rv32im/ilp32/libgcc.a(muldf3.o)
 .data          0x000000000003dcdc        0x0 /opt/riscv/riscv_multilib/lib/gcc/riscv32-unknown-elf/8.3.0/rv32im/ilp32/libgcc.a(eqtf2.o)
 .data          0x000000000003dcdc        0x0 /opt/riscv/riscv_multilib/lib/gcc/riscv32-unknown-elf/8.3.0/rv32im/ilp32/libgcc.a(getf2.o)
 .data          0x000000000003dcdc        0x0 /opt/riscv/riscv_multilib/lib/gcc/riscv32-unknown-elf/8.3.0/rv32im/ilp32/libgcc.a(letf2.o)
 .data          0x000000000003dcdc        0x0 /opt/riscv/riscv_multilib/lib/gcc/riscv32-unknown-elf/8.3.0/rv32im/ilp32/libgcc.a(multf3.o)
 .data          0x000000000003dcdc        0x0 /opt/riscv/riscv_multilib/lib/gcc/riscv32-unknown-elf/8.3.0/rv32im/ilp32/libgcc.a(subtf3.o)
 .data          0x000000000003dcdc        0x0 /opt/riscv/riscv_multilib/lib/gcc/riscv32-unknown-elf/8.3.0/rv32im/ilp32/libgcc.a(fixtfsi.o)
 .data          0x000000000003dcdc        0x0 /opt/riscv/riscv_multilib/lib/gcc/riscv32-unknown-elf/8.3.0/rv32im/ilp32/libgcc.a(floatsitf.o)
 .data          0x000000000003dcdc        0x0 /opt/riscv/riscv_multilib/lib/gcc/riscv32-unknown-elf/8.3.0/rv32im/ilp32/libgcc.a(extenddftf2.o)
 .data          0x000000000003dcdc        0x0 /opt/riscv/riscv_multilib/lib/gcc/riscv32-unknown-elf/8.3.0/rv32im/ilp32/libgcc.a(trunctfdf2.o)
 .data          0x000000000003dcdc        0x0 /opt/riscv/riscv_multilib/lib/gcc/riscv32-unknown-elf/8.3.0/rv32im/ilp32/libgcc.a(_clz.o)
 .data          0x000000000003dcdc        0x0 /opt/riscv/riscv_multilib/lib/gcc/riscv32-unknown-elf/8.3.0/rv32im/ilp32/libgcc.a(_clzsi2.o)
 .data          0x000000000003dcdc        0x0 /opt/riscv/riscv_multilib/lib/gcc/riscv32-unknown-elf/8.3.0/rv32im/ilp32/crtend.o

.tm_clone_table
                0x000000000003dcdc        0x0
 .tm_clone_table
                0x000000000003dcdc        0x0 /opt/riscv/riscv_multilib/lib/gcc/riscv32-unknown-elf/8.3.0/rv32im/ilp32/crtbegin.o
 .tm_clone_table
                0x000000000003dcdc        0x0 /opt/riscv/riscv_multilib/lib/gcc/riscv32-unknown-elf/8.3.0/rv32im/ilp32/crtend.o

.data1
 *(.data1)

.got
 *(.got.plt)
 *(.igot.plt)
 *(.got)
 *(.igot)

.sdata          0x000000000003dce0       0x34
                0x000000000003dce0                __SDATA_BEGIN__ = .
 *(.srodata.cst16)
 *(.srodata.cst8)
 .srodata.cst8  0x000000000003dce0       0x10 /opt/riscv/riscv_multilib/lib/gcc/riscv32-unknown-elf/8.3.0/../../../../riscv32-unknown-elf/lib/rv32im/ilp32/libc.a(lib_a-mprec.o)
 .srodata.cst8  0x000000000003dcf0        0x8 /opt/riscv/riscv_multilib/lib/gcc/riscv32-unknown-elf/8.3.0/../../../../riscv32-unknown-elf/lib/rv32im/ilp32/libc.a(lib_a-s_frexp.o)
 *(.srodata.cst4)
 *(.srodata.cst2)
 *(.srodata .srodata.*)
 .srodata       0x000000000003dcf8        0x4 /opt/riscv/riscv_multilib/lib/gcc/riscv32-unknown-elf/8.3.0/../../../../riscv32-unknown-elf/lib/rv32im/ilp32/libc.a(lib_a-impure.o)
                0x000000000003dcf8                _global_impure_ptr
 *(.sdata .sdata.* .gnu.linkonce.s.*)
 .sdata         0x000000000003dcfc        0x4 /opt/riscv/riscv_multilib/lib/gcc/riscv32-unknown-elf/8.3.0/rv32im/ilp32/crtbegin.o
                0x000000000003dcfc                __dso_handle
 .sdata         0x000000000003dd00        0x8 ./obj/SPIKE_My_JPEG.o
 .sdata         0x000000000003dd08        0x4 /opt/riscv/riscv_multilib/lib/gcc/riscv32-unknown-elf/8.3.0/../../../../riscv32-unknown-elf/lib/rv32im/ilp32/libc.a(lib_a-impure.o)
                0x000000000003dd08                _impure_ptr
 .sdata         0x000000000003dd0c        0x8 /opt/riscv/riscv_multilib/lib/gcc/riscv32-unknown-elf/8.3.0/../../../../riscv32-unknown-elf/lib/rv32im/ilp32/libc.a(lib_a-mallocr.o)
                0x000000000003dd0c                __malloc_sbrk_base
                0x000000000003dd10                __malloc_trim_threshold
                0x000000000003dd14                _edata = .
                [!provide]                        PROVIDE (edata = .)
                0x000000000003dd14                . = .
                0x000000000003dd14                __bss_start = .

.sbss           0x000000000003dd14       0x14
 *(.dynsbss)
 *(.sbss .sbss.* .gnu.linkonce.sb.*)
 .sbss          0x000000000003dd14        0xc /opt/riscv/riscv_multilib/lib/gcc/riscv32-unknown-elf/8.3.0/../../../../riscv32-unknown-elf/lib/rv32im/ilp32/libc.a(lib_a-mallocr.o)
                0x000000000003dd14                __malloc_max_total_mem
                0x000000000003dd18                __malloc_max_sbrked_mem
                0x000000000003dd1c                __malloc_top_pad
 .sbss          0x000000000003dd20        0x4 /opt/riscv/riscv_multilib/lib/gcc/riscv32-unknown-elf/8.3.0/../../../../riscv32-unknown-elf/lib/rv32im/ilp32/libc.a(lib_a-locale.o)
                0x000000000003dd20                _PathLocale
 .sbss          0x000000000003dd24        0x4 /opt/riscv/riscv_multilib/lib/gcc/riscv32-unknown-elf/8.3.0/../../../../riscv32-unknown-elf/lib/rv32im/ilp32/libgloss.a(sys_sbrk.o)
 *(.scommon)

.bss            0x000000000003dd28   0x30bbf4
 *(.dynbss)
 *(.bss .bss.* .gnu.linkonce.b.*)
 .bss           0x000000000003dd28        0x0 /opt/riscv/riscv_multilib/lib/gcc/riscv32-unknown-elf/8.3.0/../../../../riscv32-unknown-elf/lib/rv32im/ilp32/crt0.o
 .bss           0x000000000003dd28       0x1c /opt/riscv/riscv_multilib/lib/gcc/riscv32-unknown-elf/8.3.0/rv32im/ilp32/crtbegin.o
 .bss           0x000000000003dd44     0x7b9c ./obj/SPIKE_My_JPEG.o
 .bss           0x00000000000458e0        0x0 /opt/riscv/riscv_multilib/lib/gcc/riscv32-unknown-elf/8.3.0/../../../../riscv32-unknown-elf/lib/rv32im/ilp32/libc.a(lib_a-exit.o)
 .bss           0x00000000000458e0        0x0 /opt/riscv/riscv_multilib/lib/gcc/riscv32-unknown-elf/8.3.0/../../../../riscv32-unknown-elf/lib/rv32im/ilp32/libc.a(lib_a-fclose.o)
 .bss           0x00000000000458e0        0x0 /opt/riscv/riscv_multilib/lib/gcc/riscv32-unknown-elf/8.3.0/../../../../riscv32-unknown-elf/lib/rv32im/ilp32/libc.a(lib_a-fflush.o)
 .bss           0x00000000000458e0        0x0 /opt/riscv/riscv_multilib/lib/gcc/riscv32-unknown-elf/8.3.0/../../../../riscv32-unknown-elf/lib/rv32im/ilp32/libc.a(lib_a-findfp.o)
 .bss           0x00000000000458e0        0x0 /opt/riscv/riscv_multilib/lib/gcc/riscv32-unknown-elf/8.3.0/../../../../riscv32-unknown-elf/lib/rv32im/ilp32/libc.a(lib_a-fopen.o)
 .bss           0x00000000000458e0        0x0 /opt/riscv/riscv_multilib/lib/gcc/riscv32-unknown-elf/8.3.0/../../../../riscv32-unknown-elf/lib/rv32im/ilp32/libc.a(lib_a-freer.o)
 .bss           0x00000000000458e0        0x0 /opt/riscv/riscv_multilib/lib/gcc/riscv32-unknown-elf/8.3.0/../../../../riscv32-unknown-elf/lib/rv32im/ilp32/libc.a(lib_a-fseek.o)
 .bss           0x00000000000458e0        0x0 /opt/riscv/riscv_multilib/lib/gcc/riscv32-unknown-elf/8.3.0/../../../../riscv32-unknown-elf/lib/rv32im/ilp32/libc.a(lib_a-fseeko.o)
 .bss           0x00000000000458e0        0x0 /opt/riscv/riscv_multilib/lib/gcc/riscv32-unknown-elf/8.3.0/../../../../riscv32-unknown-elf/lib/rv32im/ilp32/libc.a(lib_a-fstatr.o)
 .bss           0x00000000000458e0        0x0 /opt/riscv/riscv_multilib/lib/gcc/riscv32-unknown-elf/8.3.0/../../../../riscv32-unknown-elf/lib/rv32im/ilp32/libc.a(lib_a-fwalk.o)
 .bss           0x00000000000458e0        0x0 /opt/riscv/riscv_multilib/lib/gcc/riscv32-unknown-elf/8.3.0/../../../../riscv32-unknown-elf/lib/rv32im/ilp32/libc.a(lib_a-fwrite.o)
 .bss           0x00000000000458e0        0x0 /opt/riscv/riscv_multilib/lib/gcc/riscv32-unknown-elf/8.3.0/../../../../riscv32-unknown-elf/lib/rv32im/ilp32/libc.a(lib_a-impure.o)
 .bss           0x00000000000458e0        0x0 /opt/riscv/riscv_multilib/lib/gcc/riscv32-unknown-elf/8.3.0/../../../../riscv32-unknown-elf/lib/rv32im/ilp32/libc.a(lib_a-init.o)
 .bss           0x00000000000458e0        0x0 /opt/riscv/riscv_multilib/lib/gcc/riscv32-unknown-elf/8.3.0/../../../../riscv32-unknown-elf/lib/rv32im/ilp32/libc.a(lib_a-makebuf.o)
 .bss           0x00000000000458e0       0x28 /opt/riscv/riscv_multilib/lib/gcc/riscv32-unknown-elf/8.3.0/../../../../riscv32-unknown-elf/lib/rv32im/ilp32/libc.a(lib_a-mallocr.o)
                0x00000000000458e0                __malloc_current_mallinfo
 .bss           0x0000000000045908        0x0 /opt/riscv/riscv_multilib/lib/gcc/riscv32-unknown-elf/8.3.0/../../../../riscv32-unknown-elf/lib/rv32im/ilp32/libc.a(lib_a-memset.o)
 .bss           0x0000000000045908        0x0 /opt/riscv/riscv_multilib/lib/gcc/riscv32-unknown-elf/8.3.0/../../../../riscv32-unknown-elf/lib/rv32im/ilp32/libc.a(lib_a-mlock.o)
 .bss           0x0000000000045908        0x0 /opt/riscv/riscv_multilib/lib/gcc/riscv32-unknown-elf/8.3.0/../../../../riscv32-unknown-elf/lib/rv32im/ilp32/libc.a(lib_a-openr.o)
 .bss           0x0000000000045908        0x0 /opt/riscv/riscv_multilib/lib/gcc/riscv32-unknown-elf/8.3.0/../../../../riscv32-unknown-elf/lib/rv32im/ilp32/libc.a(lib_a-printf.o)
 .bss           0x0000000000045908        0x0 /opt/riscv/riscv_multilib/lib/gcc/riscv32-unknown-elf/8.3.0/../../../../riscv32-unknown-elf/lib/rv32im/ilp32/libc.a(lib_a-puts.o)
 .bss           0x0000000000045908        0x0 /opt/riscv/riscv_multilib/lib/gcc/riscv32-unknown-elf/8.3.0/../../../../riscv32-unknown-elf/lib/rv32im/ilp32/libc.a(lib_a-reent.o)
 .bss           0x0000000000045908        0x0 /opt/riscv/riscv_multilib/lib/gcc/riscv32-unknown-elf/8.3.0/../../../../riscv32-unknown-elf/lib/rv32im/ilp32/libc.a(lib_a-refill.o)
 .bss           0x0000000000045908        0x0 /opt/riscv/riscv_multilib/lib/gcc/riscv32-unknown-elf/8.3.0/../../../../riscv32-unknown-elf/lib/rv32im/ilp32/libc.a(lib_a-sbrkr.o)
 .bss           0x0000000000045908        0x0 /opt/riscv/riscv_multilib/lib/gcc/riscv32-unknown-elf/8.3.0/../../../../riscv32-unknown-elf/lib/rv32im/ilp32/libc.a(lib_a-stdio.o)
 .bss           0x0000000000045908        0x0 /opt/riscv/riscv_multilib/lib/gcc/riscv32-unknown-elf/8.3.0/../../../../riscv32-unknown-elf/lib/rv32im/ilp32/libc.a(lib_a-strlen.o)
 .bss           0x0000000000045908        0x0 /opt/riscv/riscv_multilib/lib/gcc/riscv32-unknown-elf/8.3.0/../../../../riscv32-unknown-elf/lib/rv32im/ilp32/libc.a(lib_a-vfprintf.o)
 .bss           0x0000000000045908        0x0 /opt/riscv/riscv_multilib/lib/gcc/riscv32-unknown-elf/8.3.0/../../../../riscv32-unknown-elf/lib/rv32im/ilp32/libc.a(lib_a-writer.o)
 .bss           0x0000000000045908        0x0 /opt/riscv/riscv_multilib/lib/gcc/riscv32-unknown-elf/8.3.0/../../../../riscv32-unknown-elf/lib/rv32im/ilp32/libc.a(lib_a-wsetup.o)
 .bss           0x0000000000045908        0x0 /opt/riscv/riscv_multilib/lib/gcc/riscv32-unknown-elf/8.3.0/../../../../riscv32-unknown-elf/lib/rv32im/ilp32/libc.a(lib_a-__call_atexit.o)
 .bss           0x0000000000045908        0x0 /opt/riscv/riscv_multilib/lib/gcc/riscv32-unknown-elf/8.3.0/../../../../riscv32-unknown-elf/lib/rv32im/ilp32/libc.a(lib_a-atexit.o)
 .bss           0x0000000000045908        0x0 /opt/riscv/riscv_multilib/lib/gcc/riscv32-unknown-elf/8.3.0/../../../../riscv32-unknown-elf/lib/rv32im/ilp32/libc.a(lib_a-closer.o)
 .bss           0x0000000000045908        0x0 /opt/riscv/riscv_multilib/lib/gcc/riscv32-unknown-elf/8.3.0/../../../../riscv32-unknown-elf/lib/rv32im/ilp32/libc.a(lib_a-fini.o)
 .bss           0x0000000000045908        0x0 /opt/riscv/riscv_multilib/lib/gcc/riscv32-unknown-elf/8.3.0/../../../../riscv32-unknown-elf/lib/rv32im/ilp32/libc.a(lib_a-flags.o)
 .bss           0x0000000000045908        0x0 /opt/riscv/riscv_multilib/lib/gcc/riscv32-unknown-elf/8.3.0/../../../../riscv32-unknown-elf/lib/rv32im/ilp32/libc.a(lib_a-fvwrite.o)
 .bss           0x0000000000045908        0x0 /opt/riscv/riscv_multilib/lib/gcc/riscv32-unknown-elf/8.3.0/../../../../riscv32-unknown-elf/lib/rv32im/ilp32/libc.a(lib_a-isattyr.o)
 .bss           0x0000000000045908        0x0 /opt/riscv/riscv_multilib/lib/gcc/riscv32-unknown-elf/8.3.0/../../../../riscv32-unknown-elf/lib/rv32im/ilp32/libc.a(lib_a-ldtoa.o)
 .bss           0x0000000000045908        0x0 /opt/riscv/riscv_multilib/lib/gcc/riscv32-unknown-elf/8.3.0/../../../../riscv32-unknown-elf/lib/rv32im/ilp32/libc.a(lib_a-localeconv.o)
 .bss           0x0000000000045908        0x0 /opt/riscv/riscv_multilib/lib/gcc/riscv32-unknown-elf/8.3.0/../../../../riscv32-unknown-elf/lib/rv32im/ilp32/libc.a(lib_a-lseekr.o)
 .bss           0x0000000000045908        0x0 /opt/riscv/riscv_multilib/lib/gcc/riscv32-unknown-elf/8.3.0/../../../../riscv32-unknown-elf/lib/rv32im/ilp32/libc.a(lib_a-memchr.o)
 .bss           0x0000000000045908        0x0 /opt/riscv/riscv_multilib/lib/gcc/riscv32-unknown-elf/8.3.0/../../../../riscv32-unknown-elf/lib/rv32im/ilp32/libc.a(lib_a-memcpy.o)
 .bss           0x0000000000045908        0x0 /opt/riscv/riscv_multilib/lib/gcc/riscv32-unknown-elf/8.3.0/../../../../riscv32-unknown-elf/lib/rv32im/ilp32/libc.a(lib_a-memmove-stub.o)
 .bss           0x0000000000045908        0x0 /opt/riscv/riscv_multilib/lib/gcc/riscv32-unknown-elf/8.3.0/../../../../riscv32-unknown-elf/lib/rv32im/ilp32/libc.a(lib_a-mprec.o)
 .bss           0x0000000000045908        0x0 /opt/riscv/riscv_multilib/lib/gcc/riscv32-unknown-elf/8.3.0/../../../../riscv32-unknown-elf/lib/rv32im/ilp32/libc.a(lib_a-readr.o)
 .bss           0x0000000000045908        0x0 /opt/riscv/riscv_multilib/lib/gcc/riscv32-unknown-elf/8.3.0/../../../../riscv32-unknown-elf/lib/rv32im/ilp32/libc.a(lib_a-reallocr.o)
 .bss           0x0000000000045908        0x0 /opt/riscv/riscv_multilib/lib/gcc/riscv32-unknown-elf/8.3.0/../../../../riscv32-unknown-elf/lib/rv32im/ilp32/libc.a(lib_a-s_frexp.o)
 .bss           0x0000000000045908        0x0 /opt/riscv/riscv_multilib/lib/gcc/riscv32-unknown-elf/8.3.0/../../../../riscv32-unknown-elf/lib/rv32im/ilp32/libc.a(lib_a-sprintf.o)
 .bss           0x0000000000045908        0x0 /opt/riscv/riscv_multilib/lib/gcc/riscv32-unknown-elf/8.3.0/../../../../riscv32-unknown-elf/lib/rv32im/ilp32/libc.a(lib_a-strcpy.o)
 .bss           0x0000000000045908        0x0 /opt/riscv/riscv_multilib/lib/gcc/riscv32-unknown-elf/8.3.0/../../../../riscv32-unknown-elf/lib/rv32im/ilp32/libc.a(lib_a-strncpy.o)
 .bss           0x0000000000045908        0x0 /opt/riscv/riscv_multilib/lib/gcc/riscv32-unknown-elf/8.3.0/../../../../riscv32-unknown-elf/lib/rv32im/ilp32/libc.a(lib_a-svfprintf.o)
 .bss           0x0000000000045908        0x0 /opt/riscv/riscv_multilib/lib/gcc/riscv32-unknown-elf/8.3.0/../../../../riscv32-unknown-elf/lib/rv32im/ilp32/libc.a(lib_a-vfiprintf.o)
 .bss           0x0000000000045908        0x0 /opt/riscv/riscv_multilib/lib/gcc/riscv32-unknown-elf/8.3.0/../../../../riscv32-unknown-elf/lib/rv32im/ilp32/libc.a(lib_a-__atexit.o)
 .bss           0x0000000000045908        0x0 /opt/riscv/riscv_multilib/lib/gcc/riscv32-unknown-elf/8.3.0/../../../../riscv32-unknown-elf/lib/rv32im/ilp32/libc.a(lib_a-callocr.o)
 .bss           0x0000000000045908        0x0 /opt/riscv/riscv_multilib/lib/gcc/riscv32-unknown-elf/8.3.0/../../../../riscv32-unknown-elf/lib/rv32im/ilp32/libc.a(lib_a-fputwc.o)
 .bss           0x0000000000045908        0x0 /opt/riscv/riscv_multilib/lib/gcc/riscv32-unknown-elf/8.3.0/../../../../riscv32-unknown-elf/lib/rv32im/ilp32/libc.a(lib_a-locale.o)
 .bss           0x0000000000045908        0x0 /opt/riscv/riscv_multilib/lib/gcc/riscv32-unknown-elf/8.3.0/../../../../riscv32-unknown-elf/lib/rv32im/ilp32/libc.a(lib_a-mbtowc_r.o)
 .bss           0x0000000000045908        0x0 /opt/riscv/riscv_multilib/lib/gcc/riscv32-unknown-elf/8.3.0/../../../../riscv32-unknown-elf/lib/rv32im/ilp32/libc.a(lib_a-strcmp.o)
 .bss           0x0000000000045908        0x0 /opt/riscv/riscv_multilib/lib/gcc/riscv32-unknown-elf/8.3.0/../../../../riscv32-unknown-elf/lib/rv32im/ilp32/libc.a(lib_a-svfiprintf.o)
 .bss           0x0000000000045908        0x0 /opt/riscv/riscv_multilib/lib/gcc/riscv32-unknown-elf/8.3.0/../../../../riscv32-unknown-elf/lib/rv32im/ilp32/libc.a(lib_a-wbuf.o)
 .bss           0x0000000000045908        0x0 /opt/riscv/riscv_multilib/lib/gcc/riscv32-unknown-elf/8.3.0/../../../../riscv32-unknown-elf/lib/rv32im/ilp32/libc.a(lib_a-wcrtomb.o)
 .bss           0x0000000000045908        0x0 /opt/riscv/riscv_multilib/lib/gcc/riscv32-unknown-elf/8.3.0/../../../../riscv32-unknown-elf/lib/rv32im/ilp32/libc.a(lib_a-wctomb_r.o)
 .bss           0x0000000000045908        0x0 /opt/riscv/riscv_multilib/lib/gcc/riscv32-unknown-elf/8.3.0/../../../../riscv32-unknown-elf/lib/rv32im/ilp32/libc.a(lib_a-ctype_.o)
 .bss           0x0000000000045908        0x0 /opt/riscv/riscv_multilib/lib/gcc/riscv32-unknown-elf/8.3.0/../../../../riscv32-unknown-elf/lib/rv32im/ilp32/libgloss.a(sys_close.o)
 .bss           0x0000000000045908        0x0 /opt/riscv/riscv_multilib/lib/gcc/riscv32-unknown-elf/8.3.0/../../../../riscv32-unknown-elf/lib/rv32im/ilp32/libgloss.a(sys_exit.o)
 .bss           0x0000000000045908        0x0 /opt/riscv/riscv_multilib/lib/gcc/riscv32-unknown-elf/8.3.0/../../../../riscv32-unknown-elf/lib/rv32im/ilp32/libgloss.a(sys_fstat.o)
 .bss           0x0000000000045908        0x0 /opt/riscv/riscv_multilib/lib/gcc/riscv32-unknown-elf/8.3.0/../../../../riscv32-unknown-elf/lib/rv32im/ilp32/libgloss.a(sys_isatty.o)
 .bss           0x0000000000045908        0x0 /opt/riscv/riscv_multilib/lib/gcc/riscv32-unknown-elf/8.3.0/../../../../riscv32-unknown-elf/lib/rv32im/ilp32/libgloss.a(sys_lseek.o)
 .bss           0x0000000000045908        0x0 /opt/riscv/riscv_multilib/lib/gcc/riscv32-unknown-elf/8.3.0/../../../../riscv32-unknown-elf/lib/rv32im/ilp32/libgloss.a(sys_open.o)
 .bss           0x0000000000045908        0x0 /opt/riscv/riscv_multilib/lib/gcc/riscv32-unknown-elf/8.3.0/../../../../riscv32-unknown-elf/lib/rv32im/ilp32/libgloss.a(sys_read.o)
 .bss           0x0000000000045908        0x0 /opt/riscv/riscv_multilib/lib/gcc/riscv32-unknown-elf/8.3.0/../../../../riscv32-unknown-elf/lib/rv32im/ilp32/libgloss.a(sys_sbrk.o)
 .bss           0x0000000000045908        0x0 /opt/riscv/riscv_multilib/lib/gcc/riscv32-unknown-elf/8.3.0/../../../../riscv32-unknown-elf/lib/rv32im/ilp32/libgloss.a(sys_write.o)
 .bss           0x0000000000045908        0x0 /opt/riscv/riscv_multilib/lib/gcc/riscv32-unknown-elf/8.3.0/../../../../riscv32-unknown-elf/lib/rv32im/ilp32/libgloss.a(sys_conv_stat.o)
 .bss           0x0000000000045908        0x0 /opt/riscv/riscv_multilib/lib/gcc/riscv32-unknown-elf/8.3.0/../../../../riscv32-unknown-elf/lib/rv32im/ilp32/libc.a(lib_a-errno.o)
 .bss           0x0000000000045908        0x0 /opt/riscv/riscv_multilib/lib/gcc/riscv32-unknown-elf/8.3.0/rv32im/ilp32/libgcc.a(_udivdi3.o)
 .bss           0x0000000000045908        0x0 /opt/riscv/riscv_multilib/lib/gcc/riscv32-unknown-elf/8.3.0/rv32im/ilp32/libgcc.a(_umoddi3.o)
 .bss           0x0000000000045908        0x0 /opt/riscv/riscv_multilib/lib/gcc/riscv32-unknown-elf/8.3.0/rv32im/ilp32/libgcc.a(divdf3.o)
 .bss           0x0000000000045908        0x0 /opt/riscv/riscv_multilib/lib/gcc/riscv32-unknown-elf/8.3.0/rv32im/ilp32/libgcc.a(muldf3.o)
 .bss           0x0000000000045908        0x0 /opt/riscv/riscv_multilib/lib/gcc/riscv32-unknown-elf/8.3.0/rv32im/ilp32/libgcc.a(eqtf2.o)
 .bss           0x0000000000045908        0x0 /opt/riscv/riscv_multilib/lib/gcc/riscv32-unknown-elf/8.3.0/rv32im/ilp32/libgcc.a(getf2.o)
 .bss           0x0000000000045908        0x0 /opt/riscv/riscv_multilib/lib/gcc/riscv32-unknown-elf/8.3.0/rv32im/ilp32/libgcc.a(letf2.o)
 .bss           0x0000000000045908        0x0 /opt/riscv/riscv_multilib/lib/gcc/riscv32-unknown-elf/8.3.0/rv32im/ilp32/libgcc.a(multf3.o)
 .bss           0x0000000000045908        0x0 /opt/riscv/riscv_multilib/lib/gcc/riscv32-unknown-elf/8.3.0/rv32im/ilp32/libgcc.a(subtf3.o)
 .bss           0x0000000000045908        0x0 /opt/riscv/riscv_multilib/lib/gcc/riscv32-unknown-elf/8.3.0/rv32im/ilp32/libgcc.a(fixtfsi.o)
 .bss           0x0000000000045908        0x0 /opt/riscv/riscv_multilib/lib/gcc/riscv32-unknown-elf/8.3.0/rv32im/ilp32/libgcc.a(floatsitf.o)
 .bss           0x0000000000045908        0x0 /opt/riscv/riscv_multilib/lib/gcc/riscv32-unknown-elf/8.3.0/rv32im/ilp32/libgcc.a(extenddftf2.o)
 .bss           0x0000000000045908        0x0 /opt/riscv/riscv_multilib/lib/gcc/riscv32-unknown-elf/8.3.0/rv32im/ilp32/libgcc.a(trunctfdf2.o)
 .bss           0x0000000000045908        0x0 /opt/riscv/riscv_multilib/lib/gcc/riscv32-unknown-elf/8.3.0/rv32im/ilp32/libgcc.a(_clz.o)
 .bss           0x0000000000045908        0x0 /opt/riscv/riscv_multilib/lib/gcc/riscv32-unknown-elf/8.3.0/rv32im/ilp32/libgcc.a(_clzsi2.o)
 .bss           0x0000000000045908        0x0 /opt/riscv/riscv_multilib/lib/gcc/riscv32-unknown-elf/8.3.0/rv32im/ilp32/crtend.o
 *(COMMON)
 COMMON         0x0000000000045908   0x304010 ./obj/SPIKE_My_JPEG.o
                0x0000000000045908                total_len
                0x000000000004590c                tile_in
                0x000000000004990c                ENDWT
                0x0000000000049910                DONEDWT
                0x0000000000049914                image_dst_buf
                0x0000000000349914                len
 COMMON         0x0000000000349918        0x4 /opt/riscv/riscv_multilib/lib/gcc/riscv32-unknown-elf/8.3.0/../../../../riscv32-unknown-elf/lib/rv32im/ilp32/libc.a(lib_a-reent.o)
                0x0000000000349918                errno
                0x000000000034991c                . = ALIGN ((. != 0x0)?0x4:0x1)
                0x000000000034991c                . = ALIGN (0x4)
                0x000000000034991c                . = SEGMENT_START ("ldata-segment", .)
                0x000000000034991c                . = ALIGN (0x4)
                0x000000000034991c                __BSS_END__ = .
                0x000000000003e4e0                __global_pointer$ = MIN ((__SDATA_BEGIN__ + 0x800), MAX ((__DATA_BEGIN__ + 0x800), (__BSS_END__ - 0x800)))
                0x000000000034991c                _end = .
                [!provide]                        PROVIDE (end = .)
                0x000000000034991c                . = DATA_SEGMENT_END (.)

.stab
 *(.stab)

.stabstr
 *(.stabstr)

.stab.excl
 *(.stab.excl)

.stab.exclstr
 *(.stab.exclstr)

.stab.index
 *(.stab.index)

.stab.indexstr
 *(.stab.indexstr)

.comment        0x0000000000000000       0x11
 *(.comment)
 .comment       0x0000000000000000       0x11 /opt/riscv/riscv_multilib/lib/gcc/riscv32-unknown-elf/8.3.0/rv32im/ilp32/crtbegin.o
                                         0x12 (size before relaxing)
 .comment       0x0000000000000011       0x12 ./obj/SPIKE_My_JPEG.o
 .comment       0x0000000000000011       0x12 /opt/riscv/riscv_multilib/lib/gcc/riscv32-unknown-elf/8.3.0/../../../../riscv32-unknown-elf/lib/rv32im/ilp32/libc.a(lib_a-exit.o)
 .comment       0x0000000000000011       0x12 /opt/riscv/riscv_multilib/lib/gcc/riscv32-unknown-elf/8.3.0/../../../../riscv32-unknown-elf/lib/rv32im/ilp32/libc.a(lib_a-fclose.o)
 .comment       0x0000000000000011       0x12 /opt/riscv/riscv_multilib/lib/gcc/riscv32-unknown-elf/8.3.0/../../../../riscv32-unknown-elf/lib/rv32im/ilp32/libc.a(lib_a-fflush.o)
 .comment       0x0000000000000011       0x12 /opt/riscv/riscv_multilib/lib/gcc/riscv32-unknown-elf/8.3.0/../../../../riscv32-unknown-elf/lib/rv32im/ilp32/libc.a(lib_a-findfp.o)
 .comment       0x0000000000000011       0x12 /opt/riscv/riscv_multilib/lib/gcc/riscv32-unknown-elf/8.3.0/../../../../riscv32-unknown-elf/lib/rv32im/ilp32/libc.a(lib_a-fopen.o)
 .comment       0x0000000000000011       0x12 /opt/riscv/riscv_multilib/lib/gcc/riscv32-unknown-elf/8.3.0/../../../../riscv32-unknown-elf/lib/rv32im/ilp32/libc.a(lib_a-freer.o)
 .comment       0x0000000000000011       0x12 /opt/riscv/riscv_multilib/lib/gcc/riscv32-unknown-elf/8.3.0/../../../../riscv32-unknown-elf/lib/rv32im/ilp32/libc.a(lib_a-fseek.o)
 .comment       0x0000000000000011       0x12 /opt/riscv/riscv_multilib/lib/gcc/riscv32-unknown-elf/8.3.0/../../../../riscv32-unknown-elf/lib/rv32im/ilp32/libc.a(lib_a-fseeko.o)
 .comment       0x0000000000000011       0x12 /opt/riscv/riscv_multilib/lib/gcc/riscv32-unknown-elf/8.3.0/../../../../riscv32-unknown-elf/lib/rv32im/ilp32/libc.a(lib_a-fstatr.o)
 .comment       0x0000000000000011       0x12 /opt/riscv/riscv_multilib/lib/gcc/riscv32-unknown-elf/8.3.0/../../../../riscv32-unknown-elf/lib/rv32im/ilp32/libc.a(lib_a-fwalk.o)
 .comment       0x0000000000000011       0x12 /opt/riscv/riscv_multilib/lib/gcc/riscv32-unknown-elf/8.3.0/../../../../riscv32-unknown-elf/lib/rv32im/ilp32/libc.a(lib_a-fwrite.o)
 .comment       0x0000000000000011       0x12 /opt/riscv/riscv_multilib/lib/gcc/riscv32-unknown-elf/8.3.0/../../../../riscv32-unknown-elf/lib/rv32im/ilp32/libc.a(lib_a-impure.o)
 .comment       0x0000000000000011       0x12 /opt/riscv/riscv_multilib/lib/gcc/riscv32-unknown-elf/8.3.0/../../../../riscv32-unknown-elf/lib/rv32im/ilp32/libc.a(lib_a-init.o)
 .comment       0x0000000000000011       0x12 /opt/riscv/riscv_multilib/lib/gcc/riscv32-unknown-elf/8.3.0/../../../../riscv32-unknown-elf/lib/rv32im/ilp32/libc.a(lib_a-makebuf.o)
 .comment       0x0000000000000011       0x12 /opt/riscv/riscv_multilib/lib/gcc/riscv32-unknown-elf/8.3.0/../../../../riscv32-unknown-elf/lib/rv32im/ilp32/libc.a(lib_a-mallocr.o)
 .comment       0x0000000000000011       0x12 /opt/riscv/riscv_multilib/lib/gcc/riscv32-unknown-elf/8.3.0/../../../../riscv32-unknown-elf/lib/rv32im/ilp32/libc.a(lib_a-mlock.o)
 .comment       0x0000000000000011       0x12 /opt/riscv/riscv_multilib/lib/gcc/riscv32-unknown-elf/8.3.0/../../../../riscv32-unknown-elf/lib/rv32im/ilp32/libc.a(lib_a-openr.o)
 .comment       0x0000000000000011       0x12 /opt/riscv/riscv_multilib/lib/gcc/riscv32-unknown-elf/8.3.0/../../../../riscv32-unknown-elf/lib/rv32im/ilp32/libc.a(lib_a-printf.o)
 .comment       0x0000000000000011       0x12 /opt/riscv/riscv_multilib/lib/gcc/riscv32-unknown-elf/8.3.0/../../../../riscv32-unknown-elf/lib/rv32im/ilp32/libc.a(lib_a-puts.o)
 .comment       0x0000000000000011       0x12 /opt/riscv/riscv_multilib/lib/gcc/riscv32-unknown-elf/8.3.0/../../../../riscv32-unknown-elf/lib/rv32im/ilp32/libc.a(lib_a-reent.o)
 .comment       0x0000000000000011       0x12 /opt/riscv/riscv_multilib/lib/gcc/riscv32-unknown-elf/8.3.0/../../../../riscv32-unknown-elf/lib/rv32im/ilp32/libc.a(lib_a-refill.o)
 .comment       0x0000000000000011       0x12 /opt/riscv/riscv_multilib/lib/gcc/riscv32-unknown-elf/8.3.0/../../../../riscv32-unknown-elf/lib/rv32im/ilp32/libc.a(lib_a-sbrkr.o)
 .comment       0x0000000000000011       0x12 /opt/riscv/riscv_multilib/lib/gcc/riscv32-unknown-elf/8.3.0/../../../../riscv32-unknown-elf/lib/rv32im/ilp32/libc.a(lib_a-stdio.o)
 .comment       0x0000000000000011       0x12 /opt/riscv/riscv_multilib/lib/gcc/riscv32-unknown-elf/8.3.0/../../../../riscv32-unknown-elf/lib/rv32im/ilp32/libc.a(lib_a-strlen.o)
 .comment       0x0000000000000011       0x12 /opt/riscv/riscv_multilib/lib/gcc/riscv32-unknown-elf/8.3.0/../../../../riscv32-unknown-elf/lib/rv32im/ilp32/libc.a(lib_a-vfprintf.o)
 .comment       0x0000000000000011       0x12 /opt/riscv/riscv_multilib/lib/gcc/riscv32-unknown-elf/8.3.0/../../../../riscv32-unknown-elf/lib/rv32im/ilp32/libc.a(lib_a-writer.o)
 .comment       0x0000000000000011       0x12 /opt/riscv/riscv_multilib/lib/gcc/riscv32-unknown-elf/8.3.0/../../../../riscv32-unknown-elf/lib/rv32im/ilp32/libc.a(lib_a-wsetup.o)
 .comment       0x0000000000000011       0x12 /opt/riscv/riscv_multilib/lib/gcc/riscv32-unknown-elf/8.3.0/../../../../riscv32-unknown-elf/lib/rv32im/ilp32/libc.a(lib_a-__call_atexit.o)
 .comment       0x0000000000000011       0x12 /opt/riscv/riscv_multilib/lib/gcc/riscv32-unknown-elf/8.3.0/../../../../riscv32-unknown-elf/lib/rv32im/ilp32/libc.a(lib_a-atexit.o)
 .comment       0x0000000000000011       0x12 /opt/riscv/riscv_multilib/lib/gcc/riscv32-unknown-elf/8.3.0/../../../../riscv32-unknown-elf/lib/rv32im/ilp32/libc.a(lib_a-closer.o)
 .comment       0x0000000000000011       0x12 /opt/riscv/riscv_multilib/lib/gcc/riscv32-unknown-elf/8.3.0/../../../../riscv32-unknown-elf/lib/rv32im/ilp32/libc.a(lib_a-fini.o)
 .comment       0x0000000000000011       0x12 /opt/riscv/riscv_multilib/lib/gcc/riscv32-unknown-elf/8.3.0/../../../../riscv32-unknown-elf/lib/rv32im/ilp32/libc.a(lib_a-flags.o)
 .comment       0x0000000000000011       0x12 /opt/riscv/riscv_multilib/lib/gcc/riscv32-unknown-elf/8.3.0/../../../../riscv32-unknown-elf/lib/rv32im/ilp32/libc.a(lib_a-fvwrite.o)
 .comment       0x0000000000000011       0x12 /opt/riscv/riscv_multilib/lib/gcc/riscv32-unknown-elf/8.3.0/../../../../riscv32-unknown-elf/lib/rv32im/ilp32/libc.a(lib_a-isattyr.o)
 .comment       0x0000000000000011       0x12 /opt/riscv/riscv_multilib/lib/gcc/riscv32-unknown-elf/8.3.0/../../../../riscv32-unknown-elf/lib/rv32im/ilp32/libc.a(lib_a-ldtoa.o)
 .comment       0x0000000000000011       0x12 /opt/riscv/riscv_multilib/lib/gcc/riscv32-unknown-elf/8.3.0/../../../../riscv32-unknown-elf/lib/rv32im/ilp32/libc.a(lib_a-localeconv.o)
 .comment       0x0000000000000011       0x12 /opt/riscv/riscv_multilib/lib/gcc/riscv32-unknown-elf/8.3.0/../../../../riscv32-unknown-elf/lib/rv32im/ilp32/libc.a(lib_a-lseekr.o)
 .comment       0x0000000000000011       0x12 /opt/riscv/riscv_multilib/lib/gcc/riscv32-unknown-elf/8.3.0/../../../../riscv32-unknown-elf/lib/rv32im/ilp32/libc.a(lib_a-memchr.o)
 .comment       0x0000000000000011       0x12 /opt/riscv/riscv_multilib/lib/gcc/riscv32-unknown-elf/8.3.0/../../../../riscv32-unknown-elf/lib/rv32im/ilp32/libc.a(lib_a-memcpy.o)
 .comment       0x0000000000000011       0x12 /opt/riscv/riscv_multilib/lib/gcc/riscv32-unknown-elf/8.3.0/../../../../riscv32-unknown-elf/lib/rv32im/ilp32/libc.a(lib_a-memmove-stub.o)
 .comment       0x0000000000000011       0x12 /opt/riscv/riscv_multilib/lib/gcc/riscv32-unknown-elf/8.3.0/../../../../riscv32-unknown-elf/lib/rv32im/ilp32/libc.a(lib_a-mprec.o)
 .comment       0x0000000000000011       0x12 /opt/riscv/riscv_multilib/lib/gcc/riscv32-unknown-elf/8.3.0/../../../../riscv32-unknown-elf/lib/rv32im/ilp32/libc.a(lib_a-readr.o)
 .comment       0x0000000000000011       0x12 /opt/riscv/riscv_multilib/lib/gcc/riscv32-unknown-elf/8.3.0/../../../../riscv32-unknown-elf/lib/rv32im/ilp32/libc.a(lib_a-reallocr.o)
 .comment       0x0000000000000011       0x12 /opt/riscv/riscv_multilib/lib/gcc/riscv32-unknown-elf/8.3.0/../../../../riscv32-unknown-elf/lib/rv32im/ilp32/libc.a(lib_a-s_frexp.o)
 .comment       0x0000000000000011       0x12 /opt/riscv/riscv_multilib/lib/gcc/riscv32-unknown-elf/8.3.0/../../../../riscv32-unknown-elf/lib/rv32im/ilp32/libc.a(lib_a-sprintf.o)
 .comment       0x0000000000000011       0x12 /opt/riscv/riscv_multilib/lib/gcc/riscv32-unknown-elf/8.3.0/../../../../riscv32-unknown-elf/lib/rv32im/ilp32/libc.a(lib_a-strcpy.o)
 .comment       0x0000000000000011       0x12 /opt/riscv/riscv_multilib/lib/gcc/riscv32-unknown-elf/8.3.0/../../../../riscv32-unknown-elf/lib/rv32im/ilp32/libc.a(lib_a-strncpy.o)
 .comment       0x0000000000000011       0x12 /opt/riscv/riscv_multilib/lib/gcc/riscv32-unknown-elf/8.3.0/../../../../riscv32-unknown-elf/lib/rv32im/ilp32/libc.a(lib_a-svfprintf.o)
 .comment       0x0000000000000011       0x12 /opt/riscv/riscv_multilib/lib/gcc/riscv32-unknown-elf/8.3.0/../../../../riscv32-unknown-elf/lib/rv32im/ilp32/libc.a(lib_a-vfiprintf.o)
 .comment       0x0000000000000011       0x12 /opt/riscv/riscv_multilib/lib/gcc/riscv32-unknown-elf/8.3.0/../../../../riscv32-unknown-elf/lib/rv32im/ilp32/libc.a(lib_a-__atexit.o)
 .comment       0x0000000000000011       0x12 /opt/riscv/riscv_multilib/lib/gcc/riscv32-unknown-elf/8.3.0/../../../../riscv32-unknown-elf/lib/rv32im/ilp32/libc.a(lib_a-callocr.o)
 .comment       0x0000000000000011       0x12 /opt/riscv/riscv_multilib/lib/gcc/riscv32-unknown-elf/8.3.0/../../../../riscv32-unknown-elf/lib/rv32im/ilp32/libc.a(lib_a-fputwc.o)
 .comment       0x0000000000000011       0x12 /opt/riscv/riscv_multilib/lib/gcc/riscv32-unknown-elf/8.3.0/../../../../riscv32-unknown-elf/lib/rv32im/ilp32/libc.a(lib_a-locale.o)
 .comment       0x0000000000000011       0x12 /opt/riscv/riscv_multilib/lib/gcc/riscv32-unknown-elf/8.3.0/../../../../riscv32-unknown-elf/lib/rv32im/ilp32/libc.a(lib_a-mbtowc_r.o)
 .comment       0x0000000000000011       0x12 /opt/riscv/riscv_multilib/lib/gcc/riscv32-unknown-elf/8.3.0/../../../../riscv32-unknown-elf/lib/rv32im/ilp32/libc.a(lib_a-svfiprintf.o)
 .comment       0x0000000000000011       0x12 /opt/riscv/riscv_multilib/lib/gcc/riscv32-unknown-elf/8.3.0/../../../../riscv32-unknown-elf/lib/rv32im/ilp32/libc.a(lib_a-wbuf.o)
 .comment       0x0000000000000011       0x12 /opt/riscv/riscv_multilib/lib/gcc/riscv32-unknown-elf/8.3.0/../../../../riscv32-unknown-elf/lib/rv32im/ilp32/libc.a(lib_a-wcrtomb.o)
 .comment       0x0000000000000011       0x12 /opt/riscv/riscv_multilib/lib/gcc/riscv32-unknown-elf/8.3.0/../../../../riscv32-unknown-elf/lib/rv32im/ilp32/libc.a(lib_a-wctomb_r.o)
 .comment       0x0000000000000011       0x12 /opt/riscv/riscv_multilib/lib/gcc/riscv32-unknown-elf/8.3.0/../../../../riscv32-unknown-elf/lib/rv32im/ilp32/libc.a(lib_a-ctype_.o)
 .comment       0x0000000000000011       0x12 /opt/riscv/riscv_multilib/lib/gcc/riscv32-unknown-elf/8.3.0/../../../../riscv32-unknown-elf/lib/rv32im/ilp32/libgloss.a(sys_close.o)
 .comment       0x0000000000000011       0x12 /opt/riscv/riscv_multilib/lib/gcc/riscv32-unknown-elf/8.3.0/../../../../riscv32-unknown-elf/lib/rv32im/ilp32/libgloss.a(sys_exit.o)
 .comment       0x0000000000000011       0x12 /opt/riscv/riscv_multilib/lib/gcc/riscv32-unknown-elf/8.3.0/../../../../riscv32-unknown-elf/lib/rv32im/ilp32/libgloss.a(sys_fstat.o)
 .comment       0x0000000000000011       0x12 /opt/riscv/riscv_multilib/lib/gcc/riscv32-unknown-elf/8.3.0/../../../../riscv32-unknown-elf/lib/rv32im/ilp32/libgloss.a(sys_isatty.o)
 .comment       0x0000000000000011       0x12 /opt/riscv/riscv_multilib/lib/gcc/riscv32-unknown-elf/8.3.0/../../../../riscv32-unknown-elf/lib/rv32im/ilp32/libgloss.a(sys_lseek.o)
 .comment       0x0000000000000011       0x12 /opt/riscv/riscv_multilib/lib/gcc/riscv32-unknown-elf/8.3.0/../../../../riscv32-unknown-elf/lib/rv32im/ilp32/libgloss.a(sys_open.o)
 .comment       0x0000000000000011       0x12 /opt/riscv/riscv_multilib/lib/gcc/riscv32-unknown-elf/8.3.0/../../../../riscv32-unknown-elf/lib/rv32im/ilp32/libgloss.a(sys_read.o)
 .comment       0x0000000000000011       0x12 /opt/riscv/riscv_multilib/lib/gcc/riscv32-unknown-elf/8.3.0/../../../../riscv32-unknown-elf/lib/rv32im/ilp32/libgloss.a(sys_sbrk.o)
 .comment       0x0000000000000011       0x12 /opt/riscv/riscv_multilib/lib/gcc/riscv32-unknown-elf/8.3.0/../../../../riscv32-unknown-elf/lib/rv32im/ilp32/libgloss.a(sys_write.o)
 .comment       0x0000000000000011       0x12 /opt/riscv/riscv_multilib/lib/gcc/riscv32-unknown-elf/8.3.0/../../../../riscv32-unknown-elf/lib/rv32im/ilp32/libgloss.a(sys_conv_stat.o)
 .comment       0x0000000000000011       0x12 /opt/riscv/riscv_multilib/lib/gcc/riscv32-unknown-elf/8.3.0/../../../../riscv32-unknown-elf/lib/rv32im/ilp32/libc.a(lib_a-errno.o)
 .comment       0x0000000000000011       0x12 /opt/riscv/riscv_multilib/lib/gcc/riscv32-unknown-elf/8.3.0/rv32im/ilp32/libgcc.a(_udivdi3.o)
 .comment       0x0000000000000011       0x12 /opt/riscv/riscv_multilib/lib/gcc/riscv32-unknown-elf/8.3.0/rv32im/ilp32/libgcc.a(_umoddi3.o)
 .comment       0x0000000000000011       0x12 /opt/riscv/riscv_multilib/lib/gcc/riscv32-unknown-elf/8.3.0/rv32im/ilp32/libgcc.a(divdf3.o)
 .comment       0x0000000000000011       0x12 /opt/riscv/riscv_multilib/lib/gcc/riscv32-unknown-elf/8.3.0/rv32im/ilp32/libgcc.a(muldf3.o)
 .comment       0x0000000000000011       0x12 /opt/riscv/riscv_multilib/lib/gcc/riscv32-unknown-elf/8.3.0/rv32im/ilp32/libgcc.a(eqtf2.o)
 .comment       0x0000000000000011       0x12 /opt/riscv/riscv_multilib/lib/gcc/riscv32-unknown-elf/8.3.0/rv32im/ilp32/libgcc.a(getf2.o)
 .comment       0x0000000000000011       0x12 /opt/riscv/riscv_multilib/lib/gcc/riscv32-unknown-elf/8.3.0/rv32im/ilp32/libgcc.a(letf2.o)
 .comment       0x0000000000000011       0x12 /opt/riscv/riscv_multilib/lib/gcc/riscv32-unknown-elf/8.3.0/rv32im/ilp32/libgcc.a(multf3.o)
 .comment       0x0000000000000011       0x12 /opt/riscv/riscv_multilib/lib/gcc/riscv32-unknown-elf/8.3.0/rv32im/ilp32/libgcc.a(subtf3.o)
 .comment       0x0000000000000011       0x12 /opt/riscv/riscv_multilib/lib/gcc/riscv32-unknown-elf/8.3.0/rv32im/ilp32/libgcc.a(fixtfsi.o)
 .comment       0x0000000000000011       0x12 /opt/riscv/riscv_multilib/lib/gcc/riscv32-unknown-elf/8.3.0/rv32im/ilp32/libgcc.a(floatsitf.o)
 .comment       0x0000000000000011       0x12 /opt/riscv/riscv_multilib/lib/gcc/riscv32-unknown-elf/8.3.0/rv32im/ilp32/libgcc.a(extenddftf2.o)
 .comment       0x0000000000000011       0x12 /opt/riscv/riscv_multilib/lib/gcc/riscv32-unknown-elf/8.3.0/rv32im/ilp32/libgcc.a(trunctfdf2.o)
 .comment       0x0000000000000011       0x12 /opt/riscv/riscv_multilib/lib/gcc/riscv32-unknown-elf/8.3.0/rv32im/ilp32/libgcc.a(_clz.o)
 .comment       0x0000000000000011       0x12 /opt/riscv/riscv_multilib/lib/gcc/riscv32-unknown-elf/8.3.0/rv32im/ilp32/libgcc.a(_clzsi2.o)
 .comment       0x0000000000000011       0x12 /opt/riscv/riscv_multilib/lib/gcc/riscv32-unknown-elf/8.3.0/rv32im/ilp32/crtend.o

.riscv.attributes
                0x0000000000000000       0x1f
 .riscv.attributes
                0x0000000000000000       0x1f /opt/riscv/riscv_multilib/lib/gcc/riscv32-unknown-elf/8.3.0/../../../../riscv32-unknown-elf/lib/rv32im/ilp32/crt0.o
 .riscv.attributes
                0x000000000000001f       0x1f /opt/riscv/riscv_multilib/lib/gcc/riscv32-unknown-elf/8.3.0/rv32im/ilp32/crtbegin.o
 .riscv.attributes
                0x000000000000003e       0x1f ./obj/SPIKE_My_JPEG.o
 .riscv.attributes
                0x000000000000005d       0x1f /opt/riscv/riscv_multilib/lib/gcc/riscv32-unknown-elf/8.3.0/../../../../riscv32-unknown-elf/lib/rv32im/ilp32/libc.a(lib_a-exit.o)
 .riscv.attributes
                0x000000000000007c       0x1f /opt/riscv/riscv_multilib/lib/gcc/riscv32-unknown-elf/8.3.0/../../../../riscv32-unknown-elf/lib/rv32im/ilp32/libc.a(lib_a-fclose.o)
 .riscv.attributes
                0x000000000000009b       0x1f /opt/riscv/riscv_multilib/lib/gcc/riscv32-unknown-elf/8.3.0/../../../../riscv32-unknown-elf/lib/rv32im/ilp32/libc.a(lib_a-fflush.o)
 .riscv.attributes
                0x00000000000000ba       0x1f /opt/riscv/riscv_multilib/lib/gcc/riscv32-unknown-elf/8.3.0/../../../../riscv32-unknown-elf/lib/rv32im/ilp32/libc.a(lib_a-findfp.o)
 .riscv.attributes
                0x00000000000000d9       0x1f /opt/riscv/riscv_multilib/lib/gcc/riscv32-unknown-elf/8.3.0/../../../../riscv32-unknown-elf/lib/rv32im/ilp32/libc.a(lib_a-fopen.o)
 .riscv.attributes
                0x00000000000000f8       0x1f /opt/riscv/riscv_multilib/lib/gcc/riscv32-unknown-elf/8.3.0/../../../../riscv32-unknown-elf/lib/rv32im/ilp32/libc.a(lib_a-freer.o)
 .riscv.attributes
                0x0000000000000117       0x1f /opt/riscv/riscv_multilib/lib/gcc/riscv32-unknown-elf/8.3.0/../../../../riscv32-unknown-elf/lib/rv32im/ilp32/libc.a(lib_a-fseek.o)
 .riscv.attributes
                0x0000000000000136       0x1f /opt/riscv/riscv_multilib/lib/gcc/riscv32-unknown-elf/8.3.0/../../../../riscv32-unknown-elf/lib/rv32im/ilp32/libc.a(lib_a-fseeko.o)
 .riscv.attributes
                0x0000000000000155       0x1f /opt/riscv/riscv_multilib/lib/gcc/riscv32-unknown-elf/8.3.0/../../../../riscv32-unknown-elf/lib/rv32im/ilp32/libc.a(lib_a-fstatr.o)
 .riscv.attributes
                0x0000000000000174       0x1f /opt/riscv/riscv_multilib/lib/gcc/riscv32-unknown-elf/8.3.0/../../../../riscv32-unknown-elf/lib/rv32im/ilp32/libc.a(lib_a-fwalk.o)
 .riscv.attributes
                0x0000000000000193       0x1f /opt/riscv/riscv_multilib/lib/gcc/riscv32-unknown-elf/8.3.0/../../../../riscv32-unknown-elf/lib/rv32im/ilp32/libc.a(lib_a-fwrite.o)
 .riscv.attributes
                0x00000000000001b2       0x1f /opt/riscv/riscv_multilib/lib/gcc/riscv32-unknown-elf/8.3.0/../../../../riscv32-unknown-elf/lib/rv32im/ilp32/libc.a(lib_a-impure.o)
 .riscv.attributes
                0x00000000000001d1       0x1f /opt/riscv/riscv_multilib/lib/gcc/riscv32-unknown-elf/8.3.0/../../../../riscv32-unknown-elf/lib/rv32im/ilp32/libc.a(lib_a-init.o)
 .riscv.attributes
                0x00000000000001f0       0x1f /opt/riscv/riscv_multilib/lib/gcc/riscv32-unknown-elf/8.3.0/../../../../riscv32-unknown-elf/lib/rv32im/ilp32/libc.a(lib_a-makebuf.o)
 .riscv.attributes
                0x000000000000020f       0x1f /opt/riscv/riscv_multilib/lib/gcc/riscv32-unknown-elf/8.3.0/../../../../riscv32-unknown-elf/lib/rv32im/ilp32/libc.a(lib_a-mallocr.o)
 .riscv.attributes
                0x000000000000022e       0x1f /opt/riscv/riscv_multilib/lib/gcc/riscv32-unknown-elf/8.3.0/../../../../riscv32-unknown-elf/lib/rv32im/ilp32/libc.a(lib_a-memset.o)
 .riscv.attributes
                0x000000000000024d       0x1f /opt/riscv/riscv_multilib/lib/gcc/riscv32-unknown-elf/8.3.0/../../../../riscv32-unknown-elf/lib/rv32im/ilp32/libc.a(lib_a-mlock.o)
 .riscv.attributes
                0x000000000000026c       0x1f /opt/riscv/riscv_multilib/lib/gcc/riscv32-unknown-elf/8.3.0/../../../../riscv32-unknown-elf/lib/rv32im/ilp32/libc.a(lib_a-openr.o)
 .riscv.attributes
                0x000000000000028b       0x1f /opt/riscv/riscv_multilib/lib/gcc/riscv32-unknown-elf/8.3.0/../../../../riscv32-unknown-elf/lib/rv32im/ilp32/libc.a(lib_a-printf.o)
 .riscv.attributes
                0x00000000000002aa       0x1f /opt/riscv/riscv_multilib/lib/gcc/riscv32-unknown-elf/8.3.0/../../../../riscv32-unknown-elf/lib/rv32im/ilp32/libc.a(lib_a-puts.o)
 .riscv.attributes
                0x00000000000002c9       0x1f /opt/riscv/riscv_multilib/lib/gcc/riscv32-unknown-elf/8.3.0/../../../../riscv32-unknown-elf/lib/rv32im/ilp32/libc.a(lib_a-reent.o)
 .riscv.attributes
                0x00000000000002e8       0x1f /opt/riscv/riscv_multilib/lib/gcc/riscv32-unknown-elf/8.3.0/../../../../riscv32-unknown-elf/lib/rv32im/ilp32/libc.a(lib_a-refill.o)
 .riscv.attributes
                0x0000000000000307       0x1f /opt/riscv/riscv_multilib/lib/gcc/riscv32-unknown-elf/8.3.0/../../../../riscv32-unknown-elf/lib/rv32im/ilp32/libc.a(lib_a-sbrkr.o)
 .riscv.attributes
                0x0000000000000326       0x1f /opt/riscv/riscv_multilib/lib/gcc/riscv32-unknown-elf/8.3.0/../../../../riscv32-unknown-elf/lib/rv32im/ilp32/libc.a(lib_a-stdio.o)
 .riscv.attributes
                0x0000000000000345       0x1f /opt/riscv/riscv_multilib/lib/gcc/riscv32-unknown-elf/8.3.0/../../../../riscv32-unknown-elf/lib/rv32im/ilp32/libc.a(lib_a-strlen.o)
 .riscv.attributes
                0x0000000000000364       0x1f /opt/riscv/riscv_multilib/lib/gcc/riscv32-unknown-elf/8.3.0/../../../../riscv32-unknown-elf/lib/rv32im/ilp32/libc.a(lib_a-vfprintf.o)
 .riscv.attributes